[2020-04-09T23:12:09.003+0000][gc,heap] Heap region size: 1M
[2020-04-09T23:12:09.016+0000][gc     ] Using G1
[2020-04-09T23:12:09.016+0000][gc,heap,coops] Heap address: 0x00000000c0000000, size: 1024 MB, Compressed Oops mode: 32-bit
[2020-04-09T23:12:11.538+0000][gc,start     ] GC(0) Pause Young (Concurrent Start) (Metadata GC Threshold)
[2020-04-09T23:12:11.538+0000][gc,task      ] GC(0) Using 1 workers of 1 for evacuation
[2020-04-09T23:12:11.586+0000][gc,mmu       ] GC(0) MMU target violated: 21.0ms (20.0ms/21.0ms)
[2020-04-09T23:12:11.586+0000][gc,phases    ] GC(0)   Pre Evacuate Collection Set: 0.1ms
[2020-04-09T23:12:11.586+0000][gc,phases    ] GC(0)   Evacuate Collection Set: 46.7ms
[2020-04-09T23:12:11.586+0000][gc,phases    ] GC(0)   Post Evacuate Collection Set: 0.6ms
[2020-04-09T23:12:11.586+0000][gc,phases    ] GC(0)   Other: 0.6ms
[2020-04-09T23:12:11.586+0000][gc,heap      ] GC(0) Eden regions: 39->0(44)
[2020-04-09T23:12:11.586+0000][gc,heap      ] GC(0) Survivor regions: 0->7(7)
[2020-04-09T23:12:11.586+0000][gc,heap      ] GC(0) Old regions: 0->0
[2020-04-09T23:12:11.586+0000][gc,heap      ] GC(0) Humongous regions: 0->0
[2020-04-09T23:12:11.586+0000][gc,metaspace ] GC(0) Metaspace: 20766K->20766K(1069056K)
[2020-04-09T23:12:11.586+0000][gc           ] GC(0) Pause Young (Concurrent Start) (Metadata GC Threshold) 38M->6M(1024M) 47.995ms
[2020-04-09T23:12:11.586+0000][gc,cpu       ] GC(0) User=0.03s Sys=0.02s Real=0.05s
[2020-04-09T23:12:11.586+0000][gc           ] GC(1) Concurrent Cycle
[2020-04-09T23:12:11.586+0000][gc,marking   ] GC(1) Concurrent Clear Claimed Marks
[2020-04-09T23:12:11.586+0000][gc,marking   ] GC(1) Concurrent Clear Claimed Marks 0.041ms
[2020-04-09T23:12:11.586+0000][gc,marking   ] GC(1) Concurrent Scan Root Regions
[2020-04-09T23:12:11.590+0000][gc,marking   ] GC(1) Concurrent Scan Root Regions 4.111ms
[2020-04-09T23:12:11.590+0000][gc,marking   ] GC(1) Concurrent Mark (2.591s)
[2020-04-09T23:12:11.590+0000][gc,marking   ] GC(1) Concurrent Mark From Roots
[2020-04-09T23:12:11.590+0000][gc,task      ] GC(1) Using 1 workers of 1 for marking
[2020-04-09T23:12:11.605+0000][gc,marking   ] GC(1) Concurrent Mark From Roots 15.312ms
[2020-04-09T23:12:11.606+0000][gc,marking   ] GC(1) Concurrent Preclean
[2020-04-09T23:12:11.606+0000][gc,marking   ] GC(1) Concurrent Preclean 0.043ms
[2020-04-09T23:12:11.606+0000][gc,marking   ] GC(1) Concurrent Mark (2.591s, 2.606s) 15.410ms
[2020-04-09T23:12:11.608+0000][gc,start     ] GC(1) Pause Remark
[2020-04-09T23:12:11.613+0000][gc,stringtable] GC(1) Cleaned string and symbol table, strings: 7439 processed, 0 removed, symbols: 63724 processed, 40 removed
[2020-04-09T23:12:11.613+0000][gc            ] GC(1) Pause Remark 7M->7M(1024M) 5.280ms
[2020-04-09T23:12:11.613+0000][gc,cpu        ] GC(1) User=0.00s Sys=0.00s Real=0.00s
[2020-04-09T23:12:11.613+0000][gc,marking    ] GC(1) Concurrent Rebuild Remembered Sets
[2020-04-09T23:12:11.613+0000][gc,marking    ] GC(1) Concurrent Rebuild Remembered Sets 0.135ms
[2020-04-09T23:12:11.613+0000][gc,start      ] GC(1) Pause Cleanup
[2020-04-09T23:12:11.613+0000][gc            ] GC(1) Pause Cleanup 7M->7M(1024M) 0.126ms
[2020-04-09T23:12:11.613+0000][gc,cpu        ] GC(1) User=0.00s Sys=0.00s Real=0.00s
[2020-04-09T23:12:11.613+0000][gc,marking    ] GC(1) Concurrent Cleanup for Next Mark
[2020-04-09T23:12:11.825+0000][gc,marking    ] GC(1) Concurrent Cleanup for Next Mark 211.828ms
[2020-04-09T23:12:11.825+0000][gc            ] GC(1) Concurrent Cycle 239.264ms
[2020-04-09T23:12:13.771+0000][gc,start      ] GC(2) Pause Young (Normal) (G1 Evacuation Pause)
[2020-04-09T23:12:13.771+0000][gc,task       ] GC(2) Using 1 workers of 1 for evacuation
[2020-04-09T23:12:13.829+0000][gc,mmu        ] GC(2) MMU target violated: 21.0ms (20.0ms/21.0ms)
[2020-04-09T23:12:13.829+0000][gc,phases     ] GC(2)   Pre Evacuate Collection Set: 0.1ms
[2020-04-09T23:12:13.829+0000][gc,phases     ] GC(2)   Evacuate Collection Set: 57.1ms
[2020-04-09T23:12:13.829+0000][gc,phases     ] GC(2)   Post Evacuate Collection Set: 0.7ms
[2020-04-09T23:12:13.829+0000][gc,phases     ] GC(2)   Other: 0.3ms
[2020-04-09T23:12:13.829+0000][gc,heap       ] GC(2) Eden regions: 44->0(49)
[2020-04-09T23:12:13.829+0000][gc,heap       ] GC(2) Survivor regions: 7->2(7)
[2020-04-09T23:12:13.829+0000][gc,heap       ] GC(2) Old regions: 0->7
[2020-04-09T23:12:13.829+0000][gc,heap       ] GC(2) Humongous regions: 0->0
[2020-04-09T23:12:13.829+0000][gc,metaspace  ] GC(2) Metaspace: 29686K->29686K(1075200K)
[2020-04-09T23:12:13.829+0000][gc            ] GC(2) Pause Young (Normal) (G1 Evacuation Pause) 50M->8M(1024M) 58.198ms
[2020-04-09T23:12:13.829+0000][gc,cpu        ] GC(2) User=0.01s Sys=0.05s Real=0.06s
[2020-04-09T23:12:15.208+0000][gc,start      ] GC(3) Pause Young (Concurrent Start) (Metadata GC Threshold)
[2020-04-09T23:12:15.208+0000][gc,task       ] GC(3) Using 1 workers of 1 for evacuation
[2020-04-09T23:12:15.230+0000][gc,mmu        ] GC(3) MMU target violated: 21.0ms (20.0ms/21.0ms)
[2020-04-09T23:12:15.230+0000][gc,phases     ] GC(3)   Pre Evacuate Collection Set: 0.1ms
[2020-04-09T23:12:15.230+0000][gc,phases     ] GC(3)   Evacuate Collection Set: 21.3ms
[2020-04-09T23:12:15.230+0000][gc,phases     ] GC(3)   Post Evacuate Collection Set: 0.4ms
[2020-04-09T23:12:15.230+0000][gc,phases     ] GC(3)   Other: 0.3ms
[2020-04-09T23:12:15.230+0000][gc,heap       ] GC(3) Eden regions: 28->0(47)
[2020-04-09T23:12:15.230+0000][gc,heap       ] GC(3) Survivor regions: 2->4(7)
[2020-04-09T23:12:15.230+0000][gc,heap       ] GC(3) Old regions: 7->7
[2020-04-09T23:12:15.230+0000][gc,heap       ] GC(3) Humongous regions: 129->129
[2020-04-09T23:12:15.230+0000][gc,metaspace  ] GC(3) Metaspace: 34465K->34465K(1081344K)
[2020-04-09T23:12:15.230+0000][gc            ] GC(3) Pause Young (Concurrent Start) (Metadata GC Threshold) 165M->139M(1024M) 22.176ms
[2020-04-09T23:12:15.230+0000][gc,cpu        ] GC(3) User=0.02s Sys=0.00s Real=0.02s
[2020-04-09T23:12:15.230+0000][gc            ] GC(4) Concurrent Cycle
[2020-04-09T23:12:15.230+0000][gc,marking    ] GC(4) Concurrent Clear Claimed Marks
[2020-04-09T23:12:15.231+0000][gc,marking    ] GC(4) Concurrent Clear Claimed Marks 0.111ms
[2020-04-09T23:12:15.231+0000][gc,marking    ] GC(4) Concurrent Scan Root Regions
[2020-04-09T23:12:15.234+0000][gc,marking    ] GC(4) Concurrent Scan Root Regions 3.851ms
[2020-04-09T23:12:15.234+0000][gc,marking    ] GC(4) Concurrent Mark (6.235s)
[2020-04-09T23:12:15.234+0000][gc,marking    ] GC(4) Concurrent Mark From Roots
[2020-04-09T23:12:15.234+0000][gc,task       ] GC(4) Using 1 workers of 1 for marking
[2020-04-09T23:12:15.274+0000][gc,marking    ] GC(4) Concurrent Mark From Roots 39.137ms
[2020-04-09T23:12:15.274+0000][gc,marking    ] GC(4) Concurrent Preclean
[2020-04-09T23:12:15.274+0000][gc,marking    ] GC(4) Concurrent Preclean 0.089ms
[2020-04-09T23:12:15.274+0000][gc,marking    ] GC(4) Concurrent Mark (6.235s, 6.274s) 39.278ms
[2020-04-09T23:12:15.281+0000][gc,start      ] GC(4) Pause Remark
[2020-04-09T23:12:15.299+0000][gc,stringtable] GC(4) Cleaned string and symbol table, strings: 11644 processed, 8 removed, symbols: 95130 processed, 24 removed
[2020-04-09T23:12:15.299+0000][gc            ] GC(4) Pause Remark 141M->141M(1024M) 17.783ms
[2020-04-09T23:12:15.299+0000][gc,cpu        ] GC(4) User=0.01s Sys=0.00s Real=0.02s
[2020-04-09T23:12:15.302+0000][gc,marking    ] GC(4) Concurrent Rebuild Remembered Sets
[2020-04-09T23:12:15.313+0000][gc,marking    ] GC(4) Concurrent Rebuild Remembered Sets 11.038ms
[2020-04-09T23:12:15.316+0000][gc,start      ] GC(4) Pause Cleanup
[2020-04-09T23:12:15.316+0000][gc            ] GC(4) Pause Cleanup 141M->141M(1024M) 0.258ms
[2020-04-09T23:12:15.316+0000][gc,cpu        ] GC(4) User=0.00s Sys=0.00s Real=0.00s
[2020-04-09T23:12:15.316+0000][gc,marking    ] GC(4) Concurrent Cleanup for Next Mark
[2020-04-09T23:12:15.413+0000][gc,marking    ] GC(4) Concurrent Cleanup for Next Mark 96.688ms
[2020-04-09T23:12:15.413+0000][gc            ] GC(4) Concurrent Cycle 182.809ms
[2020-04-09T23:12:17.442+0000][gc,start      ] GC(5) Pause Young (Normal) (G1 Evacuation Pause)
[2020-04-09T23:12:17.442+0000][gc,task       ] GC(5) Using 1 workers of 1 for evacuation
[2020-04-09T23:12:17.476+0000][gc,mmu        ] GC(5) MMU target violated: 21.0ms (20.0ms/21.0ms)
[2020-04-09T23:12:17.476+0000][gc,phases     ] GC(5)   Pre Evacuate Collection Set: 0.1ms
[2020-04-09T23:12:17.476+0000][gc,phases     ] GC(5)   Evacuate Collection Set: 33.3ms
[2020-04-09T23:12:17.476+0000][gc,phases     ] GC(5)   Post Evacuate Collection Set: 0.5ms
[2020-04-09T23:12:17.476+0000][gc,phases     ] GC(5)   Other: 0.3ms
[2020-04-09T23:12:17.476+0000][gc,heap       ] GC(5) Eden regions: 47->0(45)
[2020-04-09T23:12:17.476+0000][gc,heap       ] GC(5) Survivor regions: 4->6(7)
[2020-04-09T23:12:17.476+0000][gc,heap       ] GC(5) Old regions: 7->8
[2020-04-09T23:12:17.476+0000][gc,heap       ] GC(5) Humongous regions: 135->135
[2020-04-09T23:12:17.476+0000][gc,metaspace  ] GC(5) Metaspace: 42879K->42879K(1087488K)
[2020-04-09T23:12:17.476+0000][gc            ] GC(5) Pause Young (Normal) (G1 Evacuation Pause) 192M->148M(1024M) 34.289ms
[2020-04-09T23:12:17.476+0000][gc,cpu        ] GC(5) User=0.02s Sys=0.02s Real=0.04s
[2020-04-09T23:25:47.307+0000][gc,start      ] GC(6) Pause Young (Normal) (G1 Evacuation Pause)
[2020-04-09T23:25:47.308+0000][gc,task       ] GC(6) Using 1 workers of 1 for evacuation
[2020-04-09T23:25:47.338+0000][gc,mmu        ] GC(6) MMU target violated: 21.0ms (20.0ms/21.0ms)
[2020-04-09T23:25:47.338+0000][gc,phases     ] GC(6)   Pre Evacuate Collection Set: 2.1ms
[2020-04-09T23:25:47.338+0000][gc,phases     ] GC(6)   Evacuate Collection Set: 27.2ms
[2020-04-09T23:25:47.338+0000][gc,phases     ] GC(6)   Post Evacuate Collection Set: 0.7ms
[2020-04-09T23:25:47.338+0000][gc,phases     ] GC(6)   Other: 0.7ms
[2020-04-09T23:25:47.338+0000][gc,heap       ] GC(6) Eden regions: 45->0(47)
[2020-04-09T23:25:47.338+0000][gc,heap       ] GC(6) Survivor regions: 6->4(7)
[2020-04-09T23:25:47.338+0000][gc,heap       ] GC(6) Old regions: 8->11
[2020-04-09T23:25:47.338+0000][gc,heap       ] GC(6) Humongous regions: 141->129
[2020-04-09T23:25:47.338+0000][gc,metaspace  ] GC(6) Metaspace: 45249K->45249K(1089536K)
[2020-04-09T23:25:47.338+0000][gc            ] GC(6) Pause Young (Normal) (G1 Evacuation Pause) 199M->142M(1024M) 30.632ms
[2020-04-09T23:25:47.338+0000][gc,cpu        ] GC(6) User=0.03s Sys=0.00s Real=0.03s
[2020-04-09T23:43:17.307+0000][gc,start      ] GC(7) Pause Young (Normal) (G1 Evacuation Pause)
[2020-04-09T23:43:17.307+0000][gc,task       ] GC(7) Using 1 workers of 1 for evacuation
[2020-04-09T23:43:17.332+0000][gc,mmu        ] GC(7) MMU target violated: 21.0ms (20.0ms/21.0ms)
[2020-04-09T23:43:17.332+0000][gc,phases     ] GC(7)   Pre Evacuate Collection Set: 5.0ms
[2020-04-09T23:43:17.332+0000][gc,phases     ] GC(7)   Evacuate Collection Set: 18.0ms
[2020-04-09T23:43:17.332+0000][gc,phases     ] GC(7)   Post Evacuate Collection Set: 0.8ms
[2020-04-09T23:43:17.332+0000][gc,phases     ] GC(7)   Other: 0.8ms
[2020-04-09T23:43:17.332+0000][gc,heap       ] GC(7) Eden regions: 47->0(47)
[2020-04-09T23:43:17.332+0000][gc,heap       ] GC(7) Survivor regions: 4->4(7)
[2020-04-09T23:43:17.332+0000][gc,heap       ] GC(7) Old regions: 11->11
[2020-04-09T23:43:17.332+0000][gc,heap       ] GC(7) Humongous regions: 129->129
[2020-04-09T23:43:17.332+0000][gc,metaspace  ] GC(7) Metaspace: 45513K->45513K(1089536K)
[2020-04-09T23:43:17.332+0000][gc            ] GC(7) Pause Young (Normal) (G1 Evacuation Pause) 189M->143M(1024M) 24.628ms
[2020-04-09T23:43:17.332+0000][gc,cpu        ] GC(7) User=0.02s Sys=0.00s Real=0.02s
[2020-04-10T00:05:44.919+0000][gc,start      ] GC(8) Pause Young (Normal) (G1 Evacuation Pause)
[2020-04-10T00:05:44.919+0000][gc,task       ] GC(8) Using 1 workers of 1 for evacuation
[2020-04-10T00:05:44.948+0000][gc,mmu        ] GC(8) MMU target violated: 21.0ms (20.0ms/21.0ms)
[2020-04-10T00:05:44.949+0000][gc,phases     ] GC(8)   Pre Evacuate Collection Set: 2.6ms
[2020-04-10T00:05:44.949+0000][gc,phases     ] GC(8)   Evacuate Collection Set: 25.8ms
[2020-04-10T00:05:44.949+0000][gc,phases     ] GC(8)   Post Evacuate Collection Set: 0.7ms
[2020-04-10T00:05:44.949+0000][gc,phases     ] GC(8)   Other: 1.0ms
[2020-04-10T00:05:44.949+0000][gc,heap       ] GC(8) Eden regions: 47->0(50)
[2020-04-10T00:05:44.949+0000][gc,heap       ] GC(8) Survivor regions: 4->1(7)
[2020-04-10T00:05:44.949+0000][gc,heap       ] GC(8) Old regions: 11->14
[2020-04-10T00:05:44.949+0000][gc,heap       ] GC(8) Humongous regions: 129->129
[2020-04-10T00:05:44.949+0000][gc,metaspace  ] GC(8) Metaspace: 45606K->45606K(1091584K)
[2020-04-10T00:05:44.949+0000][gc            ] GC(8) Pause Young (Normal) (G1 Evacuation Pause) 190M->143M(1024M) 30.126ms
[2020-04-10T00:05:44.949+0000][gc,cpu        ] GC(8) User=0.04s Sys=0.00s Real=0.03s
[2020-04-10T00:29:57.307+0000][gc,start      ] GC(9) Pause Young (Normal) (G1 Evacuation Pause)
[2020-04-10T00:29:57.307+0000][gc,task       ] GC(9) Using 1 workers of 1 for evacuation
[2020-04-10T00:29:57.327+0000][gc,phases     ] GC(9)   Pre Evacuate Collection Set: 0.3ms
[2020-04-10T00:29:57.327+0000][gc,phases     ] GC(9)   Evacuate Collection Set: 18.1ms
[2020-04-10T00:29:57.327+0000][gc,phases     ] GC(9)   Post Evacuate Collection Set: 0.4ms
[2020-04-10T00:29:57.327+0000][gc,phases     ] GC(9)   Other: 0.5ms
[2020-04-10T00:29:57.327+0000][gc,heap       ] GC(9) Eden regions: 50->0(50)
[2020-04-10T00:29:57.327+0000][gc,heap       ] GC(9) Survivor regions: 1->1(7)
[2020-04-10T00:29:57.327+0000][gc,heap       ] GC(9) Old regions: 14->14
[2020-04-10T00:29:57.327+0000][gc,heap       ] GC(9) Humongous regions: 129->129
[2020-04-10T00:29:57.327+0000][gc,metaspace  ] GC(9) Metaspace: 45681K->45681K(1091584K)
[2020-04-10T00:29:57.327+0000][gc            ] GC(9) Pause Young (Normal) (G1 Evacuation Pause) 193M->143M(1024M) 19.384ms
[2020-04-10T00:29:57.327+0000][gc,cpu        ] GC(9) User=0.02s Sys=0.00s Real=0.02s
[2020-04-10T00:54:15.146+0000][gc,start      ] GC(10) Pause Young (Normal) (G1 Evacuation Pause)
[2020-04-10T00:54:15.146+0000][gc,task       ] GC(10) Using 1 workers of 1 for evacuation
[2020-04-10T00:54:15.163+0000][gc,phases     ] GC(10)   Pre Evacuate Collection Set: 2.3ms
[2020-04-10T00:54:15.163+0000][gc,phases     ] GC(10)   Evacuate Collection Set: 14.1ms
[2020-04-10T00:54:15.163+0000][gc,phases     ] GC(10)   Post Evacuate Collection Set: 0.5ms
[2020-04-10T00:54:15.164+0000][gc,phases     ] GC(10)   Other: 1.1ms
[2020-04-10T00:54:15.164+0000][gc,heap       ] GC(10) Eden regions: 50->0(50)
[2020-04-10T00:54:15.164+0000][gc,heap       ] GC(10) Survivor regions: 1->1(7)
[2020-04-10T00:54:15.164+0000][gc,heap       ] GC(10) Old regions: 14->14
[2020-04-10T00:54:15.164+0000][gc,heap       ] GC(10) Humongous regions: 129->129
[2020-04-10T00:54:15.164+0000][gc,metaspace  ] GC(10) Metaspace: 45716K->45716K(1091584K)
[2020-04-10T00:54:15.164+0000][gc            ] GC(10) Pause Young (Normal) (G1 Evacuation Pause) 193M->143M(1024M) 17.950ms
[2020-04-10T00:54:15.164+0000][gc,cpu        ] GC(10) User=0.01s Sys=0.00s Real=0.01s
[2020-04-10T01:18:16.059+0000][gc,start      ] GC(11) Pause Young (Normal) (G1 Evacuation Pause)
[2020-04-10T01:18:16.059+0000][gc,task       ] GC(11) Using 1 workers of 1 for evacuation
[2020-04-10T01:18:16.071+0000][gc,phases     ] GC(11)   Pre Evacuate Collection Set: 3.4ms
[2020-04-10T01:18:16.071+0000][gc,phases     ] GC(11)   Evacuate Collection Set: 7.5ms
[2020-04-10T01:18:16.071+0000][gc,phases     ] GC(11)   Post Evacuate Collection Set: 0.6ms
[2020-04-10T01:18:16.071+0000][gc,phases     ] GC(11)   Other: 0.6ms
[2020-04-10T01:18:16.071+0000][gc,heap       ] GC(11) Eden regions: 50->0(50)
[2020-04-10T01:18:16.071+0000][gc,heap       ] GC(11) Survivor regions: 1->1(7)
[2020-04-10T01:18:16.071+0000][gc,heap       ] GC(11) Old regions: 14->14
[2020-04-10T01:18:16.071+0000][gc,heap       ] GC(11) Humongous regions: 129->129
[2020-04-10T01:18:16.071+0000][gc,metaspace  ] GC(11) Metaspace: 45751K->45751K(1091584K)
[2020-04-10T01:18:16.071+0000][gc            ] GC(11) Pause Young (Normal) (G1 Evacuation Pause) 193M->143M(1024M) 12.050ms
[2020-04-10T01:18:16.071+0000][gc,cpu        ] GC(11) User=0.01s Sys=0.00s Real=0.01s
[2020-04-10T01:42:23.248+0000][gc,start      ] GC(12) Pause Young (Normal) (G1 Evacuation Pause)
[2020-04-10T01:42:23.248+0000][gc,task       ] GC(12) Using 1 workers of 1 for evacuation
[2020-04-10T01:42:23.279+0000][gc,mmu        ] GC(12) MMU target violated: 21.0ms (20.0ms/21.0ms)
[2020-04-10T01:42:23.279+0000][gc,phases     ] GC(12)   Pre Evacuate Collection Set: 4.7ms
[2020-04-10T01:42:23.279+0000][gc,phases     ] GC(12)   Evacuate Collection Set: 24.8ms
[2020-04-10T01:42:23.279+0000][gc,phases     ] GC(12)   Post Evacuate Collection Set: 0.7ms
[2020-04-10T01:42:23.279+0000][gc,phases     ] GC(12)   Other: 1.6ms
[2020-04-10T01:42:23.279+0000][gc,heap       ] GC(12) Eden regions: 50->0(50)
[2020-04-10T01:42:23.279+0000][gc,heap       ] GC(12) Survivor regions: 1->1(7)
[2020-04-10T01:42:23.279+0000][gc,heap       ] GC(12) Old regions: 14->14
[2020-04-10T01:42:23.279+0000][gc,heap       ] GC(12) Humongous regions: 129->129
[2020-04-10T01:42:23.279+0000][gc,metaspace  ] GC(12) Metaspace: 45776K->45776K(1091584K)
[2020-04-10T01:42:23.279+0000][gc            ] GC(12) Pause Young (Normal) (G1 Evacuation Pause) 193M->143M(1024M) 31.724ms
[2020-04-10T01:42:23.279+0000][gc,cpu        ] GC(12) User=0.03s Sys=0.00s Real=0.03s
[2020-04-10T02:06:35.984+0000][gc,start      ] GC(13) Pause Young (Normal) (G1 Evacuation Pause)
[2020-04-10T02:06:35.984+0000][gc,task       ] GC(13) Using 1 workers of 1 for evacuation
[2020-04-10T02:06:35.999+0000][gc,phases     ] GC(13)   Pre Evacuate Collection Set: 3.5ms
[2020-04-10T02:06:35.999+0000][gc,phases     ] GC(13)   Evacuate Collection Set: 10.1ms
[2020-04-10T02:06:35.999+0000][gc,phases     ] GC(13)   Post Evacuate Collection Set: 0.6ms
[2020-04-10T02:06:35.999+0000][gc,phases     ] GC(13)   Other: 0.9ms
[2020-04-10T02:06:35.999+0000][gc,heap       ] GC(13) Eden regions: 50->0(50)
[2020-04-10T02:06:35.999+0000][gc,heap       ] GC(13) Survivor regions: 1->1(7)
[2020-04-10T02:06:35.999+0000][gc,heap       ] GC(13) Old regions: 14->14
[2020-04-10T02:06:35.999+0000][gc,heap       ] GC(13) Humongous regions: 129->129
[2020-04-10T02:06:35.999+0000][gc,metaspace  ] GC(13) Metaspace: 45785K->45785K(1091584K)
[2020-04-10T02:06:35.999+0000][gc            ] GC(13) Pause Young (Normal) (G1 Evacuation Pause) 193M->143M(1024M) 15.082ms
[2020-04-10T02:06:35.999+0000][gc,cpu        ] GC(13) User=0.02s Sys=0.00s Real=0.01s
[2020-04-10T02:30:42.533+0000][gc,start      ] GC(14) Pause Young (Normal) (G1 Evacuation Pause)
[2020-04-10T02:30:42.534+0000][gc,task       ] GC(14) Using 1 workers of 1 for evacuation
[2020-04-10T02:30:42.545+0000][gc,phases     ] GC(14)   Pre Evacuate Collection Set: 2.0ms
[2020-04-10T02:30:42.545+0000][gc,phases     ] GC(14)   Evacuate Collection Set: 8.4ms
[2020-04-10T02:30:42.545+0000][gc,phases     ] GC(14)   Post Evacuate Collection Set: 0.5ms
[2020-04-10T02:30:42.545+0000][gc,phases     ] GC(14)   Other: 0.5ms
[2020-04-10T02:30:42.545+0000][gc,heap       ] GC(14) Eden regions: 50->0(50)
[2020-04-10T02:30:42.545+0000][gc,heap       ] GC(14) Survivor regions: 1->1(7)
[2020-04-10T02:30:42.545+0000][gc,heap       ] GC(14) Old regions: 14->14
[2020-04-10T02:30:42.545+0000][gc,heap       ] GC(14) Humongous regions: 129->129
[2020-04-10T02:30:42.545+0000][gc,metaspace  ] GC(14) Metaspace: 45821K->45821K(1091584K)
[2020-04-10T02:30:42.545+0000][gc            ] GC(14) Pause Young (Normal) (G1 Evacuation Pause) 193M->143M(1024M) 11.486ms
[2020-04-10T02:30:42.545+0000][gc,cpu        ] GC(14) User=0.01s Sys=0.00s Real=0.02s
[2020-04-10T02:48:46.557+0000][gc,heap,exit  ] Heap
[2020-04-10T02:48:46.557+0000][gc,heap,exit  ]  garbage-first heap   total 1048576K, used 192673K [0x00000000c0000000, 0x0000000100000000)
[2020-04-10T02:48:46.557+0000][gc,heap,exit  ]   region size 1024K, 48 young (49152K), 1 survivors (1024K)
[2020-04-10T02:48:46.557+0000][gc,heap,exit  ]  Metaspace       used 46579K, capacity 48826K, committed 49072K, reserved 1091584K
[2020-04-10T02:48:46.557+0000][gc,heap,exit  ]   class space    used 6007K, capacity 7114K, committed 7168K, reserved 1048576K
