[2020-04-22T15:49:06.797+0000][gc,heap] Heap region size: 1M
[2020-04-22T15:49:06.809+0000][gc     ] Using G1
[2020-04-22T15:49:06.809+0000][gc,heap,coops] Heap address: 0x00000000c0000000, size: 1024 MB, Compressed Oops mode: 32-bit
[2020-04-22T15:49:09.366+0000][gc,start     ] GC(0) Pause Young (Concurrent Start) (Metadata GC Threshold)
[2020-04-22T15:49:09.366+0000][gc,task      ] GC(0) Using 1 workers of 1 for evacuation
[2020-04-22T15:49:09.401+0000][gc,mmu       ] GC(0) MMU target violated: 21.0ms (20.0ms/21.0ms)
[2020-04-22T15:49:09.401+0000][gc,phases    ] GC(0)   Pre Evacuate Collection Set: 0.1ms
[2020-04-22T15:49:09.401+0000][gc,phases    ] GC(0)   Evacuate Collection Set: 33.5ms
[2020-04-22T15:49:09.401+0000][gc,phases    ] GC(0)   Post Evacuate Collection Set: 0.8ms
[2020-04-22T15:49:09.401+0000][gc,phases    ] GC(0)   Other: 0.5ms
[2020-04-22T15:49:09.401+0000][gc,heap      ] GC(0) Eden regions: 39->0(44)
[2020-04-22T15:49:09.401+0000][gc,heap      ] GC(0) Survivor regions: 0->7(7)
[2020-04-22T15:49:09.401+0000][gc,heap      ] GC(0) Old regions: 0->0
[2020-04-22T15:49:09.401+0000][gc,heap      ] GC(0) Humongous regions: 0->0
[2020-04-22T15:49:09.401+0000][gc,metaspace ] GC(0) Metaspace: 20771K->20771K(1069056K)
[2020-04-22T15:49:09.401+0000][gc           ] GC(0) Pause Young (Concurrent Start) (Metadata GC Threshold) 38M->6M(1024M) 34.859ms
[2020-04-22T15:49:09.401+0000][gc,cpu       ] GC(0) User=0.02s Sys=0.01s Real=0.03s
[2020-04-22T15:49:09.401+0000][gc           ] GC(1) Concurrent Cycle
[2020-04-22T15:49:09.401+0000][gc,marking   ] GC(1) Concurrent Clear Claimed Marks
[2020-04-22T15:49:09.401+0000][gc,marking   ] GC(1) Concurrent Clear Claimed Marks 0.053ms
[2020-04-22T15:49:09.401+0000][gc,marking   ] GC(1) Concurrent Scan Root Regions
[2020-04-22T15:49:09.408+0000][gc,marking   ] GC(1) Concurrent Scan Root Regions 6.672ms
[2020-04-22T15:49:09.408+0000][gc,marking   ] GC(1) Concurrent Mark (2.614s)
[2020-04-22T15:49:09.408+0000][gc,marking   ] GC(1) Concurrent Mark From Roots
[2020-04-22T15:49:09.408+0000][gc,task      ] GC(1) Using 1 workers of 1 for marking
[2020-04-22T15:49:09.421+0000][gc,marking   ] GC(1) Concurrent Mark From Roots 13.248ms
[2020-04-22T15:49:09.421+0000][gc,marking   ] GC(1) Concurrent Preclean
[2020-04-22T15:49:09.421+0000][gc,marking   ] GC(1) Concurrent Preclean 0.029ms
[2020-04-22T15:49:09.421+0000][gc,marking   ] GC(1) Concurrent Mark (2.614s, 2.628s) 13.344ms
[2020-04-22T15:49:09.421+0000][gc,start     ] GC(1) Pause Remark
[2020-04-22T15:49:09.429+0000][gc,stringtable] GC(1) Cleaned string and symbol table, strings: 7445 processed, 0 removed, symbols: 63712 processed, 40 removed
[2020-04-22T15:49:09.430+0000][gc            ] GC(1) Pause Remark 7M->7M(1024M) 8.434ms
[2020-04-22T15:49:09.430+0000][gc,cpu        ] GC(1) User=0.01s Sys=0.00s Real=0.01s
[2020-04-22T15:49:09.430+0000][gc,marking    ] GC(1) Concurrent Rebuild Remembered Sets
[2020-04-22T15:49:09.430+0000][gc,marking    ] GC(1) Concurrent Rebuild Remembered Sets 0.178ms
[2020-04-22T15:49:09.430+0000][gc,start      ] GC(1) Pause Cleanup
[2020-04-22T15:49:09.430+0000][gc            ] GC(1) Pause Cleanup 7M->7M(1024M) 0.155ms
[2020-04-22T15:49:09.430+0000][gc,cpu        ] GC(1) User=0.00s Sys=0.00s Real=0.00s
[2020-04-22T15:49:09.430+0000][gc,marking    ] GC(1) Concurrent Cleanup for Next Mark
[2020-04-22T15:49:09.500+0000][gc,marking    ] GC(1) Concurrent Cleanup for Next Mark 70.371ms
[2020-04-22T15:49:09.501+0000][gc            ] GC(1) Concurrent Cycle 99.630ms
[2020-04-22T15:49:11.517+0000][gc,start      ] GC(2) Pause Young (Normal) (G1 Evacuation Pause)
[2020-04-22T15:49:11.517+0000][gc,task       ] GC(2) Using 1 workers of 1 for evacuation
[2020-04-22T15:49:11.553+0000][gc,mmu        ] GC(2) MMU target violated: 21.0ms (20.0ms/21.0ms)
[2020-04-22T15:49:11.553+0000][gc,phases     ] GC(2)   Pre Evacuate Collection Set: 0.1ms
[2020-04-22T15:49:11.553+0000][gc,phases     ] GC(2)   Evacuate Collection Set: 34.8ms
[2020-04-22T15:49:11.553+0000][gc,phases     ] GC(2)   Post Evacuate Collection Set: 0.9ms
[2020-04-22T15:49:11.553+0000][gc,phases     ] GC(2)   Other: 0.3ms
[2020-04-22T15:49:11.553+0000][gc,heap       ] GC(2) Eden regions: 44->0(49)
[2020-04-22T15:49:11.553+0000][gc,heap       ] GC(2) Survivor regions: 7->2(7)
[2020-04-22T15:49:11.553+0000][gc,heap       ] GC(2) Old regions: 0->7
[2020-04-22T15:49:11.553+0000][gc,heap       ] GC(2) Humongous regions: 0->0
[2020-04-22T15:49:11.553+0000][gc,metaspace  ] GC(2) Metaspace: 29727K->29727K(1075200K)
[2020-04-22T15:49:11.553+0000][gc            ] GC(2) Pause Young (Normal) (G1 Evacuation Pause) 50M->8M(1024M) 36.168ms
[2020-04-22T15:49:11.553+0000][gc,cpu        ] GC(2) User=0.02s Sys=0.01s Real=0.03s
[2020-04-22T15:49:12.929+0000][gc,start      ] GC(3) Pause Young (Concurrent Start) (Metadata GC Threshold)
[2020-04-22T15:49:12.929+0000][gc,task       ] GC(3) Using 1 workers of 1 for evacuation
[2020-04-22T15:49:12.946+0000][gc,phases     ] GC(3)   Pre Evacuate Collection Set: 0.2ms
[2020-04-22T15:49:12.946+0000][gc,phases     ] GC(3)   Evacuate Collection Set: 15.4ms
[2020-04-22T15:49:12.946+0000][gc,phases     ] GC(3)   Post Evacuate Collection Set: 0.5ms
[2020-04-22T15:49:12.946+0000][gc,phases     ] GC(3)   Other: 0.4ms
[2020-04-22T15:49:12.946+0000][gc,heap       ] GC(3) Eden regions: 30->0(46)
[2020-04-22T15:49:12.946+0000][gc,heap       ] GC(3) Survivor regions: 2->5(7)
[2020-04-22T15:49:12.946+0000][gc,heap       ] GC(3) Old regions: 7->7
[2020-04-22T15:49:12.946+0000][gc,heap       ] GC(3) Humongous regions: 129->129
[2020-04-22T15:49:12.946+0000][gc,metaspace  ] GC(3) Metaspace: 34501K->34501K(1081344K)
[2020-04-22T15:49:12.946+0000][gc            ] GC(3) Pause Young (Concurrent Start) (Metadata GC Threshold) 166M->139M(1024M) 16.648ms
[2020-04-22T15:49:12.946+0000][gc,cpu        ] GC(3) User=0.02s Sys=0.00s Real=0.02s
[2020-04-22T15:49:12.946+0000][gc            ] GC(4) Concurrent Cycle
[2020-04-22T15:49:12.946+0000][gc,marking    ] GC(4) Concurrent Clear Claimed Marks
[2020-04-22T15:49:12.946+0000][gc,marking    ] GC(4) Concurrent Clear Claimed Marks 0.166ms
[2020-04-22T15:49:12.946+0000][gc,marking    ] GC(4) Concurrent Scan Root Regions
[2020-04-22T15:49:12.955+0000][gc,marking    ] GC(4) Concurrent Scan Root Regions 8.923ms
[2020-04-22T15:49:12.955+0000][gc,marking    ] GC(4) Concurrent Mark (6.162s)
[2020-04-22T15:49:12.955+0000][gc,marking    ] GC(4) Concurrent Mark From Roots
[2020-04-22T15:49:12.955+0000][gc,task       ] GC(4) Using 1 workers of 1 for marking
[2020-04-22T15:49:12.978+0000][gc,marking    ] GC(4) Concurrent Mark From Roots 23.195ms
[2020-04-22T15:49:12.979+0000][gc,marking    ] GC(4) Concurrent Preclean
[2020-04-22T15:49:12.979+0000][gc,marking    ] GC(4) Concurrent Preclean 0.113ms
[2020-04-22T15:49:12.979+0000][gc,marking    ] GC(4) Concurrent Mark (6.162s, 6.185s) 23.393ms
[2020-04-22T15:49:12.979+0000][gc,start      ] GC(4) Pause Remark
[2020-04-22T15:49:12.990+0000][gc,stringtable] GC(4) Cleaned string and symbol table, strings: 11575 processed, 8 removed, symbols: 94992 processed, 24 removed
[2020-04-22T15:49:12.991+0000][gc            ] GC(4) Pause Remark 140M->140M(1024M) 11.854ms
[2020-04-22T15:49:12.991+0000][gc,cpu        ] GC(4) User=0.01s Sys=0.00s Real=0.01s
[2020-04-22T15:49:12.993+0000][gc,marking    ] GC(4) Concurrent Rebuild Remembered Sets
[2020-04-22T15:49:13.005+0000][gc,marking    ] GC(4) Concurrent Rebuild Remembered Sets 11.977ms
[2020-04-22T15:49:13.005+0000][gc,start      ] GC(4) Pause Cleanup
[2020-04-22T15:49:13.005+0000][gc            ] GC(4) Pause Cleanup 140M->140M(1024M) 0.247ms
[2020-04-22T15:49:13.005+0000][gc,cpu        ] GC(4) User=0.00s Sys=0.00s Real=0.00s
[2020-04-22T15:49:13.005+0000][gc,marking    ] GC(4) Concurrent Cleanup for Next Mark
[2020-04-22T15:49:13.073+0000][gc,marking    ] GC(4) Concurrent Cleanup for Next Mark 67.463ms
[2020-04-22T15:49:13.073+0000][gc            ] GC(4) Concurrent Cycle 126.871ms
[2020-04-22T15:49:15.332+0000][gc,start      ] GC(5) Pause Young (Normal) (G1 Evacuation Pause)
[2020-04-22T15:49:15.332+0000][gc,task       ] GC(5) Using 1 workers of 1 for evacuation
[2020-04-22T15:49:15.374+0000][gc,mmu        ] GC(5) MMU target violated: 21.0ms (20.0ms/21.0ms)
[2020-04-22T15:49:15.374+0000][gc,phases     ] GC(5)   Pre Evacuate Collection Set: 0.1ms
[2020-04-22T15:49:15.374+0000][gc,phases     ] GC(5)   Evacuate Collection Set: 41.1ms
[2020-04-22T15:49:15.374+0000][gc,phases     ] GC(5)   Post Evacuate Collection Set: 0.7ms
[2020-04-22T15:49:15.374+0000][gc,phases     ] GC(5)   Other: 0.4ms
[2020-04-22T15:49:15.374+0000][gc,heap       ] GC(5) Eden regions: 46->0(45)
[2020-04-22T15:49:15.374+0000][gc,heap       ] GC(5) Survivor regions: 5->6(7)
[2020-04-22T15:49:15.374+0000][gc,heap       ] GC(5) Old regions: 7->8
[2020-04-22T15:49:15.374+0000][gc,heap       ] GC(5) Humongous regions: 129->129
[2020-04-22T15:49:15.374+0000][gc,metaspace  ] GC(5) Metaspace: 42747K->42747K(1087488K)
[2020-04-22T15:49:15.374+0000][gc            ] GC(5) Pause Young (Normal) (G1 Evacuation Pause) 185M->142M(1024M) 42.324ms
[2020-04-22T15:49:15.374+0000][gc,cpu        ] GC(5) User=0.03s Sys=0.01s Real=0.04s
[2020-04-22T16:03:12.545+0000][gc,start      ] GC(6) Pause Young (Normal) (G1 Evacuation Pause)
[2020-04-22T16:03:12.545+0000][gc,task       ] GC(6) Using 1 workers of 1 for evacuation
[2020-04-22T16:03:12.581+0000][gc,mmu        ] GC(6) MMU target violated: 21.0ms (20.0ms/21.0ms)
[2020-04-22T16:03:12.581+0000][gc,phases     ] GC(6)   Pre Evacuate Collection Set: 1.7ms
[2020-04-22T16:03:12.581+0000][gc,phases     ] GC(6)   Evacuate Collection Set: 31.2ms
[2020-04-22T16:03:12.581+0000][gc,phases     ] GC(6)   Post Evacuate Collection Set: 1.3ms
[2020-04-22T16:03:12.581+0000][gc,phases     ] GC(6)   Other: 2.2ms
[2020-04-22T16:03:12.581+0000][gc,heap       ] GC(6) Eden regions: 45->0(47)
[2020-04-22T16:03:12.581+0000][gc,heap       ] GC(6) Survivor regions: 6->4(7)
[2020-04-22T16:03:12.581+0000][gc,heap       ] GC(6) Old regions: 8->11
[2020-04-22T16:03:12.581+0000][gc,heap       ] GC(6) Humongous regions: 219->129
[2020-04-22T16:03:12.581+0000][gc,metaspace  ] GC(6) Metaspace: 44409K->44409K(1089536K)
[2020-04-22T16:03:12.581+0000][gc            ] GC(6) Pause Young (Normal) (G1 Evacuation Pause) 277M->142M(1024M) 36.422ms
[2020-04-22T16:03:12.581+0000][gc,cpu        ] GC(6) User=0.03s Sys=0.01s Real=0.03s
[2020-04-22T16:22:27.792+0000][gc,start      ] GC(7) Pause Young (Normal) (G1 Evacuation Pause)
[2020-04-22T16:22:27.792+0000][gc,task       ] GC(7) Using 1 workers of 1 for evacuation
[2020-04-22T16:22:27.809+0000][gc,phases     ] GC(7)   Pre Evacuate Collection Set: 0.3ms
[2020-04-22T16:22:27.809+0000][gc,phases     ] GC(7)   Evacuate Collection Set: 15.7ms
[2020-04-22T16:22:27.809+0000][gc,phases     ] GC(7)   Post Evacuate Collection Set: 0.6ms
[2020-04-22T16:22:27.809+0000][gc,phases     ] GC(7)   Other: 0.4ms
[2020-04-22T16:22:27.809+0000][gc,heap       ] GC(7) Eden regions: 47->0(47)
[2020-04-22T16:22:27.809+0000][gc,heap       ] GC(7) Survivor regions: 4->4(7)
[2020-04-22T16:22:27.809+0000][gc,heap       ] GC(7) Old regions: 11->11
[2020-04-22T16:22:27.809+0000][gc,heap       ] GC(7) Humongous regions: 129->129
[2020-04-22T16:22:27.809+0000][gc,metaspace  ] GC(7) Metaspace: 44507K->44507K(1089536K)
[2020-04-22T16:22:27.809+0000][gc            ] GC(7) Pause Young (Normal) (G1 Evacuation Pause) 189M->142M(1024M) 17.109ms
[2020-04-22T16:22:27.809+0000][gc,cpu        ] GC(7) User=0.02s Sys=0.00s Real=0.02s
[2020-04-22T16:42:20.503+0000][gc,start      ] GC(8) Pause Young (Normal) (G1 Evacuation Pause)
[2020-04-22T16:42:20.503+0000][gc,task       ] GC(8) Using 1 workers of 1 for evacuation
[2020-04-22T16:42:20.521+0000][gc,phases     ] GC(8)   Pre Evacuate Collection Set: 0.4ms
[2020-04-22T16:42:20.521+0000][gc,phases     ] GC(8)   Evacuate Collection Set: 16.8ms
[2020-04-22T16:42:20.521+0000][gc,phases     ] GC(8)   Post Evacuate Collection Set: 0.6ms
[2020-04-22T16:42:20.521+0000][gc,phases     ] GC(8)   Other: 0.4ms
[2020-04-22T16:42:20.521+0000][gc,heap       ] GC(8) Eden regions: 47->0(47)
[2020-04-22T16:42:20.521+0000][gc,heap       ] GC(8) Survivor regions: 4->4(7)
[2020-04-22T16:42:20.521+0000][gc,heap       ] GC(8) Old regions: 11->11
[2020-04-22T16:42:20.521+0000][gc,heap       ] GC(8) Humongous regions: 129->129
[2020-04-22T16:42:20.521+0000][gc,metaspace  ] GC(8) Metaspace: 44591K->44591K(1089536K)
[2020-04-22T16:42:20.521+0000][gc            ] GC(8) Pause Young (Normal) (G1 Evacuation Pause) 189M->142M(1024M) 18.347ms
[2020-04-22T16:42:20.521+0000][gc,cpu        ] GC(8) User=0.02s Sys=0.00s Real=0.02s
[2020-04-22T17:02:08.363+0000][gc,start      ] GC(9) Pause Young (Normal) (G1 Evacuation Pause)
[2020-04-22T17:02:08.363+0000][gc,task       ] GC(9) Using 1 workers of 1 for evacuation
[2020-04-22T17:02:08.379+0000][gc,phases     ] GC(9)   Pre Evacuate Collection Set: 0.3ms
[2020-04-22T17:02:08.379+0000][gc,phases     ] GC(9)   Evacuate Collection Set: 15.2ms
[2020-04-22T17:02:08.379+0000][gc,phases     ] GC(9)   Post Evacuate Collection Set: 0.6ms
[2020-04-22T17:02:08.379+0000][gc,phases     ] GC(9)   Other: 0.3ms
[2020-04-22T17:02:08.379+0000][gc,heap       ] GC(9) Eden regions: 47->0(47)
[2020-04-22T17:02:08.379+0000][gc,heap       ] GC(9) Survivor regions: 4->4(7)
[2020-04-22T17:02:08.379+0000][gc,heap       ] GC(9) Old regions: 11->11
[2020-04-22T17:02:08.379+0000][gc,heap       ] GC(9) Humongous regions: 129->129
[2020-04-22T17:02:08.379+0000][gc,metaspace  ] GC(9) Metaspace: 44688K->44688K(1089536K)
[2020-04-22T17:02:08.379+0000][gc            ] GC(9) Pause Young (Normal) (G1 Evacuation Pause) 189M->142M(1024M) 16.433ms
[2020-04-22T17:02:08.379+0000][gc,cpu        ] GC(9) User=0.01s Sys=0.00s Real=0.02s
[2020-04-22T17:22:05.221+0000][gc,start      ] GC(10) Pause Young (Normal) (G1 Evacuation Pause)
[2020-04-22T17:22:05.221+0000][gc,task       ] GC(10) Using 1 workers of 1 for evacuation
[2020-04-22T17:22:05.238+0000][gc,phases     ] GC(10)   Pre Evacuate Collection Set: 0.3ms
[2020-04-22T17:22:05.238+0000][gc,phases     ] GC(10)   Evacuate Collection Set: 15.4ms
[2020-04-22T17:22:05.238+0000][gc,phases     ] GC(10)   Post Evacuate Collection Set: 0.6ms
[2020-04-22T17:22:05.238+0000][gc,phases     ] GC(10)   Other: 0.4ms
[2020-04-22T17:22:05.238+0000][gc,heap       ] GC(10) Eden regions: 47->0(47)
[2020-04-22T17:22:05.238+0000][gc,heap       ] GC(10) Survivor regions: 4->4(7)
[2020-04-22T17:22:05.238+0000][gc,heap       ] GC(10) Old regions: 11->11
[2020-04-22T17:22:05.238+0000][gc,heap       ] GC(10) Humongous regions: 129->129
[2020-04-22T17:22:05.238+0000][gc,metaspace  ] GC(10) Metaspace: 44708K->44708K(1089536K)
[2020-04-22T17:22:05.238+0000][gc            ] GC(10) Pause Young (Normal) (G1 Evacuation Pause) 189M->142M(1024M) 16.671ms
[2020-04-22T17:22:05.238+0000][gc,cpu        ] GC(10) User=0.02s Sys=0.00s Real=0.02s
[2020-04-22T17:42:05.503+0000][gc,start      ] GC(11) Pause Young (Normal) (G1 Evacuation Pause)
[2020-04-22T17:42:05.503+0000][gc,task       ] GC(11) Using 1 workers of 1 for evacuation
[2020-04-22T17:42:05.519+0000][gc,phases     ] GC(11)   Pre Evacuate Collection Set: 0.3ms
[2020-04-22T17:42:05.519+0000][gc,phases     ] GC(11)   Evacuate Collection Set: 15.2ms
[2020-04-22T17:42:05.519+0000][gc,phases     ] GC(11)   Post Evacuate Collection Set: 0.6ms
[2020-04-22T17:42:05.519+0000][gc,phases     ] GC(11)   Other: 0.3ms
[2020-04-22T17:42:05.519+0000][gc,heap       ] GC(11) Eden regions: 47->0(47)
[2020-04-22T17:42:05.519+0000][gc,heap       ] GC(11) Survivor regions: 4->4(7)
[2020-04-22T17:42:05.519+0000][gc,heap       ] GC(11) Old regions: 11->11
[2020-04-22T17:42:05.519+0000][gc,heap       ] GC(11) Humongous regions: 129->129
[2020-04-22T17:42:05.519+0000][gc,metaspace  ] GC(11) Metaspace: 44745K->44745K(1089536K)
[2020-04-22T17:42:05.519+0000][gc            ] GC(11) Pause Young (Normal) (G1 Evacuation Pause) 189M->142M(1024M) 16.536ms
[2020-04-22T17:42:05.519+0000][gc,cpu        ] GC(11) User=0.01s Sys=0.00s Real=0.02s
[2020-04-22T18:01:59.137+0000][gc,start      ] GC(12) Pause Young (Normal) (G1 Evacuation Pause)
[2020-04-22T18:01:59.137+0000][gc,task       ] GC(12) Using 1 workers of 1 for evacuation
[2020-04-22T18:01:59.159+0000][gc,mmu        ] GC(12) MMU target violated: 21.0ms (20.0ms/21.0ms)
[2020-04-22T18:01:59.159+0000][gc,phases     ] GC(12)   Pre Evacuate Collection Set: 4.5ms
[2020-04-22T18:01:59.159+0000][gc,phases     ] GC(12)   Evacuate Collection Set: 16.2ms
[2020-04-22T18:01:59.159+0000][gc,phases     ] GC(12)   Post Evacuate Collection Set: 0.8ms
[2020-04-22T18:01:59.159+0000][gc,phases     ] GC(12)   Other: 0.9ms
[2020-04-22T18:01:59.159+0000][gc,heap       ] GC(12) Eden regions: 47->0(47)
[2020-04-22T18:01:59.159+0000][gc,heap       ] GC(12) Survivor regions: 4->4(7)
[2020-04-22T18:01:59.159+0000][gc,heap       ] GC(12) Old regions: 11->11
[2020-04-22T18:01:59.159+0000][gc,heap       ] GC(12) Humongous regions: 129->129
[2020-04-22T18:01:59.159+0000][gc,metaspace  ] GC(12) Metaspace: 44789K->44789K(1089536K)
[2020-04-22T18:01:59.159+0000][gc            ] GC(12) Pause Young (Normal) (G1 Evacuation Pause) 189M->142M(1024M) 22.329ms
[2020-04-22T18:01:59.159+0000][gc,cpu        ] GC(12) User=0.03s Sys=0.00s Real=0.02s
