[2020-04-21T21:18:50.826+0000][gc,heap] Heap region size: 1M
[2020-04-21T21:18:50.838+0000][gc     ] Using G1
[2020-04-21T21:18:50.838+0000][gc,heap,coops] Heap address: 0x00000000c0000000, size: 1024 MB, Compressed Oops mode: 32-bit
[2020-04-21T21:18:53.212+0000][gc,start     ] GC(0) Pause Young (Concurrent Start) (Metadata GC Threshold)
[2020-04-21T21:18:53.212+0000][gc,task      ] GC(0) Using 1 workers of 1 for evacuation
[2020-04-21T21:18:53.240+0000][gc,mmu       ] GC(0) MMU target violated: 21.0ms (20.0ms/21.0ms)
[2020-04-21T21:18:53.240+0000][gc,phases    ] GC(0)   Pre Evacuate Collection Set: 0.1ms
[2020-04-21T21:18:53.240+0000][gc,phases    ] GC(0)   Evacuate Collection Set: 27.3ms
[2020-04-21T21:18:53.240+0000][gc,phases    ] GC(0)   Post Evacuate Collection Set: 0.7ms
[2020-04-21T21:18:53.240+0000][gc,phases    ] GC(0)   Other: 0.5ms
[2020-04-21T21:18:53.240+0000][gc,heap      ] GC(0) Eden regions: 39->0(44)
[2020-04-21T21:18:53.240+0000][gc,heap      ] GC(0) Survivor regions: 0->7(7)
[2020-04-21T21:18:53.240+0000][gc,heap      ] GC(0) Old regions: 0->0
[2020-04-21T21:18:53.240+0000][gc,heap      ] GC(0) Humongous regions: 0->0
[2020-04-21T21:18:53.240+0000][gc,metaspace ] GC(0) Metaspace: 20774K->20774K(1069056K)
[2020-04-21T21:18:53.240+0000][gc           ] GC(0) Pause Young (Concurrent Start) (Metadata GC Threshold) 39M->6M(1024M) 28.608ms
[2020-04-21T21:18:53.240+0000][gc,cpu       ] GC(0) User=0.02s Sys=0.01s Real=0.03s
[2020-04-21T21:18:53.240+0000][gc           ] GC(1) Concurrent Cycle
[2020-04-21T21:18:53.240+0000][gc,marking   ] GC(1) Concurrent Clear Claimed Marks
[2020-04-21T21:18:53.241+0000][gc,marking   ] GC(1) Concurrent Clear Claimed Marks 0.046ms
[2020-04-21T21:18:53.241+0000][gc,marking   ] GC(1) Concurrent Scan Root Regions
[2020-04-21T21:18:53.253+0000][gc,marking   ] GC(1) Concurrent Scan Root Regions 12.428ms
[2020-04-21T21:18:53.253+0000][gc,marking   ] GC(1) Concurrent Mark (2.431s)
[2020-04-21T21:18:53.253+0000][gc,marking   ] GC(1) Concurrent Mark From Roots
[2020-04-21T21:18:53.253+0000][gc,task      ] GC(1) Using 1 workers of 1 for marking
[2020-04-21T21:18:53.255+0000][gc,marking   ] GC(1) Concurrent Mark From Roots 2.133ms
[2020-04-21T21:18:53.255+0000][gc,marking   ] GC(1) Concurrent Preclean
[2020-04-21T21:18:53.255+0000][gc,marking   ] GC(1) Concurrent Preclean 0.024ms
[2020-04-21T21:18:53.255+0000][gc,marking   ] GC(1) Concurrent Mark (2.431s, 2.433s) 2.204ms
[2020-04-21T21:18:53.255+0000][gc,start     ] GC(1) Pause Remark
[2020-04-21T21:18:53.261+0000][gc,stringtable] GC(1) Cleaned string and symbol table, strings: 7434 processed, 0 removed, symbols: 63725 processed, 41 removed
[2020-04-21T21:18:53.262+0000][gc            ] GC(1) Pause Remark 6M->6M(1024M) 6.288ms
[2020-04-21T21:18:53.262+0000][gc,cpu        ] GC(1) User=0.01s Sys=0.00s Real=0.01s
[2020-04-21T21:18:53.264+0000][gc,marking    ] GC(1) Concurrent Rebuild Remembered Sets
[2020-04-21T21:18:53.264+0000][gc,marking    ] GC(1) Concurrent Rebuild Remembered Sets 0.196ms
[2020-04-21T21:18:53.264+0000][gc,start      ] GC(1) Pause Cleanup
[2020-04-21T21:18:53.264+0000][gc            ] GC(1) Pause Cleanup 6M->6M(1024M) 0.202ms
[2020-04-21T21:18:53.264+0000][gc,cpu        ] GC(1) User=0.00s Sys=0.00s Real=0.00s
[2020-04-21T21:18:53.264+0000][gc,marking    ] GC(1) Concurrent Cleanup for Next Mark
[2020-04-21T21:18:53.336+0000][gc,marking    ] GC(1) Concurrent Cleanup for Next Mark 71.328ms
[2020-04-21T21:18:53.336+0000][gc            ] GC(1) Concurrent Cycle 95.403ms
[2020-04-21T21:18:55.117+0000][gc,start      ] GC(2) Pause Young (Normal) (G1 Evacuation Pause)
[2020-04-21T21:18:55.117+0000][gc,task       ] GC(2) Using 1 workers of 1 for evacuation
[2020-04-21T21:18:55.159+0000][gc,mmu        ] GC(2) MMU target violated: 21.0ms (20.0ms/21.0ms)
[2020-04-21T21:18:55.159+0000][gc,phases     ] GC(2)   Pre Evacuate Collection Set: 0.1ms
[2020-04-21T21:18:55.159+0000][gc,phases     ] GC(2)   Evacuate Collection Set: 40.8ms
[2020-04-21T21:18:55.159+0000][gc,phases     ] GC(2)   Post Evacuate Collection Set: 0.9ms
[2020-04-21T21:18:55.159+0000][gc,phases     ] GC(2)   Other: 0.3ms
[2020-04-21T21:18:55.159+0000][gc,heap       ] GC(2) Eden regions: 44->0(49)
[2020-04-21T21:18:55.159+0000][gc,heap       ] GC(2) Survivor regions: 7->2(7)
[2020-04-21T21:18:55.159+0000][gc,heap       ] GC(2) Old regions: 0->7
[2020-04-21T21:18:55.159+0000][gc,heap       ] GC(2) Humongous regions: 0->0
[2020-04-21T21:18:55.159+0000][gc,metaspace  ] GC(2) Metaspace: 29724K->29724K(1075200K)
[2020-04-21T21:18:55.159+0000][gc            ] GC(2) Pause Young (Normal) (G1 Evacuation Pause) 50M->8M(1024M) 42.249ms
[2020-04-21T21:18:55.159+0000][gc,cpu        ] GC(2) User=0.04s Sys=0.01s Real=0.04s
[2020-04-21T21:18:56.258+0000][gc,start      ] GC(3) Pause Young (Concurrent Start) (Metadata GC Threshold)
[2020-04-21T21:18:56.258+0000][gc,task       ] GC(3) Using 1 workers of 1 for evacuation
[2020-04-21T21:18:56.289+0000][gc,mmu        ] GC(3) MMU target violated: 21.0ms (20.0ms/21.0ms)
[2020-04-21T21:18:56.289+0000][gc,phases     ] GC(3)   Pre Evacuate Collection Set: 0.2ms
[2020-04-21T21:18:56.289+0000][gc,phases     ] GC(3)   Evacuate Collection Set: 23.1ms
[2020-04-21T21:18:56.289+0000][gc,phases     ] GC(3)   Post Evacuate Collection Set: 6.8ms
[2020-04-21T21:18:56.289+0000][gc,phases     ] GC(3)   Other: 0.4ms
[2020-04-21T21:18:56.289+0000][gc,heap       ] GC(3) Eden regions: 29->0(47)
[2020-04-21T21:18:56.289+0000][gc,heap       ] GC(3) Survivor regions: 2->4(7)
[2020-04-21T21:18:56.289+0000][gc,heap       ] GC(3) Old regions: 7->7
[2020-04-21T21:18:56.289+0000][gc,heap       ] GC(3) Humongous regions: 129->129
[2020-04-21T21:18:56.289+0000][gc,metaspace  ] GC(3) Metaspace: 34510K->34510K(1081344K)
[2020-04-21T21:18:56.289+0000][gc            ] GC(3) Pause Young (Concurrent Start) (Metadata GC Threshold) 166M->139M(1024M) 30.481ms
[2020-04-21T21:18:56.289+0000][gc,cpu        ] GC(3) User=0.03s Sys=0.00s Real=0.03s
[2020-04-21T21:18:56.289+0000][gc            ] GC(4) Concurrent Cycle
[2020-04-21T21:18:56.289+0000][gc,marking    ] GC(4) Concurrent Clear Claimed Marks
[2020-04-21T21:18:56.289+0000][gc,marking    ] GC(4) Concurrent Clear Claimed Marks 0.154ms
[2020-04-21T21:18:56.289+0000][gc,marking    ] GC(4) Concurrent Scan Root Regions
[2020-04-21T21:18:56.297+0000][gc,marking    ] GC(4) Concurrent Scan Root Regions 8.313ms
[2020-04-21T21:18:56.297+0000][gc,marking    ] GC(4) Concurrent Mark (5.475s)
[2020-04-21T21:18:56.297+0000][gc,marking    ] GC(4) Concurrent Mark From Roots
[2020-04-21T21:18:56.297+0000][gc,task       ] GC(4) Using 1 workers of 1 for marking
[2020-04-21T21:18:56.332+0000][gc,marking    ] GC(4) Concurrent Mark From Roots 34.341ms
[2020-04-21T21:18:56.332+0000][gc,marking    ] GC(4) Concurrent Preclean
[2020-04-21T21:18:56.332+0000][gc,marking    ] GC(4) Concurrent Preclean 0.108ms
[2020-04-21T21:18:56.332+0000][gc,marking    ] GC(4) Concurrent Mark (5.475s, 5.510s) 34.507ms
[2020-04-21T21:18:56.345+0000][gc,start      ] GC(4) Pause Remark
[2020-04-21T21:18:56.368+0000][gc,stringtable] GC(4) Cleaned string and symbol table, strings: 11729 processed, 8 removed, symbols: 95305 processed, 24 removed
[2020-04-21T21:18:56.369+0000][gc,mmu        ] GC(4) MMU target violated: 21.0ms (20.0ms/21.0ms)
[2020-04-21T21:18:56.369+0000][gc            ] GC(4) Pause Remark 141M->141M(1024M) 23.833ms
[2020-04-21T21:18:56.369+0000][gc,cpu        ] GC(4) User=0.02s Sys=0.00s Real=0.02s
[2020-04-21T21:18:56.372+0000][gc,marking    ] GC(4) Concurrent Rebuild Remembered Sets
[2020-04-21T21:18:56.384+0000][gc,marking    ] GC(4) Concurrent Rebuild Remembered Sets 11.659ms
[2020-04-21T21:18:56.384+0000][gc,start      ] GC(4) Pause Cleanup
[2020-04-21T21:18:56.384+0000][gc            ] GC(4) Pause Cleanup 141M->141M(1024M) 0.271ms
[2020-04-21T21:18:56.384+0000][gc,cpu        ] GC(4) User=0.00s Sys=0.00s Real=0.01s
[2020-04-21T21:18:56.384+0000][gc,marking    ] GC(4) Concurrent Cleanup for Next Mark
[2020-04-21T21:18:56.486+0000][gc,marking    ] GC(4) Concurrent Cleanup for Next Mark 101.775ms
[2020-04-21T21:18:56.486+0000][gc            ] GC(4) Concurrent Cycle 197.123ms
[2020-04-21T21:18:58.408+0000][gc,start      ] GC(5) Pause Young (Normal) (G1 Evacuation Pause)
[2020-04-21T21:18:58.408+0000][gc,task       ] GC(5) Using 1 workers of 1 for evacuation
[2020-04-21T21:18:58.450+0000][gc,mmu        ] GC(5) MMU target violated: 21.0ms (20.0ms/21.0ms)
[2020-04-21T21:18:58.450+0000][gc,phases     ] GC(5)   Pre Evacuate Collection Set: 0.1ms
[2020-04-21T21:18:58.450+0000][gc,phases     ] GC(5)   Evacuate Collection Set: 40.8ms
[2020-04-21T21:18:58.450+0000][gc,phases     ] GC(5)   Post Evacuate Collection Set: 0.8ms
[2020-04-21T21:18:58.450+0000][gc,phases     ] GC(5)   Other: 0.4ms
[2020-04-21T21:18:58.450+0000][gc,heap       ] GC(5) Eden regions: 47->0(45)
[2020-04-21T21:18:58.450+0000][gc,heap       ] GC(5) Survivor regions: 4->6(7)
[2020-04-21T21:18:58.450+0000][gc,heap       ] GC(5) Old regions: 7->8
[2020-04-21T21:18:58.450+0000][gc,heap       ] GC(5) Humongous regions: 135->135
[2020-04-21T21:18:58.450+0000][gc,metaspace  ] GC(5) Metaspace: 42987K->42987K(1087488K)
[2020-04-21T21:18:58.450+0000][gc            ] GC(5) Pause Young (Normal) (G1 Evacuation Pause) 192M->149M(1024M) 42.070ms
[2020-04-21T21:18:58.450+0000][gc,cpu        ] GC(5) User=0.03s Sys=0.02s Real=0.04s
[2020-04-21T21:23:10.763+0000][gc,start      ] GC(6) Pause Young (Normal) (G1 Evacuation Pause)
[2020-04-21T21:23:10.763+0000][gc,task       ] GC(6) Using 1 workers of 1 for evacuation
[2020-04-21T21:23:10.806+0000][gc,mmu        ] GC(6) MMU target violated: 21.0ms (20.0ms/21.0ms)
[2020-04-21T21:23:10.806+0000][gc,phases     ] GC(6)   Pre Evacuate Collection Set: 1.0ms
[2020-04-21T21:23:10.806+0000][gc,phases     ] GC(6)   Evacuate Collection Set: 40.8ms
[2020-04-21T21:23:10.806+0000][gc,phases     ] GC(6)   Post Evacuate Collection Set: 1.0ms
[2020-04-21T21:23:10.807+0000][gc,phases     ] GC(6)   Other: 0.6ms
[2020-04-21T21:23:10.807+0000][gc,heap       ] GC(6) Eden regions: 45->0(45)
[2020-04-21T21:23:10.807+0000][gc,heap       ] GC(6) Survivor regions: 6->6(7)
[2020-04-21T21:23:10.807+0000][gc,heap       ] GC(6) Old regions: 8->11
[2020-04-21T21:23:10.807+0000][gc,heap       ] GC(6) Humongous regions: 171->129
[2020-04-21T21:23:10.807+0000][gc,metaspace  ] GC(6) Metaspace: 47183K->47183K(1091584K)
[2020-04-21T21:23:10.807+0000][gc            ] GC(6) Pause Young (Normal) (G1 Evacuation Pause) 230M->144M(1024M) 43.419ms
[2020-04-21T21:23:10.807+0000][gc,cpu        ] GC(6) User=0.05s Sys=0.00s Real=0.05s
[2020-04-21T21:32:55.885+0000][gc,start      ] GC(7) Pause Young (Normal) (G1 Evacuation Pause)
[2020-04-21T21:32:55.885+0000][gc,task       ] GC(7) Using 1 workers of 1 for evacuation
[2020-04-21T21:32:55.914+0000][gc,mmu        ] GC(7) MMU target violated: 21.0ms (20.0ms/21.0ms)
[2020-04-21T21:32:55.914+0000][gc,phases     ] GC(7)   Pre Evacuate Collection Set: 0.3ms
[2020-04-21T21:32:55.914+0000][gc,phases     ] GC(7)   Evacuate Collection Set: 28.1ms
[2020-04-21T21:32:55.914+0000][gc,phases     ] GC(7)   Post Evacuate Collection Set: 0.7ms
[2020-04-21T21:32:55.914+0000][gc,phases     ] GC(7)   Other: 0.5ms
[2020-04-21T21:32:55.914+0000][gc,heap       ] GC(7) Eden regions: 45->0(48)
[2020-04-21T21:32:55.914+0000][gc,heap       ] GC(7) Survivor regions: 6->3(7)
[2020-04-21T21:32:55.914+0000][gc,heap       ] GC(7) Old regions: 11->14
[2020-04-21T21:32:55.914+0000][gc,heap       ] GC(7) Humongous regions: 129->129
[2020-04-21T21:32:55.914+0000][gc,metaspace  ] GC(7) Metaspace: 47512K->47512K(1091584K)
[2020-04-21T21:32:55.914+0000][gc            ] GC(7) Pause Young (Normal) (G1 Evacuation Pause) 189M->144M(1024M) 29.639ms
[2020-04-21T21:32:55.915+0000][gc,cpu        ] GC(7) User=0.03s Sys=0.01s Real=0.02s
[2020-04-21T21:44:48.263+0000][gc,start      ] GC(8) Pause Young (Normal) (G1 Evacuation Pause)
[2020-04-21T21:44:48.263+0000][gc,task       ] GC(8) Using 1 workers of 1 for evacuation
[2020-04-21T21:44:48.283+0000][gc,phases     ] GC(8)   Pre Evacuate Collection Set: 0.6ms
[2020-04-21T21:44:48.283+0000][gc,phases     ] GC(8)   Evacuate Collection Set: 18.3ms
[2020-04-21T21:44:48.283+0000][gc,phases     ] GC(8)   Post Evacuate Collection Set: 0.6ms
[2020-04-21T21:44:48.283+0000][gc,phases     ] GC(8)   Other: 0.4ms
[2020-04-21T21:44:48.283+0000][gc,heap       ] GC(8) Eden regions: 48->0(48)
[2020-04-21T21:44:48.283+0000][gc,heap       ] GC(8) Survivor regions: 3->3(7)
[2020-04-21T21:44:48.283+0000][gc,heap       ] GC(8) Old regions: 14->14
[2020-04-21T21:44:48.283+0000][gc,heap       ] GC(8) Humongous regions: 129->129
[2020-04-21T21:44:48.283+0000][gc,metaspace  ] GC(8) Metaspace: 47615K->47615K(1091584K)
[2020-04-21T21:44:48.283+0000][gc            ] GC(8) Pause Young (Normal) (G1 Evacuation Pause) 192M->145M(1024M) 20.031ms
[2020-04-21T21:44:48.283+0000][gc,cpu        ] GC(8) User=0.02s Sys=0.00s Real=0.02s
[2020-04-21T21:56:58.263+0000][gc,start      ] GC(9) Pause Young (Normal) (G1 Evacuation Pause)
[2020-04-21T21:56:58.263+0000][gc,task       ] GC(9) Using 1 workers of 1 for evacuation
[2020-04-21T21:56:58.286+0000][gc,mmu        ] GC(9) MMU target violated: 21.0ms (20.0ms/21.0ms)
[2020-04-21T21:56:58.286+0000][gc,phases     ] GC(9)   Pre Evacuate Collection Set: 0.6ms
[2020-04-21T21:56:58.286+0000][gc,phases     ] GC(9)   Evacuate Collection Set: 21.2ms
[2020-04-21T21:56:58.286+0000][gc,phases     ] GC(9)   Post Evacuate Collection Set: 0.6ms
[2020-04-21T21:56:58.286+0000][gc,phases     ] GC(9)   Other: 0.5ms
[2020-04-21T21:56:58.286+0000][gc,heap       ] GC(9) Eden regions: 48->0(47)
[2020-04-21T21:56:58.286+0000][gc,heap       ] GC(9) Survivor regions: 3->4(7)
[2020-04-21T21:56:58.286+0000][gc,heap       ] GC(9) Old regions: 14->14
[2020-04-21T21:56:58.286+0000][gc,heap       ] GC(9) Humongous regions: 129->129
[2020-04-21T21:56:58.286+0000][gc,metaspace  ] GC(9) Metaspace: 47650K->47650K(1091584K)
[2020-04-21T21:56:58.286+0000][gc            ] GC(9) Pause Young (Normal) (G1 Evacuation Pause) 193M->145M(1024M) 22.946ms
[2020-04-21T21:56:58.286+0000][gc,cpu        ] GC(9) User=0.03s Sys=0.00s Real=0.03s
[2020-04-21T22:09:11.120+0000][gc,start      ] GC(10) Pause Young (Normal) (G1 Evacuation Pause)
[2020-04-21T22:09:11.120+0000][gc,task       ] GC(10) Using 1 workers of 1 for evacuation
[2020-04-21T22:09:11.141+0000][gc,mmu        ] GC(10) MMU target violated: 20.3ms (20.0ms/21.0ms)
[2020-04-21T22:09:11.141+0000][gc,phases     ] GC(10)   Pre Evacuate Collection Set: 0.7ms
[2020-04-21T22:09:11.141+0000][gc,phases     ] GC(10)   Evacuate Collection Set: 18.7ms
[2020-04-21T22:09:11.141+0000][gc,phases     ] GC(10)   Post Evacuate Collection Set: 0.7ms
[2020-04-21T22:09:11.141+0000][gc,phases     ] GC(10)   Other: 0.6ms
[2020-04-21T22:09:11.141+0000][gc,heap       ] GC(10) Eden regions: 47->0(48)
[2020-04-21T22:09:11.141+0000][gc,heap       ] GC(10) Survivor regions: 4->3(7)
[2020-04-21T22:09:11.141+0000][gc,heap       ] GC(10) Old regions: 14->14
[2020-04-21T22:09:11.141+0000][gc,heap       ] GC(10) Humongous regions: 129->129
[2020-04-21T22:09:11.141+0000][gc,metaspace  ] GC(10) Metaspace: 47707K->47707K(1091584K)
[2020-04-21T22:09:11.141+0000][gc            ] GC(10) Pause Young (Normal) (G1 Evacuation Pause) 192M->145M(1024M) 20.664ms
[2020-04-21T22:09:11.141+0000][gc,cpu        ] GC(10) User=0.02s Sys=0.00s Real=0.02s
[2020-04-21T22:18:57.803+0000][gc,start      ] GC(11) Pause Young (Normal) (G1 Evacuation Pause)
[2020-04-21T22:18:57.803+0000][gc,task       ] GC(11) Using 1 workers of 1 for evacuation
[2020-04-21T22:18:57.825+0000][gc,mmu        ] GC(11) MMU target violated: 21.0ms (20.0ms/21.0ms)
[2020-04-21T22:18:57.825+0000][gc,phases     ] GC(11)   Pre Evacuate Collection Set: 0.5ms
[2020-04-21T22:18:57.825+0000][gc,phases     ] GC(11)   Evacuate Collection Set: 20.0ms
[2020-04-21T22:18:57.825+0000][gc,phases     ] GC(11)   Post Evacuate Collection Set: 0.6ms
[2020-04-21T22:18:57.825+0000][gc,phases     ] GC(11)   Other: 0.5ms
[2020-04-21T22:18:57.825+0000][gc,heap       ] GC(11) Eden regions: 48->0(47)
[2020-04-21T22:18:57.825+0000][gc,heap       ] GC(11) Survivor regions: 3->4(7)
[2020-04-21T22:18:57.825+0000][gc,heap       ] GC(11) Old regions: 14->14
[2020-04-21T22:18:57.825+0000][gc,heap       ] GC(11) Humongous regions: 129->129
[2020-04-21T22:18:57.825+0000][gc,metaspace  ] GC(11) Metaspace: 48367K->48367K(1093632K)
[2020-04-21T22:18:57.825+0000][gc            ] GC(11) Pause Young (Normal) (G1 Evacuation Pause) 193M->145M(1024M) 21.661ms
[2020-04-21T22:18:57.825+0000][gc,cpu        ] GC(11) User=0.03s Sys=0.00s Real=0.03s
[2020-04-21T22:29:56.423+0000][gc,start      ] GC(12) Pause Young (Normal) (G1 Evacuation Pause)
[2020-04-21T22:29:56.423+0000][gc,task       ] GC(12) Using 1 workers of 1 for evacuation
[2020-04-21T22:29:56.449+0000][gc,mmu        ] GC(12) MMU target violated: 21.0ms (20.0ms/21.0ms)
[2020-04-21T22:29:56.449+0000][gc,phases     ] GC(12)   Pre Evacuate Collection Set: 0.7ms
[2020-04-21T22:29:56.449+0000][gc,phases     ] GC(12)   Evacuate Collection Set: 23.4ms
[2020-04-21T22:29:56.449+0000][gc,phases     ] GC(12)   Post Evacuate Collection Set: 0.7ms
[2020-04-21T22:29:56.449+0000][gc,phases     ] GC(12)   Other: 0.5ms
[2020-04-21T22:29:56.449+0000][gc,heap       ] GC(12) Eden regions: 47->0(47)
[2020-04-21T22:29:56.449+0000][gc,heap       ] GC(12) Survivor regions: 4->4(7)
[2020-04-21T22:29:56.449+0000][gc,heap       ] GC(12) Old regions: 14->14
[2020-04-21T22:29:56.449+0000][gc,heap       ] GC(12) Humongous regions: 129->129
[2020-04-21T22:29:56.449+0000][gc,metaspace  ] GC(12) Metaspace: 48410K->48410K(1093632K)
[2020-04-21T22:29:56.449+0000][gc            ] GC(12) Pause Young (Normal) (G1 Evacuation Pause) 192M->146M(1024M) 25.364ms
[2020-04-21T22:29:56.449+0000][gc,cpu        ] GC(12) User=0.03s Sys=0.00s Real=0.03s
[2020-04-21T22:41:11.349+0000][gc,start      ] GC(13) Pause Young (Normal) (G1 Evacuation Pause)
[2020-04-21T22:41:11.349+0000][gc,task       ] GC(13) Using 1 workers of 1 for evacuation
[2020-04-21T22:41:11.373+0000][gc,mmu        ] GC(13) MMU target violated: 21.0ms (20.0ms/21.0ms)
[2020-04-21T22:41:11.374+0000][gc,phases     ] GC(13)   Pre Evacuate Collection Set: 0.3ms
[2020-04-21T22:41:11.374+0000][gc,phases     ] GC(13)   Evacuate Collection Set: 23.3ms
[2020-04-21T22:41:11.374+0000][gc,phases     ] GC(13)   Post Evacuate Collection Set: 0.7ms
[2020-04-21T22:41:11.374+0000][gc,phases     ] GC(13)   Other: 0.5ms
[2020-04-21T22:41:11.374+0000][gc,heap       ] GC(13) Eden regions: 47->0(48)
[2020-04-21T22:41:11.374+0000][gc,heap       ] GC(13) Survivor regions: 4->3(7)
[2020-04-21T22:41:11.374+0000][gc,heap       ] GC(13) Old regions: 14->15
[2020-04-21T22:41:11.374+0000][gc,heap       ] GC(13) Humongous regions: 129->129
[2020-04-21T22:41:11.374+0000][gc,metaspace  ] GC(13) Metaspace: 48452K->48452K(1093632K)
[2020-04-21T22:41:11.374+0000][gc            ] GC(13) Pause Young (Normal) (G1 Evacuation Pause) 193M->146M(1024M) 24.812ms
[2020-04-21T22:41:11.374+0000][gc,cpu        ] GC(13) User=0.02s Sys=0.01s Real=0.02s
[2020-04-21T22:52:25.256+0000][gc,start      ] GC(14) Pause Young (Normal) (G1 Evacuation Pause)
[2020-04-21T22:52:25.256+0000][gc,task       ] GC(14) Using 1 workers of 1 for evacuation
[2020-04-21T22:52:25.274+0000][gc,phases     ] GC(14)   Pre Evacuate Collection Set: 0.7ms
[2020-04-21T22:52:25.274+0000][gc,phases     ] GC(14)   Evacuate Collection Set: 16.7ms
[2020-04-21T22:52:25.274+0000][gc,phases     ] GC(14)   Post Evacuate Collection Set: 0.6ms
[2020-04-21T22:52:25.275+0000][gc,phases     ] GC(14)   Other: 0.7ms
[2020-04-21T22:52:25.275+0000][gc,heap       ] GC(14) Eden regions: 48->0(48)
[2020-04-21T22:52:25.275+0000][gc,heap       ] GC(14) Survivor regions: 3->3(7)
[2020-04-21T22:52:25.275+0000][gc,heap       ] GC(14) Old regions: 15->15
[2020-04-21T22:52:25.275+0000][gc,heap       ] GC(14) Humongous regions: 129->129
[2020-04-21T22:52:25.275+0000][gc,metaspace  ] GC(14) Metaspace: 48505K->48505K(1093632K)
[2020-04-21T22:52:25.275+0000][gc            ] GC(14) Pause Young (Normal) (G1 Evacuation Pause) 194M->146M(1024M) 18.711ms
[2020-04-21T22:52:25.275+0000][gc,cpu        ] GC(14) User=0.02s Sys=0.00s Real=0.02s
[2020-04-21T23:04:48.263+0000][gc,start      ] GC(15) Pause Young (Normal) (G1 Evacuation Pause)
[2020-04-21T23:04:48.263+0000][gc,task       ] GC(15) Using 1 workers of 1 for evacuation
[2020-04-21T23:04:48.285+0000][gc,mmu        ] GC(15) MMU target violated: 21.0ms (20.0ms/21.0ms)
[2020-04-21T23:04:48.285+0000][gc,phases     ] GC(15)   Pre Evacuate Collection Set: 0.6ms
[2020-04-21T23:04:48.285+0000][gc,phases     ] GC(15)   Evacuate Collection Set: 20.1ms
[2020-04-21T23:04:48.285+0000][gc,phases     ] GC(15)   Post Evacuate Collection Set: 0.6ms
[2020-04-21T23:04:48.285+0000][gc,phases     ] GC(15)   Other: 0.8ms
[2020-04-21T23:04:48.285+0000][gc,heap       ] GC(15) Eden regions: 48->0(47)
[2020-04-21T23:04:48.285+0000][gc,heap       ] GC(15) Survivor regions: 3->4(7)
[2020-04-21T23:04:48.285+0000][gc,heap       ] GC(15) Old regions: 15->15
[2020-04-21T23:04:48.285+0000][gc,heap       ] GC(15) Humongous regions: 129->129
[2020-04-21T23:04:48.285+0000][gc,metaspace  ] GC(15) Metaspace: 48530K->48530K(1093632K)
[2020-04-21T23:04:48.285+0000][gc            ] GC(15) Pause Young (Normal) (G1 Evacuation Pause) 194M->146M(1024M) 22.117ms
[2020-04-21T23:04:48.285+0000][gc,cpu        ] GC(15) User=0.02s Sys=0.00s Real=0.03s
[2020-04-21T23:17:00.526+0000][gc,start      ] GC(16) Pause Young (Normal) (G1 Evacuation Pause)
[2020-04-21T23:17:00.526+0000][gc,task       ] GC(16) Using 1 workers of 1 for evacuation
[2020-04-21T23:17:00.543+0000][gc,phases     ] GC(16)   Pre Evacuate Collection Set: 0.3ms
[2020-04-21T23:17:00.543+0000][gc,phases     ] GC(16)   Evacuate Collection Set: 15.8ms
[2020-04-21T23:17:00.543+0000][gc,phases     ] GC(16)   Post Evacuate Collection Set: 0.5ms
[2020-04-21T23:17:00.543+0000][gc,phases     ] GC(16)   Other: 0.4ms
[2020-04-21T23:17:00.543+0000][gc,heap       ] GC(16) Eden regions: 47->0(48)
[2020-04-21T23:17:00.543+0000][gc,heap       ] GC(16) Survivor regions: 4->3(7)
[2020-04-21T23:17:00.543+0000][gc,heap       ] GC(16) Old regions: 15->15
[2020-04-21T23:17:00.543+0000][gc,heap       ] GC(16) Humongous regions: 129->129
[2020-04-21T23:17:00.543+0000][gc,metaspace  ] GC(16) Metaspace: 48546K->48546K(1093632K)
[2020-04-21T23:17:00.543+0000][gc            ] GC(16) Pause Young (Normal) (G1 Evacuation Pause) 193M->145M(1024M) 17.210ms
[2020-04-21T23:17:00.543+0000][gc,cpu        ] GC(16) User=0.02s Sys=0.00s Real=0.01s
[2020-04-21T23:27:51.791+0000][gc,start      ] GC(17) Pause Young (Normal) (G1 Evacuation Pause)
[2020-04-21T23:27:51.792+0000][gc,task       ] GC(17) Using 1 workers of 1 for evacuation
[2020-04-21T23:27:51.810+0000][gc,phases     ] GC(17)   Pre Evacuate Collection Set: 0.3ms
[2020-04-21T23:27:51.810+0000][gc,phases     ] GC(17)   Evacuate Collection Set: 17.6ms
[2020-04-21T23:27:51.810+0000][gc,phases     ] GC(17)   Post Evacuate Collection Set: 0.5ms
[2020-04-21T23:27:51.810+0000][gc,phases     ] GC(17)   Other: 0.4ms
[2020-04-21T23:27:51.810+0000][gc,heap       ] GC(17) Eden regions: 48->0(47)
[2020-04-21T23:27:51.810+0000][gc,heap       ] GC(17) Survivor regions: 3->4(7)
[2020-04-21T23:27:51.810+0000][gc,heap       ] GC(17) Old regions: 15->15
[2020-04-21T23:27:51.810+0000][gc,heap       ] GC(17) Humongous regions: 129->129
[2020-04-21T23:27:51.810+0000][gc,metaspace  ] GC(17) Metaspace: 48663K->48663K(1093632K)
[2020-04-21T23:27:51.810+0000][gc            ] GC(17) Pause Young (Normal) (G1 Evacuation Pause) 193M->146M(1024M) 18.866ms
[2020-04-21T23:27:51.810+0000][gc,cpu        ] GC(17) User=0.02s Sys=0.00s Real=0.02s
[2020-04-21T23:38:25.256+0000][gc,start      ] GC(18) Pause Young (Normal) (G1 Evacuation Pause)
[2020-04-21T23:38:25.256+0000][gc,task       ] GC(18) Using 1 workers of 1 for evacuation
[2020-04-21T23:38:25.275+0000][gc,phases     ] GC(18)   Pre Evacuate Collection Set: 0.5ms
[2020-04-21T23:38:25.275+0000][gc,phases     ] GC(18)   Evacuate Collection Set: 17.6ms
[2020-04-21T23:38:25.275+0000][gc,phases     ] GC(18)   Post Evacuate Collection Set: 0.6ms
[2020-04-21T23:38:25.275+0000][gc,phases     ] GC(18)   Other: 0.5ms
[2020-04-21T23:38:25.275+0000][gc,heap       ] GC(18) Eden regions: 47->0(48)
[2020-04-21T23:38:25.275+0000][gc,heap       ] GC(18) Survivor regions: 4->3(7)
[2020-04-21T23:38:25.275+0000][gc,heap       ] GC(18) Old regions: 15->15
[2020-04-21T23:38:25.275+0000][gc,heap       ] GC(18) Humongous regions: 129->129
[2020-04-21T23:38:25.275+0000][gc,metaspace  ] GC(18) Metaspace: 48900K->48900K(1093632K)
[2020-04-21T23:38:25.275+0000][gc            ] GC(18) Pause Young (Normal) (G1 Evacuation Pause) 193M->146M(1024M) 19.238ms
[2020-04-21T23:38:25.275+0000][gc,cpu        ] GC(18) User=0.01s Sys=0.00s Real=0.02s
[2020-04-21T23:52:50.659+0000][gc,start      ] GC(19) Pause Young (Normal) (G1 Evacuation Pause)
[2020-04-21T23:52:50.659+0000][gc,task       ] GC(19) Using 1 workers of 1 for evacuation
[2020-04-21T23:52:50.681+0000][gc,mmu        ] GC(19) MMU target violated: 21.0ms (20.0ms/21.0ms)
[2020-04-21T23:52:50.681+0000][gc,phases     ] GC(19)   Pre Evacuate Collection Set: 0.6ms
[2020-04-21T23:52:50.681+0000][gc,phases     ] GC(19)   Evacuate Collection Set: 20.3ms
[2020-04-21T23:52:50.681+0000][gc,phases     ] GC(19)   Post Evacuate Collection Set: 0.7ms
[2020-04-21T23:52:50.681+0000][gc,phases     ] GC(19)   Other: 0.4ms
[2020-04-21T23:52:50.681+0000][gc,heap       ] GC(19) Eden regions: 48->0(48)
[2020-04-21T23:52:50.681+0000][gc,heap       ] GC(19) Survivor regions: 3->3(7)
[2020-04-21T23:52:50.681+0000][gc,heap       ] GC(19) Old regions: 15->15
[2020-04-21T23:52:50.681+0000][gc,heap       ] GC(19) Humongous regions: 129->129
[2020-04-21T23:52:50.681+0000][gc,metaspace  ] GC(19) Metaspace: 49131K->49131K(1093632K)
[2020-04-21T23:52:50.681+0000][gc            ] GC(19) Pause Young (Normal) (G1 Evacuation Pause) 193M->146M(1024M) 22.058ms
[2020-04-21T23:52:50.681+0000][gc,cpu        ] GC(19) User=0.01s Sys=0.00s Real=0.02s
[2020-04-22T00:05:30.815+0000][gc,start      ] GC(20) Pause Young (Normal) (G1 Evacuation Pause)
[2020-04-22T00:05:30.815+0000][gc,task       ] GC(20) Using 1 workers of 1 for evacuation
[2020-04-22T00:05:30.832+0000][gc,phases     ] GC(20)   Pre Evacuate Collection Set: 0.4ms
[2020-04-22T00:05:30.832+0000][gc,phases     ] GC(20)   Evacuate Collection Set: 15.5ms
[2020-04-22T00:05:30.832+0000][gc,phases     ] GC(20)   Post Evacuate Collection Set: 0.6ms
[2020-04-22T00:05:30.832+0000][gc,phases     ] GC(20)   Other: 0.4ms
[2020-04-22T00:05:30.832+0000][gc,heap       ] GC(20) Eden regions: 48->0(48)
[2020-04-22T00:05:30.832+0000][gc,heap       ] GC(20) Survivor regions: 3->3(7)
[2020-04-22T00:05:30.832+0000][gc,heap       ] GC(20) Old regions: 15->15
[2020-04-22T00:05:30.832+0000][gc,heap       ] GC(20) Humongous regions: 129->129
[2020-04-22T00:05:30.832+0000][gc,metaspace  ] GC(20) Metaspace: 49172K->49172K(1093632K)
[2020-04-22T00:05:30.832+0000][gc            ] GC(20) Pause Young (Normal) (G1 Evacuation Pause) 194M->146M(1024M) 17.007ms
[2020-04-22T00:05:30.832+0000][gc,cpu        ] GC(20) User=0.02s Sys=0.00s Real=0.02s
[2020-04-22T00:23:48.984+0000][gc,start      ] GC(21) Pause Young (Normal) (G1 Evacuation Pause)
[2020-04-22T00:23:48.984+0000][gc,task       ] GC(21) Using 1 workers of 1 for evacuation
[2020-04-22T00:23:49.002+0000][gc,phases     ] GC(21)   Pre Evacuate Collection Set: 0.8ms
[2020-04-22T00:23:49.002+0000][gc,phases     ] GC(21)   Evacuate Collection Set: 16.4ms
[2020-04-22T00:23:49.002+0000][gc,phases     ] GC(21)   Post Evacuate Collection Set: 0.6ms
[2020-04-22T00:23:49.002+0000][gc,phases     ] GC(21)   Other: 0.5ms
[2020-04-22T00:23:49.002+0000][gc,heap       ] GC(21) Eden regions: 48->0(48)
[2020-04-22T00:23:49.002+0000][gc,heap       ] GC(21) Survivor regions: 3->3(7)
[2020-04-22T00:23:49.002+0000][gc,heap       ] GC(21) Old regions: 15->15
[2020-04-22T00:23:49.002+0000][gc,heap       ] GC(21) Humongous regions: 129->129
[2020-04-22T00:23:49.002+0000][gc,metaspace  ] GC(21) Metaspace: 49181K->49181K(1093632K)
[2020-04-22T00:23:49.002+0000][gc            ] GC(21) Pause Young (Normal) (G1 Evacuation Pause) 194M->146M(1024M) 18.389ms
[2020-04-22T00:23:49.002+0000][gc,cpu        ] GC(21) User=0.01s Sys=0.00s Real=0.02s
[2020-04-22T00:38:41.024+0000][gc,start      ] GC(22) Pause Young (Normal) (G1 Evacuation Pause)
[2020-04-22T00:38:41.024+0000][gc,task       ] GC(22) Using 1 workers of 1 for evacuation
[2020-04-22T00:38:41.046+0000][gc,mmu        ] GC(22) MMU target violated: 21.0ms (20.0ms/21.0ms)
[2020-04-22T00:38:41.046+0000][gc,phases     ] GC(22)   Pre Evacuate Collection Set: 0.5ms
[2020-04-22T00:38:41.046+0000][gc,phases     ] GC(22)   Evacuate Collection Set: 19.9ms
[2020-04-22T00:38:41.046+0000][gc,phases     ] GC(22)   Post Evacuate Collection Set: 0.6ms
[2020-04-22T00:38:41.046+0000][gc,phases     ] GC(22)   Other: 0.5ms
[2020-04-22T00:38:41.046+0000][gc,heap       ] GC(22) Eden regions: 48->0(47)
[2020-04-22T00:38:41.046+0000][gc,heap       ] GC(22) Survivor regions: 3->4(7)
[2020-04-22T00:38:41.046+0000][gc,heap       ] GC(22) Old regions: 15->15
[2020-04-22T00:38:41.046+0000][gc,heap       ] GC(22) Humongous regions: 129->129
[2020-04-22T00:38:41.046+0000][gc,metaspace  ] GC(22) Metaspace: 49226K->49226K(1093632K)
[2020-04-22T00:38:41.046+0000][gc            ] GC(22) Pause Young (Normal) (G1 Evacuation Pause) 193M->146M(1024M) 21.704ms
[2020-04-22T00:38:41.046+0000][gc,cpu        ] GC(22) User=0.02s Sys=0.00s Real=0.02s
[2020-04-22T00:54:12.918+0000][gc,start      ] GC(23) Pause Young (Normal) (G1 Evacuation Pause)
[2020-04-22T00:54:12.918+0000][gc,task       ] GC(23) Using 1 workers of 1 for evacuation
[2020-04-22T00:54:12.936+0000][gc,phases     ] GC(23)   Pre Evacuate Collection Set: 0.6ms
[2020-04-22T00:54:12.936+0000][gc,phases     ] GC(23)   Evacuate Collection Set: 16.5ms
[2020-04-22T00:54:12.936+0000][gc,phases     ] GC(23)   Post Evacuate Collection Set: 0.6ms
[2020-04-22T00:54:12.936+0000][gc,phases     ] GC(23)   Other: 0.4ms
[2020-04-22T00:54:12.936+0000][gc,heap       ] GC(23) Eden regions: 47->0(48)
[2020-04-22T00:54:12.936+0000][gc,heap       ] GC(23) Survivor regions: 4->3(7)
[2020-04-22T00:54:12.936+0000][gc,heap       ] GC(23) Old regions: 15->15
[2020-04-22T00:54:12.936+0000][gc,heap       ] GC(23) Humongous regions: 129->129
[2020-04-22T00:54:12.936+0000][gc,metaspace  ] GC(23) Metaspace: 49236K->49236K(1093632K)
[2020-04-22T00:54:12.936+0000][gc            ] GC(23) Pause Young (Normal) (G1 Evacuation Pause) 193M->146M(1024M) 18.250ms
[2020-04-22T00:54:12.936+0000][gc,cpu        ] GC(23) User=0.01s Sys=0.00s Real=0.01s
[2020-04-22T01:13:02.169+0000][gc,start      ] GC(24) Pause Young (Normal) (G1 Evacuation Pause)
[2020-04-22T01:13:02.169+0000][gc,task       ] GC(24) Using 1 workers of 1 for evacuation
[2020-04-22T01:13:02.187+0000][gc,phases     ] GC(24)   Pre Evacuate Collection Set: 0.7ms
[2020-04-22T01:13:02.187+0000][gc,phases     ] GC(24)   Evacuate Collection Set: 16.0ms
[2020-04-22T01:13:02.187+0000][gc,phases     ] GC(24)   Post Evacuate Collection Set: 0.6ms
[2020-04-22T01:13:02.187+0000][gc,phases     ] GC(24)   Other: 0.7ms
[2020-04-22T01:13:02.187+0000][gc,heap       ] GC(24) Eden regions: 48->0(48)
[2020-04-22T01:13:02.187+0000][gc,heap       ] GC(24) Survivor regions: 3->3(7)
[2020-04-22T01:13:02.187+0000][gc,heap       ] GC(24) Old regions: 15->15
[2020-04-22T01:13:02.187+0000][gc,heap       ] GC(24) Humongous regions: 129->129
[2020-04-22T01:13:02.187+0000][gc,metaspace  ] GC(24) Metaspace: 49238K->49238K(1093632K)
[2020-04-22T01:13:02.187+0000][gc            ] GC(24) Pause Young (Normal) (G1 Evacuation Pause) 194M->146M(1024M) 18.178ms
[2020-04-22T01:13:02.187+0000][gc,cpu        ] GC(24) User=0.02s Sys=0.00s Real=0.02s
[2020-04-22T01:31:58.524+0000][gc,start      ] GC(25) Pause Young (Normal) (G1 Evacuation Pause)
[2020-04-22T01:31:58.524+0000][gc,task       ] GC(25) Using 1 workers of 1 for evacuation
[2020-04-22T01:31:58.542+0000][gc,phases     ] GC(25)   Pre Evacuate Collection Set: 0.8ms
[2020-04-22T01:31:58.542+0000][gc,phases     ] GC(25)   Evacuate Collection Set: 15.9ms
[2020-04-22T01:31:58.542+0000][gc,phases     ] GC(25)   Post Evacuate Collection Set: 0.6ms
[2020-04-22T01:31:58.542+0000][gc,phases     ] GC(25)   Other: 1.1ms
[2020-04-22T01:31:58.542+0000][gc,heap       ] GC(25) Eden regions: 48->0(48)
[2020-04-22T01:31:58.542+0000][gc,heap       ] GC(25) Survivor regions: 3->3(7)
[2020-04-22T01:31:58.542+0000][gc,heap       ] GC(25) Old regions: 15->15
[2020-04-22T01:31:58.542+0000][gc,heap       ] GC(25) Humongous regions: 129->129
[2020-04-22T01:31:58.542+0000][gc,metaspace  ] GC(25) Metaspace: 49242K->49242K(1093632K)
[2020-04-22T01:31:58.542+0000][gc            ] GC(25) Pause Young (Normal) (G1 Evacuation Pause) 194M->146M(1024M) 18.363ms
[2020-04-22T01:31:58.542+0000][gc,cpu        ] GC(25) User=0.02s Sys=0.00s Real=0.02s
[2020-04-22T01:50:28.294+0000][gc,start      ] GC(26) Pause Young (Normal) (G1 Evacuation Pause)
[2020-04-22T01:50:28.294+0000][gc,task       ] GC(26) Using 1 workers of 1 for evacuation
[2020-04-22T01:50:28.322+0000][gc,mmu        ] GC(26) MMU target violated: 21.0ms (20.0ms/21.0ms)
[2020-04-22T01:50:28.322+0000][gc,phases     ] GC(26)   Pre Evacuate Collection Set: 3.9ms
[2020-04-22T01:50:28.322+0000][gc,phases     ] GC(26)   Evacuate Collection Set: 22.4ms
[2020-04-22T01:50:28.322+0000][gc,phases     ] GC(26)   Post Evacuate Collection Set: 0.7ms
[2020-04-22T01:50:28.322+0000][gc,phases     ] GC(26)   Other: 1.2ms
[2020-04-22T01:50:28.322+0000][gc,heap       ] GC(26) Eden regions: 48->0(48)
[2020-04-22T01:50:28.322+0000][gc,heap       ] GC(26) Survivor regions: 3->3(7)
[2020-04-22T01:50:28.322+0000][gc,heap       ] GC(26) Old regions: 15->15
[2020-04-22T01:50:28.322+0000][gc,heap       ] GC(26) Humongous regions: 129->129
[2020-04-22T01:50:28.322+0000][gc,metaspace  ] GC(26) Metaspace: 49259K->49259K(1093632K)
[2020-04-22T01:50:28.322+0000][gc            ] GC(26) Pause Young (Normal) (G1 Evacuation Pause) 194M->146M(1024M) 28.172ms
[2020-04-22T01:50:28.322+0000][gc,cpu        ] GC(26) User=0.03s Sys=0.00s Real=0.03s
[2020-04-22T02:09:43.263+0000][gc,start      ] GC(27) Pause Young (Normal) (G1 Evacuation Pause)
[2020-04-22T02:09:43.264+0000][gc,task       ] GC(27) Using 1 workers of 1 for evacuation
[2020-04-22T02:09:43.281+0000][gc,phases     ] GC(27)   Pre Evacuate Collection Set: 0.4ms
[2020-04-22T02:09:43.282+0000][gc,phases     ] GC(27)   Evacuate Collection Set: 16.6ms
[2020-04-22T02:09:43.282+0000][gc,phases     ] GC(27)   Post Evacuate Collection Set: 0.6ms
[2020-04-22T02:09:43.282+0000][gc,phases     ] GC(27)   Other: 0.5ms
[2020-04-22T02:09:43.282+0000][gc,heap       ] GC(27) Eden regions: 48->0(48)
[2020-04-22T02:09:43.282+0000][gc,heap       ] GC(27) Survivor regions: 3->3(7)
[2020-04-22T02:09:43.282+0000][gc,heap       ] GC(27) Old regions: 15->15
[2020-04-22T02:09:43.282+0000][gc,heap       ] GC(27) Humongous regions: 129->129
[2020-04-22T02:09:43.282+0000][gc,metaspace  ] GC(27) Metaspace: 49259K->49259K(1093632K)
[2020-04-22T02:09:43.282+0000][gc            ] GC(27) Pause Young (Normal) (G1 Evacuation Pause) 194M->146M(1024M) 18.228ms
[2020-04-22T02:09:43.282+0000][gc,cpu        ] GC(27) User=0.02s Sys=0.00s Real=0.02s
[2020-04-22T02:25:13.263+0000][gc,start      ] GC(28) Pause Young (Normal) (G1 Evacuation Pause)
[2020-04-22T02:25:13.263+0000][gc,task       ] GC(28) Using 1 workers of 1 for evacuation
[2020-04-22T02:25:13.277+0000][gc,phases     ] GC(28)   Pre Evacuate Collection Set: 0.3ms
[2020-04-22T02:25:13.277+0000][gc,phases     ] GC(28)   Evacuate Collection Set: 12.8ms
[2020-04-22T02:25:13.277+0000][gc,phases     ] GC(28)   Post Evacuate Collection Set: 0.5ms
[2020-04-22T02:25:13.277+0000][gc,phases     ] GC(28)   Other: 0.5ms
[2020-04-22T02:25:13.277+0000][gc,heap       ] GC(28) Eden regions: 48->0(48)
[2020-04-22T02:25:13.277+0000][gc,heap       ] GC(28) Survivor regions: 3->3(7)
[2020-04-22T02:25:13.277+0000][gc,heap       ] GC(28) Old regions: 15->15
[2020-04-22T02:25:13.277+0000][gc,heap       ] GC(28) Humongous regions: 129->129
[2020-04-22T02:25:13.277+0000][gc,metaspace  ] GC(28) Metaspace: 49271K->49271K(1093632K)
[2020-04-22T02:25:13.277+0000][gc            ] GC(28) Pause Young (Normal) (G1 Evacuation Pause) 194M->146M(1024M) 14.279ms
[2020-04-22T02:25:13.277+0000][gc,cpu        ] GC(28) User=0.01s Sys=0.00s Real=0.02s
[2020-04-22T02:43:25.255+0000][gc,start      ] GC(29) Pause Young (Normal) (G1 Evacuation Pause)
[2020-04-22T02:43:25.255+0000][gc,task       ] GC(29) Using 1 workers of 1 for evacuation
[2020-04-22T02:43:25.269+0000][gc,phases     ] GC(29)   Pre Evacuate Collection Set: 0.4ms
[2020-04-22T02:43:25.269+0000][gc,phases     ] GC(29)   Evacuate Collection Set: 13.2ms
[2020-04-22T02:43:25.269+0000][gc,phases     ] GC(29)   Post Evacuate Collection Set: 0.5ms
[2020-04-22T02:43:25.269+0000][gc,phases     ] GC(29)   Other: 0.4ms
[2020-04-22T02:43:25.269+0000][gc,heap       ] GC(29) Eden regions: 48->0(49)
[2020-04-22T02:43:25.269+0000][gc,heap       ] GC(29) Survivor regions: 3->3(7)
[2020-04-22T02:43:25.269+0000][gc,heap       ] GC(29) Old regions: 15->15
[2020-04-22T02:43:25.269+0000][gc,heap       ] GC(29) Humongous regions: 129->129
[2020-04-22T02:43:25.269+0000][gc,metaspace  ] GC(29) Metaspace: 49273K->49273K(1093632K)
[2020-04-22T02:43:25.269+0000][gc            ] GC(29) Pause Young (Normal) (G1 Evacuation Pause) 194M->146M(1024M) 14.650ms
[2020-04-22T02:43:25.270+0000][gc,cpu        ] GC(29) User=0.02s Sys=0.00s Real=0.02s
[2020-04-22T02:59:28.263+0000][gc,start      ] GC(30) Pause Young (Normal) (G1 Evacuation Pause)
[2020-04-22T02:59:28.263+0000][gc,task       ] GC(30) Using 1 workers of 1 for evacuation
[2020-04-22T02:59:28.277+0000][gc,phases     ] GC(30)   Pre Evacuate Collection Set: 0.3ms
[2020-04-22T02:59:28.277+0000][gc,phases     ] GC(30)   Evacuate Collection Set: 12.9ms
[2020-04-22T02:59:28.277+0000][gc,phases     ] GC(30)   Post Evacuate Collection Set: 0.7ms
[2020-04-22T02:59:28.278+0000][gc,phases     ] GC(30)   Other: 0.4ms
[2020-04-22T02:59:28.278+0000][gc,heap       ] GC(30) Eden regions: 49->0(49)
[2020-04-22T02:59:28.278+0000][gc,heap       ] GC(30) Survivor regions: 3->3(7)
[2020-04-22T02:59:28.278+0000][gc,heap       ] GC(30) Old regions: 15->15
[2020-04-22T02:59:28.278+0000][gc,heap       ] GC(30) Humongous regions: 129->129
[2020-04-22T02:59:28.278+0000][gc,metaspace  ] GC(30) Metaspace: 49302K->49302K(1093632K)
[2020-04-22T02:59:28.278+0000][gc            ] GC(30) Pause Young (Normal) (G1 Evacuation Pause) 195M->146M(1024M) 14.323ms
[2020-04-22T02:59:28.278+0000][gc,cpu        ] GC(30) User=0.02s Sys=0.00s Real=0.02s
[2020-04-22T03:13:53.263+0000][gc,start      ] GC(31) Pause Young (Normal) (G1 Evacuation Pause)
[2020-04-22T03:13:53.263+0000][gc,task       ] GC(31) Using 1 workers of 1 for evacuation
[2020-04-22T03:13:53.277+0000][gc,phases     ] GC(31)   Pre Evacuate Collection Set: 0.3ms
[2020-04-22T03:13:53.277+0000][gc,phases     ] GC(31)   Evacuate Collection Set: 12.4ms
[2020-04-22T03:13:53.277+0000][gc,phases     ] GC(31)   Post Evacuate Collection Set: 0.5ms
[2020-04-22T03:13:53.277+0000][gc,phases     ] GC(31)   Other: 0.5ms
[2020-04-22T03:13:53.277+0000][gc,heap       ] GC(31) Eden regions: 49->0(49)
[2020-04-22T03:13:53.277+0000][gc,heap       ] GC(31) Survivor regions: 3->3(7)
[2020-04-22T03:13:53.277+0000][gc,heap       ] GC(31) Old regions: 15->15
[2020-04-22T03:13:53.277+0000][gc,heap       ] GC(31) Humongous regions: 129->129
[2020-04-22T03:13:53.277+0000][gc,metaspace  ] GC(31) Metaspace: 49310K->49310K(1093632K)
[2020-04-22T03:13:53.277+0000][gc            ] GC(31) Pause Young (Normal) (G1 Evacuation Pause) 195M->146M(1024M) 13.742ms
[2020-04-22T03:13:53.277+0000][gc,cpu        ] GC(31) User=0.02s Sys=0.00s Real=0.02s
[2020-04-22T03:31:28.263+0000][gc,start      ] GC(32) Pause Young (Normal) (G1 Evacuation Pause)
[2020-04-22T03:31:28.263+0000][gc,task       ] GC(32) Using 1 workers of 1 for evacuation
[2020-04-22T03:31:28.278+0000][gc,phases     ] GC(32)   Pre Evacuate Collection Set: 0.3ms
[2020-04-22T03:31:28.278+0000][gc,phases     ] GC(32)   Evacuate Collection Set: 13.6ms
[2020-04-22T03:31:28.278+0000][gc,phases     ] GC(32)   Post Evacuate Collection Set: 0.5ms
[2020-04-22T03:31:28.278+0000][gc,phases     ] GC(32)   Other: 0.4ms
[2020-04-22T03:31:28.278+0000][gc,heap       ] GC(32) Eden regions: 49->0(50)
[2020-04-22T03:31:28.278+0000][gc,heap       ] GC(32) Survivor regions: 3->3(7)
[2020-04-22T03:31:28.278+0000][gc,heap       ] GC(32) Old regions: 15->15
[2020-04-22T03:31:28.278+0000][gc,heap       ] GC(32) Humongous regions: 129->129
[2020-04-22T03:31:28.278+0000][gc,metaspace  ] GC(32) Metaspace: 49310K->49310K(1093632K)
[2020-04-22T03:31:28.278+0000][gc            ] GC(32) Pause Young (Normal) (G1 Evacuation Pause) 195M->146M(1024M) 14.906ms
[2020-04-22T03:31:28.278+0000][gc,cpu        ] GC(32) User=0.01s Sys=0.00s Real=0.02s
[2020-04-22T03:51:58.263+0000][gc,start      ] GC(33) Pause Young (Normal) (G1 Evacuation Pause)
[2020-04-22T03:51:58.263+0000][gc,task       ] GC(33) Using 1 workers of 1 for evacuation
[2020-04-22T03:51:58.276+0000][gc,phases     ] GC(33)   Pre Evacuate Collection Set: 0.3ms
[2020-04-22T03:51:58.276+0000][gc,phases     ] GC(33)   Evacuate Collection Set: 11.9ms
[2020-04-22T03:51:58.276+0000][gc,phases     ] GC(33)   Post Evacuate Collection Set: 0.5ms
[2020-04-22T03:51:58.276+0000][gc,phases     ] GC(33)   Other: 0.4ms
[2020-04-22T03:51:58.276+0000][gc,heap       ] GC(33) Eden regions: 50->0(56)
[2020-04-22T03:51:58.276+0000][gc,heap       ] GC(33) Survivor regions: 3->3(7)
[2020-04-22T03:51:58.276+0000][gc,heap       ] GC(33) Old regions: 15->16
[2020-04-22T03:51:58.276+0000][gc,heap       ] GC(33) Humongous regions: 129->129
[2020-04-22T03:51:58.276+0000][gc,metaspace  ] GC(33) Metaspace: 49324K->49324K(1093632K)
[2020-04-22T03:51:58.276+0000][gc            ] GC(33) Pause Young (Normal) (G1 Evacuation Pause) 196M->146M(1024M) 13.298ms
[2020-04-22T03:51:58.276+0000][gc,cpu        ] GC(33) User=0.02s Sys=0.00s Real=0.02s
[2020-04-22T04:17:12.933+0000][gc,start      ] GC(34) Pause Young (Normal) (G1 Evacuation Pause)
[2020-04-22T04:17:12.933+0000][gc,task       ] GC(34) Using 1 workers of 1 for evacuation
[2020-04-22T04:17:12.946+0000][gc,phases     ] GC(34)   Pre Evacuate Collection Set: 0.3ms
[2020-04-22T04:17:12.946+0000][gc,phases     ] GC(34)   Evacuate Collection Set: 12.0ms
[2020-04-22T04:17:12.946+0000][gc,phases     ] GC(34)   Post Evacuate Collection Set: 0.6ms
[2020-04-22T04:17:12.946+0000][gc,phases     ] GC(34)   Other: 0.4ms
[2020-04-22T04:17:12.946+0000][gc,heap       ] GC(34) Eden regions: 56->0(74)
[2020-04-22T04:17:12.946+0000][gc,heap       ] GC(34) Survivor regions: 3->3(8)
[2020-04-22T04:17:12.946+0000][gc,heap       ] GC(34) Old regions: 16->16
[2020-04-22T04:17:12.946+0000][gc,heap       ] GC(34) Humongous regions: 129->129
[2020-04-22T04:17:12.946+0000][gc,metaspace  ] GC(34) Metaspace: 49343K->49343K(1093632K)
[2020-04-22T04:17:12.946+0000][gc            ] GC(34) Pause Young (Normal) (G1 Evacuation Pause) 202M->146M(1024M) 13.307ms
[2020-04-22T04:17:12.946+0000][gc,cpu        ] GC(34) User=0.01s Sys=0.00s Real=0.02s
[2020-04-22T04:50:25.454+0000][gc,start      ] GC(35) Pause Young (Normal) (G1 Evacuation Pause)
[2020-04-22T04:50:25.454+0000][gc,task       ] GC(35) Using 1 workers of 1 for evacuation
[2020-04-22T04:50:25.467+0000][gc,phases     ] GC(35)   Pre Evacuate Collection Set: 0.3ms
[2020-04-22T04:50:25.467+0000][gc,phases     ] GC(35)   Evacuate Collection Set: 12.0ms
[2020-04-22T04:50:25.467+0000][gc,phases     ] GC(35)   Post Evacuate Collection Set: 0.7ms
[2020-04-22T04:50:25.467+0000][gc,phases     ] GC(35)   Other: 0.5ms
[2020-04-22T04:50:25.467+0000][gc,heap       ] GC(35) Eden regions: 74->0(92)
[2020-04-22T04:50:25.467+0000][gc,heap       ] GC(35) Survivor regions: 3->2(10)
[2020-04-22T04:50:25.467+0000][gc,heap       ] GC(35) Old regions: 16->16
[2020-04-22T04:50:25.467+0000][gc,heap       ] GC(35) Humongous regions: 129->129
[2020-04-22T04:50:25.467+0000][gc,metaspace  ] GC(35) Metaspace: 49347K->49347K(1093632K)
[2020-04-22T04:50:25.467+0000][gc            ] GC(35) Pause Young (Normal) (G1 Evacuation Pause) 220M->146M(1024M) 13.608ms
[2020-04-22T04:50:25.467+0000][gc,cpu        ] GC(35) User=0.01s Sys=0.00s Real=0.02s
[2020-04-22T05:15:31.111+0000][gc,start      ] GC(36) Pause Young (Normal) (G1 Evacuation Pause)
[2020-04-22T05:15:31.111+0000][gc,task       ] GC(36) Using 1 workers of 1 for evacuation
[2020-04-22T05:15:31.147+0000][gc,mmu        ] GC(36) MMU target violated: 21.0ms (20.0ms/21.0ms)
[2020-04-22T05:15:31.148+0000][gc,phases     ] GC(36)   Pre Evacuate Collection Set: 1.2ms
[2020-04-22T05:15:31.148+0000][gc,phases     ] GC(36)   Evacuate Collection Set: 34.3ms
[2020-04-22T05:15:31.148+0000][gc,phases     ] GC(36)   Post Evacuate Collection Set: 0.8ms
[2020-04-22T05:15:31.148+0000][gc,phases     ] GC(36)   Other: 0.6ms
[2020-04-22T05:15:31.148+0000][gc,heap       ] GC(36) Eden regions: 92->0(48)
[2020-04-22T05:15:31.148+0000][gc,heap       ] GC(36) Survivor regions: 2->5(12)
[2020-04-22T05:15:31.148+0000][gc,heap       ] GC(36) Old regions: 16->16
[2020-04-22T05:15:31.148+0000][gc,heap       ] GC(36) Humongous regions: 129->129
[2020-04-22T05:15:31.148+0000][gc,metaspace  ] GC(36) Metaspace: 49622K->49622K(1093632K)
[2020-04-22T05:15:31.148+0000][gc            ] GC(36) Pause Young (Normal) (G1 Evacuation Pause) 238M->148M(1024M) 36.985ms
[2020-04-22T05:15:31.148+0000][gc,cpu        ] GC(36) User=0.04s Sys=0.00s Real=0.04s
[2020-04-22T05:24:41.576+0000][gc,start      ] GC(37) Pause Young (Normal) (G1 Evacuation Pause)
[2020-04-22T05:24:41.576+0000][gc,task       ] GC(37) Using 1 workers of 1 for evacuation
[2020-04-22T05:24:41.603+0000][gc,mmu        ] GC(37) MMU target violated: 21.0ms (20.0ms/21.0ms)
[2020-04-22T05:24:41.603+0000][gc,phases     ] GC(37)   Pre Evacuate Collection Set: 0.3ms
[2020-04-22T05:24:41.603+0000][gc,phases     ] GC(37)   Evacuate Collection Set: 25.8ms
[2020-04-22T05:24:41.603+0000][gc,phases     ] GC(37)   Post Evacuate Collection Set: 0.5ms
[2020-04-22T05:24:41.603+0000][gc,phases     ] GC(37)   Other: 0.5ms
[2020-04-22T05:24:41.603+0000][gc,heap       ] GC(37) Eden regions: 46->0(49)
[2020-04-22T05:24:41.603+0000][gc,heap       ] GC(37) Survivor regions: 5->2(7)
[2020-04-22T05:24:41.603+0000][gc,heap       ] GC(37) Old regions: 16->18
[2020-04-22T05:24:41.603+0000][gc,heap       ] GC(37) Humongous regions: 129->129
[2020-04-22T05:24:41.603+0000][gc,metaspace  ] GC(37) Metaspace: 49664K->49664K(1093632K)
[2020-04-22T05:24:41.603+0000][gc            ] GC(37) Pause Young (Normal) (G1 Evacuation Pause) 194M->148M(1024M) 27.068ms
[2020-04-22T05:24:41.603+0000][gc,cpu        ] GC(37) User=0.02s Sys=0.00s Real=0.02s
[2020-04-22T05:36:03.263+0000][gc,start      ] GC(38) Pause Young (Normal) (G1 Evacuation Pause)
[2020-04-22T05:36:03.263+0000][gc,task       ] GC(38) Using 1 workers of 1 for evacuation
[2020-04-22T05:36:03.291+0000][gc,mmu        ] GC(38) MMU target violated: 21.0ms (20.0ms/21.0ms)
[2020-04-22T05:36:03.291+0000][gc,phases     ] GC(38)   Pre Evacuate Collection Set: 1.3ms
[2020-04-22T05:36:03.291+0000][gc,phases     ] GC(38)   Evacuate Collection Set: 25.7ms
[2020-04-22T05:36:03.291+0000][gc,phases     ] GC(38)   Post Evacuate Collection Set: 0.5ms
[2020-04-22T05:36:03.291+0000][gc,phases     ] GC(38)   Other: 0.6ms
[2020-04-22T05:36:03.291+0000][gc,heap       ] GC(38) Eden regions: 49->0(46)
[2020-04-22T05:36:03.291+0000][gc,heap       ] GC(38) Survivor regions: 2->5(7)
[2020-04-22T05:36:03.291+0000][gc,heap       ] GC(38) Old regions: 18->18
[2020-04-22T05:36:03.291+0000][gc,heap       ] GC(38) Humongous regions: 129->129
[2020-04-22T05:36:03.291+0000][gc,metaspace  ] GC(38) Metaspace: 49666K->49666K(1093632K)
[2020-04-22T05:36:03.291+0000][gc            ] GC(38) Pause Young (Normal) (G1 Evacuation Pause) 197M->150M(1024M) 28.230ms
[2020-04-22T05:36:03.291+0000][gc,cpu        ] GC(38) User=0.03s Sys=0.00s Real=0.03s
[2020-04-22T05:47:03.107+0000][gc,start      ] GC(39) Pause Young (Normal) (G1 Evacuation Pause)
[2020-04-22T05:47:03.108+0000][gc,task       ] GC(39) Using 1 workers of 1 for evacuation
[2020-04-22T05:47:03.145+0000][gc,mmu        ] GC(39) MMU target violated: 21.0ms (20.0ms/21.0ms)
[2020-04-22T05:47:03.145+0000][gc,phases     ] GC(39)   Pre Evacuate Collection Set: 1.1ms
[2020-04-22T05:47:03.145+0000][gc,phases     ] GC(39)   Evacuate Collection Set: 35.2ms
[2020-04-22T05:47:03.145+0000][gc,phases     ] GC(39)   Post Evacuate Collection Set: 0.5ms
[2020-04-22T05:47:03.145+0000][gc,phases     ] GC(39)   Other: 0.8ms
[2020-04-22T05:47:03.145+0000][gc,heap       ] GC(39) Eden regions: 46->0(45)
[2020-04-22T05:47:03.145+0000][gc,heap       ] GC(39) Survivor regions: 5->6(7)
[2020-04-22T05:47:03.145+0000][gc,heap       ] GC(39) Old regions: 18->19
[2020-04-22T05:47:03.145+0000][gc,heap       ] GC(39) Humongous regions: 129->129
[2020-04-22T05:47:03.145+0000][gc,metaspace  ] GC(39) Metaspace: 49673K->49673K(1093632K)
[2020-04-22T05:47:03.145+0000][gc            ] GC(39) Pause Young (Normal) (G1 Evacuation Pause) 196M->152M(1024M) 37.745ms
[2020-04-22T05:47:03.145+0000][gc,cpu        ] GC(39) User=0.04s Sys=0.00s Real=0.04s
[2020-04-22T05:57:25.150+0000][gc,start      ] GC(40) Pause Young (Normal) (G1 Evacuation Pause)
[2020-04-22T05:57:25.150+0000][gc,task       ] GC(40) Using 1 workers of 1 for evacuation
[2020-04-22T05:57:25.186+0000][gc,mmu        ] GC(40) MMU target violated: 21.0ms (20.0ms/21.0ms)
[2020-04-22T05:57:25.186+0000][gc,phases     ] GC(40)   Pre Evacuate Collection Set: 0.6ms
[2020-04-22T05:57:25.186+0000][gc,phases     ] GC(40)   Evacuate Collection Set: 33.8ms
[2020-04-22T05:57:25.186+0000][gc,phases     ] GC(40)   Post Evacuate Collection Set: 0.6ms
[2020-04-22T05:57:25.186+0000][gc,phases     ] GC(40)   Other: 0.5ms
[2020-04-22T05:57:25.186+0000][gc,heap       ] GC(40) Eden regions: 45->0(46)
[2020-04-22T05:57:25.186+0000][gc,heap       ] GC(40) Survivor regions: 6->5(7)
[2020-04-22T05:57:25.186+0000][gc,heap       ] GC(40) Old regions: 19->21
[2020-04-22T05:57:25.186+0000][gc,heap       ] GC(40) Humongous regions: 129->129
[2020-04-22T05:57:25.186+0000][gc,metaspace  ] GC(40) Metaspace: 49697K->49697K(1093632K)
[2020-04-22T05:57:25.186+0000][gc            ] GC(40) Pause Young (Normal) (G1 Evacuation Pause) 197M->154M(1024M) 35.513ms
[2020-04-22T05:57:25.186+0000][gc,cpu        ] GC(40) User=0.04s Sys=0.00s Real=0.04s
[2020-04-22T06:07:13.374+0000][gc,start      ] GC(41) Pause Young (Normal) (G1 Evacuation Pause)
[2020-04-22T06:07:13.374+0000][gc,task       ] GC(41) Using 1 workers of 1 for evacuation
[2020-04-22T06:07:13.423+0000][gc,mmu        ] GC(41) MMU target violated: 21.0ms (20.0ms/21.0ms)
[2020-04-22T06:07:13.424+0000][gc,phases     ] GC(41)   Pre Evacuate Collection Set: 0.9ms
[2020-04-22T06:07:13.424+0000][gc,phases     ] GC(41)   Evacuate Collection Set: 47.7ms
[2020-04-22T06:07:13.424+0000][gc,phases     ] GC(41)   Post Evacuate Collection Set: 0.5ms
[2020-04-22T06:07:13.424+0000][gc,phases     ] GC(41)   Other: 0.6ms
[2020-04-22T06:07:13.424+0000][gc,heap       ] GC(41) Eden regions: 46->0(44)
[2020-04-22T06:07:13.424+0000][gc,heap       ] GC(41) Survivor regions: 5->7(7)
[2020-04-22T06:07:13.424+0000][gc,heap       ] GC(41) Old regions: 21->23
[2020-04-22T06:07:13.424+0000][gc,heap       ] GC(41) Humongous regions: 129->129
[2020-04-22T06:07:13.424+0000][gc,metaspace  ] GC(41) Metaspace: 49698K->49698K(1093632K)
[2020-04-22T06:07:13.424+0000][gc            ] GC(41) Pause Young (Normal) (G1 Evacuation Pause) 200M->158M(1024M) 49.817ms
[2020-04-22T06:07:13.424+0000][gc,cpu        ] GC(41) User=0.05s Sys=0.00s Real=0.05s
[2020-04-22T06:20:08.263+0000][gc,start      ] GC(42) Pause Young (Normal) (G1 Evacuation Pause)
[2020-04-22T06:20:08.263+0000][gc,task       ] GC(42) Using 1 workers of 1 for evacuation
[2020-04-22T06:20:08.300+0000][gc,mmu        ] GC(42) MMU target violated: 21.0ms (20.0ms/21.0ms)
[2020-04-22T06:20:08.300+0000][gc,phases     ] GC(42)   Pre Evacuate Collection Set: 0.6ms
[2020-04-22T06:20:08.300+0000][gc,phases     ] GC(42)   Evacuate Collection Set: 35.2ms
[2020-04-22T06:20:08.300+0000][gc,phases     ] GC(42)   Post Evacuate Collection Set: 0.5ms
[2020-04-22T06:20:08.300+0000][gc,phases     ] GC(42)   Other: 0.5ms
[2020-04-22T06:20:08.300+0000][gc,heap       ] GC(42) Eden regions: 44->0(50)
[2020-04-22T06:20:08.300+0000][gc,heap       ] GC(42) Survivor regions: 7->1(7)
[2020-04-22T06:20:08.300+0000][gc,heap       ] GC(42) Old regions: 23->29
[2020-04-22T06:20:08.300+0000][gc,heap       ] GC(42) Humongous regions: 129->129
[2020-04-22T06:20:08.300+0000][gc,metaspace  ] GC(42) Metaspace: 49712K->49712K(1093632K)
[2020-04-22T06:20:08.300+0000][gc            ] GC(42) Pause Young (Normal) (G1 Evacuation Pause) 202M->158M(1024M) 36.874ms
[2020-04-22T06:20:08.300+0000][gc,cpu        ] GC(42) User=0.03s Sys=0.00s Real=0.04s
[2020-04-22T06:41:13.263+0000][gc,start      ] GC(43) Pause Young (Normal) (G1 Evacuation Pause)
[2020-04-22T06:41:13.263+0000][gc,task       ] GC(43) Using 1 workers of 1 for evacuation
[2020-04-22T06:41:13.273+0000][gc,phases     ] GC(43)   Pre Evacuate Collection Set: 1.0ms
[2020-04-22T06:41:13.273+0000][gc,phases     ] GC(43)   Evacuate Collection Set: 7.9ms
[2020-04-22T06:41:13.273+0000][gc,phases     ] GC(43)   Post Evacuate Collection Set: 0.5ms
[2020-04-22T06:41:13.273+0000][gc,phases     ] GC(43)   Other: 0.7ms
[2020-04-22T06:41:13.273+0000][gc,heap       ] GC(43) Eden regions: 50->0(50)
[2020-04-22T06:41:13.273+0000][gc,heap       ] GC(43) Survivor regions: 1->1(7)
[2020-04-22T06:41:13.273+0000][gc,heap       ] GC(43) Old regions: 29->29
[2020-04-22T06:41:13.273+0000][gc,heap       ] GC(43) Humongous regions: 129->129
[2020-04-22T06:41:13.273+0000][gc,metaspace  ] GC(43) Metaspace: 49712K->49712K(1093632K)
[2020-04-22T06:41:13.273+0000][gc            ] GC(43) Pause Young (Normal) (G1 Evacuation Pause) 208M->158M(1024M) 10.238ms
[2020-04-22T06:41:13.273+0000][gc,cpu        ] GC(43) User=0.01s Sys=0.00s Real=0.01s
[2020-04-22T06:45:43.231+0000][gc,heap,exit  ] Heap
[2020-04-22T06:45:43.232+0000][gc,heap,exit  ]  garbage-first heap   total 1048576K, used 182663K [0x00000000c0000000, 0x0000000100000000)
[2020-04-22T06:45:43.232+0000][gc,heap,exit  ]   region size 1024K, 22 young (22528K), 1 survivors (1024K)
[2020-04-22T06:45:43.232+0000][gc,heap,exit  ]  Metaspace       used 50316K, capacity 53341K, committed 53552K, reserved 1095680K
[2020-04-22T06:45:43.232+0000][gc,heap,exit  ]   class space    used 6594K, capacity 7960K, committed 8064K, reserved 1048576K
