[2020-04-13T01:06:26.354+0000][gc,heap] Heap region size: 1M
[2020-04-13T01:06:26.364+0000][gc     ] Using G1
[2020-04-13T01:06:26.364+0000][gc,heap,coops] Heap address: 0x00000000c0000000, size: 1024 MB, Compressed Oops mode: 32-bit
[2020-04-13T01:06:28.388+0000][gc,start     ] GC(0) Pause Young (Concurrent Start) (Metadata GC Threshold)
[2020-04-13T01:06:28.388+0000][gc,task      ] GC(0) Using 1 workers of 1 for evacuation
[2020-04-13T01:06:28.407+0000][gc,phases    ] GC(0)   Pre Evacuate Collection Set: 0.1ms
[2020-04-13T01:06:28.407+0000][gc,phases    ] GC(0)   Evacuate Collection Set: 18.1ms
[2020-04-13T01:06:28.407+0000][gc,phases    ] GC(0)   Post Evacuate Collection Set: 0.6ms
[2020-04-13T01:06:28.407+0000][gc,phases    ] GC(0)   Other: 0.5ms
[2020-04-13T01:06:28.407+0000][gc,heap      ] GC(0) Eden regions: 38->0(44)
[2020-04-13T01:06:28.407+0000][gc,heap      ] GC(0) Survivor regions: 0->7(7)
[2020-04-13T01:06:28.407+0000][gc,heap      ] GC(0) Old regions: 0->0
[2020-04-13T01:06:28.407+0000][gc,heap      ] GC(0) Humongous regions: 0->0
[2020-04-13T01:06:28.407+0000][gc,metaspace ] GC(0) Metaspace: 20737K->20737K(1069056K)
[2020-04-13T01:06:28.407+0000][gc           ] GC(0) Pause Young (Concurrent Start) (Metadata GC Threshold) 38M->6M(1024M) 19.270ms
[2020-04-13T01:06:28.407+0000][gc,cpu       ] GC(0) User=0.02s Sys=0.00s Real=0.02s
[2020-04-13T01:06:28.407+0000][gc           ] GC(1) Concurrent Cycle
[2020-04-13T01:06:28.407+0000][gc,marking   ] GC(1) Concurrent Clear Claimed Marks
[2020-04-13T01:06:28.407+0000][gc,marking   ] GC(1) Concurrent Clear Claimed Marks 0.031ms
[2020-04-13T01:06:28.407+0000][gc,marking   ] GC(1) Concurrent Scan Root Regions
[2020-04-13T01:06:28.419+0000][gc,marking   ] GC(1) Concurrent Scan Root Regions 12.406ms
[2020-04-13T01:06:28.420+0000][gc,marking   ] GC(1) Concurrent Mark (2.068s)
[2020-04-13T01:06:28.420+0000][gc,marking   ] GC(1) Concurrent Mark From Roots
[2020-04-13T01:06:28.420+0000][gc,task      ] GC(1) Using 1 workers of 1 for marking
[2020-04-13T01:06:28.420+0000][gc,marking   ] GC(1) Concurrent Mark From Roots 0.946ms
[2020-04-13T01:06:28.420+0000][gc,marking   ] GC(1) Concurrent Preclean
[2020-04-13T01:06:28.421+0000][gc,marking   ] GC(1) Concurrent Preclean 0.022ms
[2020-04-13T01:06:28.421+0000][gc,marking   ] GC(1) Concurrent Mark (2.068s, 2.069s) 0.997ms
[2020-04-13T01:06:28.421+0000][gc,start     ] GC(1) Pause Remark
[2020-04-13T01:06:28.425+0000][gc,stringtable] GC(1) Cleaned string and symbol table, strings: 7438 processed, 0 removed, symbols: 63724 processed, 40 removed
[2020-04-13T01:06:28.426+0000][gc            ] GC(1) Pause Remark 7M->7M(1024M) 4.934ms
[2020-04-13T01:06:28.426+0000][gc,cpu        ] GC(1) User=0.00s Sys=0.00s Real=0.01s
[2020-04-13T01:06:28.426+0000][gc,marking    ] GC(1) Concurrent Rebuild Remembered Sets
[2020-04-13T01:06:28.428+0000][gc,marking    ] GC(1) Concurrent Rebuild Remembered Sets 2.464ms
[2020-04-13T01:06:28.428+0000][gc,start      ] GC(1) Pause Cleanup
[2020-04-13T01:06:28.428+0000][gc            ] GC(1) Pause Cleanup 7M->7M(1024M) 0.166ms
[2020-04-13T01:06:28.428+0000][gc,cpu        ] GC(1) User=0.00s Sys=0.00s Real=0.00s
[2020-04-13T01:06:28.428+0000][gc,marking    ] GC(1) Concurrent Cleanup for Next Mark
[2020-04-13T01:06:28.444+0000][gc,marking    ] GC(1) Concurrent Cleanup for Next Mark 15.463ms
[2020-04-13T01:06:28.444+0000][gc            ] GC(1) Concurrent Cycle 36.912ms
[2020-04-13T01:06:30.216+0000][gc,start      ] GC(2) Pause Young (Normal) (G1 Evacuation Pause)
[2020-04-13T01:06:30.216+0000][gc,task       ] GC(2) Using 1 workers of 1 for evacuation
[2020-04-13T01:06:30.272+0000][gc,mmu        ] GC(2) MMU target violated: 21.0ms (20.0ms/21.0ms)
[2020-04-13T01:06:30.272+0000][gc,phases     ] GC(2)   Pre Evacuate Collection Set: 0.1ms
[2020-04-13T01:06:30.272+0000][gc,phases     ] GC(2)   Evacuate Collection Set: 55.0ms
[2020-04-13T01:06:30.272+0000][gc,phases     ] GC(2)   Post Evacuate Collection Set: 0.6ms
[2020-04-13T01:06:30.272+0000][gc,phases     ] GC(2)   Other: 0.3ms
[2020-04-13T01:06:30.272+0000][gc,heap       ] GC(2) Eden regions: 44->0(49)
[2020-04-13T01:06:30.272+0000][gc,heap       ] GC(2) Survivor regions: 7->2(7)
[2020-04-13T01:06:30.272+0000][gc,heap       ] GC(2) Old regions: 0->7
[2020-04-13T01:06:30.272+0000][gc,heap       ] GC(2) Humongous regions: 0->0
[2020-04-13T01:06:30.272+0000][gc,metaspace  ] GC(2) Metaspace: 29889K->29889K(1077248K)
[2020-04-13T01:06:30.272+0000][gc            ] GC(2) Pause Young (Normal) (G1 Evacuation Pause) 50M->8M(1024M) 56.015ms
[2020-04-13T01:06:30.272+0000][gc,cpu        ] GC(2) User=0.04s Sys=0.02s Real=0.05s
[2020-04-13T01:06:31.450+0000][gc,start      ] GC(3) Pause Young (Concurrent Start) (Metadata GC Threshold)
[2020-04-13T01:06:31.450+0000][gc,task       ] GC(3) Using 1 workers of 1 for evacuation
[2020-04-13T01:06:31.476+0000][gc,mmu        ] GC(3) MMU target violated: 21.0ms (20.0ms/21.0ms)
[2020-04-13T01:06:31.477+0000][gc,phases     ] GC(3)   Pre Evacuate Collection Set: 0.1ms
[2020-04-13T01:06:31.477+0000][gc,phases     ] GC(3)   Evacuate Collection Set: 25.5ms
[2020-04-13T01:06:31.477+0000][gc,phases     ] GC(3)   Post Evacuate Collection Set: 0.4ms
[2020-04-13T01:06:31.477+0000][gc,phases     ] GC(3)   Other: 0.3ms
[2020-04-13T01:06:31.477+0000][gc,heap       ] GC(3) Eden regions: 28->0(46)
[2020-04-13T01:06:31.477+0000][gc,heap       ] GC(3) Survivor regions: 2->5(7)
[2020-04-13T01:06:31.477+0000][gc,heap       ] GC(3) Old regions: 7->7
[2020-04-13T01:06:31.477+0000][gc,heap       ] GC(3) Humongous regions: 129->129
[2020-04-13T01:06:31.477+0000][gc,metaspace  ] GC(3) Metaspace: 34775K->34775K(1081344K)
[2020-04-13T01:06:31.477+0000][gc            ] GC(3) Pause Young (Concurrent Start) (Metadata GC Threshold) 164M->139M(1024M) 26.332ms
[2020-04-13T01:06:31.477+0000][gc,cpu        ] GC(3) User=0.02s Sys=0.00s Real=0.03s
[2020-04-13T01:06:31.477+0000][gc            ] GC(4) Concurrent Cycle
[2020-04-13T01:06:31.477+0000][gc,marking    ] GC(4) Concurrent Clear Claimed Marks
[2020-04-13T01:06:31.477+0000][gc,marking    ] GC(4) Concurrent Clear Claimed Marks 0.104ms
[2020-04-13T01:06:31.477+0000][gc,marking    ] GC(4) Concurrent Scan Root Regions
[2020-04-13T01:06:31.485+0000][gc,marking    ] GC(4) Concurrent Scan Root Regions 8.367ms
[2020-04-13T01:06:31.485+0000][gc,marking    ] GC(4) Concurrent Mark (5.134s)
[2020-04-13T01:06:31.485+0000][gc,marking    ] GC(4) Concurrent Mark From Roots
[2020-04-13T01:06:31.485+0000][gc,task       ] GC(4) Using 1 workers of 1 for marking
[2020-04-13T01:06:31.527+0000][gc,marking    ] GC(4) Concurrent Mark From Roots 41.649ms
[2020-04-13T01:06:31.527+0000][gc,marking    ] GC(4) Concurrent Preclean
[2020-04-13T01:06:31.527+0000][gc,marking    ] GC(4) Concurrent Preclean 0.085ms
[2020-04-13T01:06:31.527+0000][gc,marking    ] GC(4) Concurrent Mark (5.134s, 5.176s) 41.788ms
[2020-04-13T01:06:31.532+0000][gc,start      ] GC(4) Pause Remark
[2020-04-13T01:06:31.544+0000][gc,stringtable] GC(4) Cleaned string and symbol table, strings: 11692 processed, 8 removed, symbols: 96007 processed, 25 removed
[2020-04-13T01:06:31.545+0000][gc            ] GC(4) Pause Remark 142M->142M(1024M) 12.461ms
[2020-04-13T01:06:31.545+0000][gc,cpu        ] GC(4) User=0.01s Sys=0.00s Real=0.02s
[2020-04-13T01:06:31.548+0000][gc,marking    ] GC(4) Concurrent Rebuild Remembered Sets
[2020-04-13T01:06:31.557+0000][gc,marking    ] GC(4) Concurrent Rebuild Remembered Sets 9.108ms
[2020-04-13T01:06:31.560+0000][gc,start      ] GC(4) Pause Cleanup
[2020-04-13T01:06:31.561+0000][gc            ] GC(4) Pause Cleanup 142M->142M(1024M) 0.245ms
[2020-04-13T01:06:31.561+0000][gc,cpu        ] GC(4) User=0.00s Sys=0.00s Real=0.00s
[2020-04-13T01:06:31.561+0000][gc,marking    ] GC(4) Concurrent Cleanup for Next Mark
[2020-04-13T01:06:31.693+0000][gc,marking    ] GC(4) Concurrent Cleanup for Next Mark 132.511ms
[2020-04-13T01:06:31.693+0000][gc            ] GC(4) Concurrent Cycle 216.553ms
[2020-04-13T01:06:46.487+0000][gc,start      ] GC(5) Pause Young (Normal) (G1 Evacuation Pause)
[2020-04-13T01:06:46.487+0000][gc,task       ] GC(5) Using 1 workers of 1 for evacuation
[2020-04-13T01:06:46.512+0000][gc,mmu        ] GC(5) MMU target violated: 21.0ms (20.0ms/21.0ms)
[2020-04-13T01:06:46.513+0000][gc,phases     ] GC(5)   Pre Evacuate Collection Set: 0.1ms
[2020-04-13T01:06:46.513+0000][gc,phases     ] GC(5)   Evacuate Collection Set: 25.2ms
[2020-04-13T01:06:46.513+0000][gc,phases     ] GC(5)   Post Evacuate Collection Set: 0.5ms
[2020-04-13T01:06:46.513+0000][gc,phases     ] GC(5)   Other: 0.3ms
[2020-04-13T01:06:46.513+0000][gc,heap       ] GC(5) Eden regions: 46->0(45)
[2020-04-13T01:06:46.513+0000][gc,heap       ] GC(5) Survivor regions: 5->6(7)
[2020-04-13T01:06:46.513+0000][gc,heap       ] GC(5) Old regions: 7->8
[2020-04-13T01:06:46.513+0000][gc,heap       ] GC(5) Humongous regions: 141->129
[2020-04-13T01:06:46.513+0000][gc,metaspace  ] GC(5) Metaspace: 43307K->43307K(1087488K)
[2020-04-13T01:06:46.513+0000][gc            ] GC(5) Pause Young (Normal) (G1 Evacuation Pause) 197M->142M(1024M) 26.027ms
[2020-04-13T01:06:46.513+0000][gc,cpu        ] GC(5) User=0.02s Sys=0.00s Real=0.02s
[2020-04-13T01:25:00.213+0000][gc,start      ] GC(6) Pause Young (Normal) (G1 Evacuation Pause)
[2020-04-13T01:25:00.213+0000][gc,task       ] GC(6) Using 1 workers of 1 for evacuation
[2020-04-13T01:25:00.238+0000][gc,mmu        ] GC(6) MMU target violated: 21.0ms (20.0ms/21.0ms)
[2020-04-13T01:25:00.239+0000][gc,phases     ] GC(6)   Pre Evacuate Collection Set: 4.2ms
[2020-04-13T01:25:00.239+0000][gc,phases     ] GC(6)   Evacuate Collection Set: 20.7ms
[2020-04-13T01:25:00.239+0000][gc,phases     ] GC(6)   Post Evacuate Collection Set: 0.4ms
[2020-04-13T01:25:00.239+0000][gc,phases     ] GC(6)   Other: 0.4ms
[2020-04-13T01:25:00.239+0000][gc,heap       ] GC(6) Eden regions: 45->0(48)
[2020-04-13T01:25:00.239+0000][gc,heap       ] GC(6) Survivor regions: 6->3(7)
[2020-04-13T01:25:00.239+0000][gc,heap       ] GC(6) Old regions: 8->11
[2020-04-13T01:25:00.239+0000][gc,heap       ] GC(6) Humongous regions: 129->129
[2020-04-13T01:25:00.239+0000][gc,metaspace  ] GC(6) Metaspace: 44029K->44029K(1089536K)
[2020-04-13T01:25:00.239+0000][gc            ] GC(6) Pause Young (Normal) (G1 Evacuation Pause) 187M->142M(1024M) 25.792ms
[2020-04-13T01:25:00.239+0000][gc,cpu        ] GC(6) User=0.02s Sys=0.00s Real=0.03s
[2020-04-13T01:47:01.071+0000][gc,start      ] GC(7) Pause Young (Normal) (G1 Evacuation Pause)
[2020-04-13T01:47:01.071+0000][gc,task       ] GC(7) Using 1 workers of 1 for evacuation
[2020-04-13T01:47:01.088+0000][gc,phases     ] GC(7)   Pre Evacuate Collection Set: 1.6ms
[2020-04-13T01:47:01.088+0000][gc,phases     ] GC(7)   Evacuate Collection Set: 14.3ms
[2020-04-13T01:47:01.088+0000][gc,phases     ] GC(7)   Post Evacuate Collection Set: 0.6ms
[2020-04-13T01:47:01.088+0000][gc,phases     ] GC(7)   Other: 0.4ms
[2020-04-13T01:47:01.088+0000][gc,heap       ] GC(7) Eden regions: 48->0(48)
[2020-04-13T01:47:01.088+0000][gc,heap       ] GC(7) Survivor regions: 3->3(7)
[2020-04-13T01:47:01.088+0000][gc,heap       ] GC(7) Old regions: 11->11
[2020-04-13T01:47:01.088+0000][gc,heap       ] GC(7) Humongous regions: 129->129
[2020-04-13T01:47:01.088+0000][gc,metaspace  ] GC(7) Metaspace: 44134K->44134K(1089536K)
[2020-04-13T01:47:01.088+0000][gc            ] GC(7) Pause Young (Normal) (G1 Evacuation Pause) 190M->142M(1024M) 16.974ms
[2020-04-13T01:47:01.088+0000][gc,cpu        ] GC(7) User=0.02s Sys=0.00s Real=0.02s
[2020-04-13T02:10:06.895+0000][gc,start      ] GC(8) Pause Young (Normal) (G1 Evacuation Pause)
[2020-04-13T02:10:06.895+0000][gc,task       ] GC(8) Using 1 workers of 1 for evacuation
[2020-04-13T02:10:06.925+0000][gc,mmu        ] GC(8) MMU target violated: 21.0ms (20.0ms/21.0ms)
[2020-04-13T02:10:06.925+0000][gc,phases     ] GC(8)   Pre Evacuate Collection Set: 0.3ms
[2020-04-13T02:10:06.925+0000][gc,phases     ] GC(8)   Evacuate Collection Set: 28.2ms
[2020-04-13T02:10:06.925+0000][gc,phases     ] GC(8)   Post Evacuate Collection Set: 0.5ms
[2020-04-13T02:10:06.925+0000][gc,phases     ] GC(8)   Other: 1.1ms
[2020-04-13T02:10:06.925+0000][gc,heap       ] GC(8) Eden regions: 48->0(48)
[2020-04-13T02:10:06.925+0000][gc,heap       ] GC(8) Survivor regions: 3->3(7)
[2020-04-13T02:10:06.925+0000][gc,heap       ] GC(8) Old regions: 11->11
[2020-04-13T02:10:06.925+0000][gc,heap       ] GC(8) Humongous regions: 129->129
[2020-04-13T02:10:06.925+0000][gc,metaspace  ] GC(8) Metaspace: 44269K->44269K(1089536K)
[2020-04-13T02:10:06.925+0000][gc            ] GC(8) Pause Young (Normal) (G1 Evacuation Pause) 190M->142M(1024M) 30.049ms
[2020-04-13T02:10:06.925+0000][gc,cpu        ] GC(8) User=0.03s Sys=0.00s Real=0.04s
[2020-04-13T02:23:02.789+0000][gc,heap,exit  ] Heap
[2020-04-13T02:23:02.789+0000][gc,heap,exit  ]  garbage-first heap   total 1048576K, used 181002K [0x00000000c0000000, 0x0000000100000000)
[2020-04-13T02:23:02.789+0000][gc,heap,exit  ]   region size 1024K, 39 young (39936K), 3 survivors (3072K)
[2020-04-13T02:23:02.789+0000][gc,heap,exit  ]  Metaspace       used 45017K, capacity 47077K, committed 47228K, reserved 1089536K
[2020-04-13T02:23:02.789+0000][gc,heap,exit  ]   class space    used 5829K, capacity 6847K, committed 6860K, reserved 1048576K
