[2020-04-22T07:47:46.779+0000][gc,heap] Heap region size: 1M
[2020-04-22T07:47:46.791+0000][gc     ] Using G1
[2020-04-22T07:47:46.791+0000][gc,heap,coops] Heap address: 0x00000000c0000000, size: 1024 MB, Compressed Oops mode: 32-bit
[2020-04-22T07:47:49.191+0000][gc,start     ] GC(0) Pause Young (Concurrent Start) (Metadata GC Threshold)
[2020-04-22T07:47:49.191+0000][gc,task      ] GC(0) Using 1 workers of 1 for evacuation
[2020-04-22T07:47:49.230+0000][gc,mmu       ] GC(0) MMU target violated: 21.0ms (20.0ms/21.0ms)
[2020-04-22T07:47:49.230+0000][gc,phases    ] GC(0)   Pre Evacuate Collection Set: 0.1ms
[2020-04-22T07:47:49.230+0000][gc,phases    ] GC(0)   Evacuate Collection Set: 37.8ms
[2020-04-22T07:47:49.230+0000][gc,phases    ] GC(0)   Post Evacuate Collection Set: 0.8ms
[2020-04-22T07:47:49.230+0000][gc,phases    ] GC(0)   Other: 0.6ms
[2020-04-22T07:47:49.230+0000][gc,heap      ] GC(0) Eden regions: 39->0(44)
[2020-04-22T07:47:49.230+0000][gc,heap      ] GC(0) Survivor regions: 0->7(7)
[2020-04-22T07:47:49.230+0000][gc,heap      ] GC(0) Old regions: 0->0
[2020-04-22T07:47:49.230+0000][gc,heap      ] GC(0) Humongous regions: 0->0
[2020-04-22T07:47:49.230+0000][gc,metaspace ] GC(0) Metaspace: 20765K->20765K(1069056K)
[2020-04-22T07:47:49.230+0000][gc           ] GC(0) Pause Young (Concurrent Start) (Metadata GC Threshold) 39M->6M(1024M) 39.298ms
[2020-04-22T07:47:49.230+0000][gc,cpu       ] GC(0) User=0.01s Sys=0.03s Real=0.04s
[2020-04-22T07:47:49.230+0000][gc           ] GC(1) Concurrent Cycle
[2020-04-22T07:47:49.230+0000][gc,marking   ] GC(1) Concurrent Clear Claimed Marks
[2020-04-22T07:47:49.230+0000][gc,marking   ] GC(1) Concurrent Clear Claimed Marks 0.058ms
[2020-04-22T07:47:49.230+0000][gc,marking   ] GC(1) Concurrent Scan Root Regions
[2020-04-22T07:47:49.235+0000][gc,marking   ] GC(1) Concurrent Scan Root Regions 4.390ms
[2020-04-22T07:47:49.235+0000][gc,marking   ] GC(1) Concurrent Mark (2.460s)
[2020-04-22T07:47:49.235+0000][gc,marking   ] GC(1) Concurrent Mark From Roots
[2020-04-22T07:47:49.235+0000][gc,task      ] GC(1) Using 1 workers of 1 for marking
[2020-04-22T07:47:49.245+0000][gc,marking   ] GC(1) Concurrent Mark From Roots 10.176ms
[2020-04-22T07:47:49.245+0000][gc,marking   ] GC(1) Concurrent Preclean
[2020-04-22T07:47:49.245+0000][gc,marking   ] GC(1) Concurrent Preclean 0.025ms
[2020-04-22T07:47:49.245+0000][gc,marking   ] GC(1) Concurrent Mark (2.460s, 2.470s) 10.262ms
[2020-04-22T07:47:49.245+0000][gc,start     ] GC(1) Pause Remark
[2020-04-22T07:47:49.251+0000][gc,stringtable] GC(1) Cleaned string and symbol table, strings: 7447 processed, 0 removed, symbols: 63725 processed, 41 removed
[2020-04-22T07:47:49.251+0000][gc            ] GC(1) Pause Remark 6M->6M(1024M) 6.543ms
[2020-04-22T07:47:49.252+0000][gc,cpu        ] GC(1) User=0.01s Sys=0.00s Real=0.00s
[2020-04-22T07:47:49.254+0000][gc,marking    ] GC(1) Concurrent Rebuild Remembered Sets
[2020-04-22T07:47:49.254+0000][gc,marking    ] GC(1) Concurrent Rebuild Remembered Sets 0.280ms
[2020-04-22T07:47:49.255+0000][gc,start      ] GC(1) Pause Cleanup
[2020-04-22T07:47:49.256+0000][gc            ] GC(1) Pause Cleanup 6M->6M(1024M) 0.208ms
[2020-04-22T07:47:49.256+0000][gc,cpu        ] GC(1) User=0.00s Sys=0.00s Real=0.00s
[2020-04-22T07:47:49.256+0000][gc,marking    ] GC(1) Concurrent Cleanup for Next Mark
[2020-04-22T07:47:49.353+0000][gc,marking    ] GC(1) Concurrent Cleanup for Next Mark 96.971ms
[2020-04-22T07:47:49.353+0000][gc            ] GC(1) Concurrent Cycle 122.658ms
[2020-04-22T07:47:51.281+0000][gc,start      ] GC(2) Pause Young (Normal) (G1 Evacuation Pause)
[2020-04-22T07:47:51.281+0000][gc,task       ] GC(2) Using 1 workers of 1 for evacuation
[2020-04-22T07:47:51.315+0000][gc,mmu        ] GC(2) MMU target violated: 21.0ms (20.0ms/21.0ms)
[2020-04-22T07:47:51.315+0000][gc,phases     ] GC(2)   Pre Evacuate Collection Set: 0.1ms
[2020-04-22T07:47:51.315+0000][gc,phases     ] GC(2)   Evacuate Collection Set: 32.6ms
[2020-04-22T07:47:51.315+0000][gc,phases     ] GC(2)   Post Evacuate Collection Set: 1.0ms
[2020-04-22T07:47:51.315+0000][gc,phases     ] GC(2)   Other: 0.3ms
[2020-04-22T07:47:51.315+0000][gc,heap       ] GC(2) Eden regions: 44->0(49)
[2020-04-22T07:47:51.315+0000][gc,heap       ] GC(2) Survivor regions: 7->2(7)
[2020-04-22T07:47:51.315+0000][gc,heap       ] GC(2) Old regions: 0->7
[2020-04-22T07:47:51.315+0000][gc,heap       ] GC(2) Humongous regions: 0->0
[2020-04-22T07:47:51.315+0000][gc,metaspace  ] GC(2) Metaspace: 29715K->29715K(1075200K)
[2020-04-22T07:47:51.315+0000][gc            ] GC(2) Pause Young (Normal) (G1 Evacuation Pause) 50M->8M(1024M) 34.041ms
[2020-04-22T07:47:51.315+0000][gc,cpu        ] GC(2) User=0.02s Sys=0.01s Real=0.03s
[2020-04-22T07:47:52.412+0000][gc,start      ] GC(3) Pause Young (Concurrent Start) (Metadata GC Threshold)
[2020-04-22T07:47:52.412+0000][gc,task       ] GC(3) Using 1 workers of 1 for evacuation
[2020-04-22T07:47:52.428+0000][gc,phases     ] GC(3)   Pre Evacuate Collection Set: 0.2ms
[2020-04-22T07:47:52.428+0000][gc,phases     ] GC(3)   Evacuate Collection Set: 15.2ms
[2020-04-22T07:47:52.428+0000][gc,phases     ] GC(3)   Post Evacuate Collection Set: 0.5ms
[2020-04-22T07:47:52.428+0000][gc,phases     ] GC(3)   Other: 0.4ms
[2020-04-22T07:47:52.428+0000][gc,heap       ] GC(3) Eden regions: 30->0(46)
[2020-04-22T07:47:52.428+0000][gc,heap       ] GC(3) Survivor regions: 2->5(7)
[2020-04-22T07:47:52.428+0000][gc,heap       ] GC(3) Old regions: 7->7
[2020-04-22T07:47:52.429+0000][gc,heap       ] GC(3) Humongous regions: 129->129
[2020-04-22T07:47:52.429+0000][gc,metaspace  ] GC(3) Metaspace: 34490K->34490K(1081344K)
[2020-04-22T07:47:52.429+0000][gc            ] GC(3) Pause Young (Concurrent Start) (Metadata GC Threshold) 166M->139M(1024M) 16.434ms
[2020-04-22T07:47:52.429+0000][gc,cpu        ] GC(3) User=0.02s Sys=0.00s Real=0.02s
[2020-04-22T07:47:52.429+0000][gc            ] GC(4) Concurrent Cycle
[2020-04-22T07:47:52.429+0000][gc,marking    ] GC(4) Concurrent Clear Claimed Marks
[2020-04-22T07:47:52.429+0000][gc,marking    ] GC(4) Concurrent Clear Claimed Marks 0.137ms
[2020-04-22T07:47:52.429+0000][gc,marking    ] GC(4) Concurrent Scan Root Regions
[2020-04-22T07:47:52.442+0000][gc,marking    ] GC(4) Concurrent Scan Root Regions 13.499ms
[2020-04-22T07:47:52.442+0000][gc,marking    ] GC(4) Concurrent Mark (5.668s)
[2020-04-22T07:47:52.442+0000][gc,marking    ] GC(4) Concurrent Mark From Roots
[2020-04-22T07:47:52.442+0000][gc,task       ] GC(4) Using 1 workers of 1 for marking
[2020-04-22T07:47:52.480+0000][gc,marking    ] GC(4) Concurrent Mark From Roots 38.066ms
[2020-04-22T07:47:52.480+0000][gc,marking    ] GC(4) Concurrent Preclean
[2020-04-22T07:47:52.481+0000][gc,marking    ] GC(4) Concurrent Preclean 0.117ms
[2020-04-22T07:47:52.481+0000][gc,marking    ] GC(4) Concurrent Mark (5.668s, 5.706s) 38.238ms
[2020-04-22T07:47:52.484+0000][gc,start      ] GC(4) Pause Remark
[2020-04-22T07:47:52.497+0000][gc,stringtable] GC(4) Cleaned string and symbol table, strings: 11685 processed, 8 removed, symbols: 95131 processed, 24 removed
[2020-04-22T07:47:52.498+0000][gc            ] GC(4) Pause Remark 140M->140M(1024M) 14.238ms
[2020-04-22T07:47:52.498+0000][gc,cpu        ] GC(4) User=0.01s Sys=0.00s Real=0.02s
[2020-04-22T07:47:52.500+0000][gc,marking    ] GC(4) Concurrent Rebuild Remembered Sets
[2020-04-22T07:47:52.521+0000][gc,marking    ] GC(4) Concurrent Rebuild Remembered Sets 20.645ms
[2020-04-22T07:47:52.526+0000][gc,start      ] GC(4) Pause Cleanup
[2020-04-22T07:47:52.527+0000][gc            ] GC(4) Pause Cleanup 141M->141M(1024M) 0.318ms
[2020-04-22T07:47:52.527+0000][gc,cpu        ] GC(4) User=0.00s Sys=0.00s Real=0.00s
[2020-04-22T07:47:52.527+0000][gc,marking    ] GC(4) Concurrent Cleanup for Next Mark
[2020-04-22T07:47:52.577+0000][gc,marking    ] GC(4) Concurrent Cleanup for Next Mark 50.540ms
[2020-04-22T07:47:52.577+0000][gc            ] GC(4) Concurrent Cycle 148.647ms
[2020-04-22T07:47:54.376+0000][gc,start      ] GC(5) Pause Young (Normal) (G1 Evacuation Pause)
[2020-04-22T07:47:54.376+0000][gc,task       ] GC(5) Using 1 workers of 1 for evacuation
[2020-04-22T07:47:54.415+0000][gc,mmu        ] GC(5) MMU target violated: 21.0ms (20.0ms/21.0ms)
[2020-04-22T07:47:54.415+0000][gc,phases     ] GC(5)   Pre Evacuate Collection Set: 0.1ms
[2020-04-22T07:47:54.415+0000][gc,phases     ] GC(5)   Evacuate Collection Set: 38.2ms
[2020-04-22T07:47:54.415+0000][gc,phases     ] GC(5)   Post Evacuate Collection Set: 0.8ms
[2020-04-22T07:47:54.415+0000][gc,phases     ] GC(5)   Other: 0.4ms
[2020-04-22T07:47:54.415+0000][gc,heap       ] GC(5) Eden regions: 46->0(45)
[2020-04-22T07:47:54.415+0000][gc,heap       ] GC(5) Survivor regions: 5->6(7)
[2020-04-22T07:47:54.415+0000][gc,heap       ] GC(5) Old regions: 7->8
[2020-04-22T07:47:54.415+0000][gc,heap       ] GC(5) Humongous regions: 129->129
[2020-04-22T07:47:54.415+0000][gc,metaspace  ] GC(5) Metaspace: 42692K->42692K(1087488K)
[2020-04-22T07:47:54.415+0000][gc            ] GC(5) Pause Young (Normal) (G1 Evacuation Pause) 185M->143M(1024M) 39.409ms
[2020-04-22T07:47:54.415+0000][gc,cpu        ] GC(5) User=0.03s Sys=0.01s Real=0.04s
[2020-04-22T07:53:08.228+0000][gc,start      ] GC(6) Pause Young (Normal) (G1 Evacuation Pause)
[2020-04-22T07:53:08.228+0000][gc,task       ] GC(6) Using 1 workers of 1 for evacuation
[2020-04-22T07:53:08.267+0000][gc,mmu        ] GC(6) MMU target violated: 21.0ms (20.0ms/21.0ms)
[2020-04-22T07:53:08.267+0000][gc,phases     ] GC(6)   Pre Evacuate Collection Set: 0.5ms
[2020-04-22T07:53:08.267+0000][gc,phases     ] GC(6)   Evacuate Collection Set: 37.6ms
[2020-04-22T07:53:08.267+0000][gc,phases     ] GC(6)   Post Evacuate Collection Set: 1.2ms
[2020-04-22T07:53:08.267+0000][gc,phases     ] GC(6)   Other: 0.5ms
[2020-04-22T07:53:08.267+0000][gc,heap       ] GC(6) Eden regions: 45->0(45)
[2020-04-22T07:53:08.267+0000][gc,heap       ] GC(6) Survivor regions: 6->6(7)
[2020-04-22T07:53:08.267+0000][gc,heap       ] GC(6) Old regions: 8->11
[2020-04-22T07:53:08.267+0000][gc,heap       ] GC(6) Humongous regions: 207->129
[2020-04-22T07:53:08.267+0000][gc,metaspace  ] GC(6) Metaspace: 46954K->46954K(1091584K)
[2020-04-22T07:53:08.267+0000][gc            ] GC(6) Pause Young (Normal) (G1 Evacuation Pause) 266M->144M(1024M) 39.803ms
[2020-04-22T07:53:08.268+0000][gc,cpu        ] GC(6) User=0.04s Sys=0.00s Real=0.04s
[2020-04-22T08:02:37.122+0000][gc,start      ] GC(7) Pause Young (Normal) (G1 Evacuation Pause)
[2020-04-22T08:02:37.122+0000][gc,task       ] GC(7) Using 1 workers of 1 for evacuation
[2020-04-22T08:02:37.163+0000][gc,mmu        ] GC(7) MMU target violated: 21.0ms (20.0ms/21.0ms)
[2020-04-22T08:02:37.163+0000][gc,phases     ] GC(7)   Pre Evacuate Collection Set: 1.2ms
[2020-04-22T08:02:37.163+0000][gc,phases     ] GC(7)   Evacuate Collection Set: 39.0ms
[2020-04-22T08:02:37.163+0000][gc,phases     ] GC(7)   Post Evacuate Collection Set: 0.9ms
[2020-04-22T08:02:37.163+0000][gc,phases     ] GC(7)   Other: 0.5ms
[2020-04-22T08:02:37.163+0000][gc,heap       ] GC(7) Eden regions: 45->0(47)
[2020-04-22T08:02:37.163+0000][gc,heap       ] GC(7) Survivor regions: 6->4(7)
[2020-04-22T08:02:37.163+0000][gc,heap       ] GC(7) Old regions: 11->14
[2020-04-22T08:02:37.163+0000][gc,heap       ] GC(7) Humongous regions: 129->129
[2020-04-22T08:02:37.163+0000][gc,metaspace  ] GC(7) Metaspace: 47204K->47204K(1091584K)
[2020-04-22T08:02:37.163+0000][gc            ] GC(7) Pause Young (Normal) (G1 Evacuation Pause) 189M->146M(1024M) 41.708ms
[2020-04-22T08:02:37.163+0000][gc,cpu        ] GC(7) User=0.04s Sys=0.00s Real=0.04s
[2020-04-22T08:13:21.516+0000][gc,start      ] GC(8) Pause Young (Normal) (G1 Evacuation Pause)
[2020-04-22T08:13:21.516+0000][gc,task       ] GC(8) Using 1 workers of 1 for evacuation
[2020-04-22T08:13:21.547+0000][gc,mmu        ] GC(8) MMU target violated: 21.0ms (20.0ms/21.0ms)
[2020-04-22T08:13:21.547+0000][gc,phases     ] GC(8)   Pre Evacuate Collection Set: 0.5ms
[2020-04-22T08:13:21.547+0000][gc,phases     ] GC(8)   Evacuate Collection Set: 29.5ms
[2020-04-22T08:13:21.547+0000][gc,phases     ] GC(8)   Post Evacuate Collection Set: 0.7ms
[2020-04-22T08:13:21.547+0000][gc,phases     ] GC(8)   Other: 0.5ms
[2020-04-22T08:13:21.547+0000][gc,heap       ] GC(8) Eden regions: 47->0(47)
[2020-04-22T08:13:21.547+0000][gc,heap       ] GC(8) Survivor regions: 4->4(7)
[2020-04-22T08:13:21.547+0000][gc,heap       ] GC(8) Old regions: 14->14
[2020-04-22T08:13:21.547+0000][gc,heap       ] GC(8) Humongous regions: 129->129
[2020-04-22T08:13:21.547+0000][gc,metaspace  ] GC(8) Metaspace: 47290K->47290K(1091584K)
[2020-04-22T08:13:21.547+0000][gc            ] GC(8) Pause Young (Normal) (G1 Evacuation Pause) 193M->146M(1024M) 31.266ms
[2020-04-22T08:13:21.547+0000][gc,cpu        ] GC(8) User=0.03s Sys=0.00s Real=0.03s
[2020-04-22T08:24:21.515+0000][gc,start      ] GC(9) Pause Young (Normal) (G1 Evacuation Pause)
[2020-04-22T08:24:21.515+0000][gc,task       ] GC(9) Using 1 workers of 1 for evacuation
[2020-04-22T08:24:21.537+0000][gc,mmu        ] GC(9) MMU target violated: 21.0ms (20.0ms/21.0ms)
[2020-04-22T08:24:21.537+0000][gc,phases     ] GC(9)   Pre Evacuate Collection Set: 0.4ms
[2020-04-22T08:24:21.537+0000][gc,phases     ] GC(9)   Evacuate Collection Set: 20.8ms
[2020-04-22T08:24:21.537+0000][gc,phases     ] GC(9)   Post Evacuate Collection Set: 0.6ms
[2020-04-22T08:24:21.537+0000][gc,phases     ] GC(9)   Other: 0.5ms
[2020-04-22T08:24:21.537+0000][gc,heap       ] GC(9) Eden regions: 47->0(48)
[2020-04-22T08:24:21.537+0000][gc,heap       ] GC(9) Survivor regions: 4->3(7)
[2020-04-22T08:24:21.537+0000][gc,heap       ] GC(9) Old regions: 14->15
[2020-04-22T08:24:21.537+0000][gc,heap       ] GC(9) Humongous regions: 129->129
[2020-04-22T08:24:21.537+0000][gc,metaspace  ] GC(9) Metaspace: 47327K->47327K(1091584K)
[2020-04-22T08:24:21.537+0000][gc            ] GC(9) Pause Young (Normal) (G1 Evacuation Pause) 193M->146M(1024M) 22.328ms
[2020-04-22T08:24:21.537+0000][gc,cpu        ] GC(9) User=0.02s Sys=0.00s Real=0.03s
[2020-04-22T08:35:55.443+0000][gc,start      ] GC(10) Pause Young (Normal) (G1 Evacuation Pause)
[2020-04-22T08:35:55.444+0000][gc,task       ] GC(10) Using 1 workers of 1 for evacuation
[2020-04-22T08:35:55.461+0000][gc,phases     ] GC(10)   Pre Evacuate Collection Set: 0.3ms
[2020-04-22T08:35:55.461+0000][gc,phases     ] GC(10)   Evacuate Collection Set: 16.4ms
[2020-04-22T08:35:55.461+0000][gc,phases     ] GC(10)   Post Evacuate Collection Set: 0.5ms
[2020-04-22T08:35:55.461+0000][gc,phases     ] GC(10)   Other: 0.4ms
[2020-04-22T08:35:55.461+0000][gc,heap       ] GC(10) Eden regions: 48->0(48)
[2020-04-22T08:35:55.461+0000][gc,heap       ] GC(10) Survivor regions: 3->3(7)
[2020-04-22T08:35:55.461+0000][gc,heap       ] GC(10) Old regions: 15->15
[2020-04-22T08:35:55.461+0000][gc,heap       ] GC(10) Humongous regions: 129->129
[2020-04-22T08:35:55.461+0000][gc,metaspace  ] GC(10) Metaspace: 47382K->47382K(1091584K)
[2020-04-22T08:35:55.461+0000][gc            ] GC(10) Pause Young (Normal) (G1 Evacuation Pause) 194M->146M(1024M) 17.686ms
[2020-04-22T08:35:55.461+0000][gc,cpu        ] GC(10) User=0.02s Sys=0.00s Real=0.02s
[2020-04-22T08:47:24.962+0000][gc,start      ] GC(11) Pause Young (Normal) (G1 Evacuation Pause)
[2020-04-22T08:47:24.962+0000][gc,task       ] GC(11) Using 1 workers of 1 for evacuation
[2020-04-22T08:47:24.975+0000][gc,phases     ] GC(11)   Pre Evacuate Collection Set: 0.3ms
[2020-04-22T08:47:24.975+0000][gc,phases     ] GC(11)   Evacuate Collection Set: 12.5ms
[2020-04-22T08:47:24.975+0000][gc,phases     ] GC(11)   Post Evacuate Collection Set: 0.5ms
[2020-04-22T08:47:24.975+0000][gc,phases     ] GC(11)   Other: 0.4ms
[2020-04-22T08:47:24.975+0000][gc,heap       ] GC(11) Eden regions: 48->0(49)
[2020-04-22T08:47:24.975+0000][gc,heap       ] GC(11) Survivor regions: 3->2(7)
[2020-04-22T08:47:24.975+0000][gc,heap       ] GC(11) Old regions: 15->15
[2020-04-22T08:47:24.975+0000][gc,heap       ] GC(11) Humongous regions: 129->129
[2020-04-22T08:47:24.975+0000][gc,metaspace  ] GC(11) Metaspace: 47401K->47401K(1091584K)
[2020-04-22T08:47:24.976+0000][gc            ] GC(11) Pause Young (Normal) (G1 Evacuation Pause) 194M->145M(1024M) 13.751ms
[2020-04-22T08:47:24.976+0000][gc,cpu        ] GC(11) User=0.01s Sys=0.00s Real=0.01s
[2020-04-22T08:54:09.698+0000][gc,heap,exit  ] Heap
[2020-04-22T08:54:09.698+0000][gc,heap,exit  ]  garbage-first heap   total 1048576K, used 188956K [0x00000000c0000000, 0x0000000100000000)
[2020-04-22T08:54:09.698+0000][gc,heap,exit  ]   region size 1024K, 42 young (43008K), 2 survivors (2048K)
[2020-04-22T08:54:09.698+0000][gc,heap,exit  ]  Metaspace       used 48209K, capacity 50816K, committed 50992K, reserved 1093632K
[2020-04-22T08:54:09.698+0000][gc,heap,exit  ]   class space    used 6293K, capacity 7542K, committed 7552K, reserved 1048576K
