[2020-04-09T02:55:19.622+0000][gc,heap] Heap region size: 1M
[2020-04-09T02:55:19.632+0000][gc     ] Using G1
[2020-04-09T02:55:19.632+0000][gc,heap,coops] Heap address: 0x00000000c0000000, size: 1024 MB, Compressed Oops mode: 32-bit
[2020-04-09T02:55:22.468+0000][gc,start     ] GC(0) Pause Young (Concurrent Start) (Metadata GC Threshold)
[2020-04-09T02:55:22.468+0000][gc,task      ] GC(0) Using 1 workers of 1 for evacuation
[2020-04-09T02:55:22.488+0000][gc,mmu       ] GC(0) MMU target violated: 20.6ms (20.0ms/21.0ms)
[2020-04-09T02:55:22.488+0000][gc,phases    ] GC(0)   Pre Evacuate Collection Set: 0.1ms
[2020-04-09T02:55:22.488+0000][gc,phases    ] GC(0)   Evacuate Collection Set: 19.8ms
[2020-04-09T02:55:22.488+0000][gc,phases    ] GC(0)   Post Evacuate Collection Set: 0.5ms
[2020-04-09T02:55:22.488+0000][gc,phases    ] GC(0)   Other: 0.3ms
[2020-04-09T02:55:22.488+0000][gc,heap      ] GC(0) Eden regions: 39->0(44)
[2020-04-09T02:55:22.488+0000][gc,heap      ] GC(0) Survivor regions: 0->7(7)
[2020-04-09T02:55:22.488+0000][gc,heap      ] GC(0) Old regions: 0->0
[2020-04-09T02:55:22.488+0000][gc,heap      ] GC(0) Humongous regions: 0->0
[2020-04-09T02:55:22.488+0000][gc,metaspace ] GC(0) Metaspace: 20761K->20761K(1069056K)
[2020-04-09T02:55:22.489+0000][gc           ] GC(0) Pause Young (Concurrent Start) (Metadata GC Threshold) 39M->6M(1024M) 20.757ms
[2020-04-09T02:55:22.489+0000][gc,cpu       ] GC(0) User=0.02s Sys=0.01s Real=0.02s
[2020-04-09T02:55:22.489+0000][gc           ] GC(1) Concurrent Cycle
[2020-04-09T02:55:22.489+0000][gc,marking   ] GC(1) Concurrent Clear Claimed Marks
[2020-04-09T02:55:22.489+0000][gc,marking   ] GC(1) Concurrent Clear Claimed Marks 0.036ms
[2020-04-09T02:55:22.489+0000][gc,marking   ] GC(1) Concurrent Scan Root Regions
[2020-04-09T02:55:22.500+0000][gc,marking   ] GC(1) Concurrent Scan Root Regions 11.296ms
[2020-04-09T02:55:22.500+0000][gc,marking   ] GC(1) Concurrent Mark (2.881s)
[2020-04-09T02:55:22.500+0000][gc,marking   ] GC(1) Concurrent Mark From Roots
[2020-04-09T02:55:22.500+0000][gc,task      ] GC(1) Using 1 workers of 1 for marking
[2020-04-09T02:55:22.502+0000][gc,marking   ] GC(1) Concurrent Mark From Roots 1.566ms
[2020-04-09T02:55:22.502+0000][gc,marking   ] GC(1) Concurrent Preclean
[2020-04-09T02:55:22.502+0000][gc,marking   ] GC(1) Concurrent Preclean 0.021ms
[2020-04-09T02:55:22.502+0000][gc,marking   ] GC(1) Concurrent Mark (2.881s, 2.883s) 1.625ms
[2020-04-09T02:55:22.502+0000][gc,start     ] GC(1) Pause Remark
[2020-04-09T02:55:22.506+0000][gc,stringtable] GC(1) Cleaned string and symbol table, strings: 7437 processed, 0 removed, symbols: 63712 processed, 40 removed
[2020-04-09T02:55:22.507+0000][gc            ] GC(1) Pause Remark 7M->7M(1024M) 4.920ms
[2020-04-09T02:55:22.507+0000][gc,cpu        ] GC(1) User=0.00s Sys=0.00s Real=0.01s
[2020-04-09T02:55:22.507+0000][gc,marking    ] GC(1) Concurrent Rebuild Remembered Sets
[2020-04-09T02:55:22.507+0000][gc,marking    ] GC(1) Concurrent Rebuild Remembered Sets 0.075ms
[2020-04-09T02:55:22.507+0000][gc,start      ] GC(1) Pause Cleanup
[2020-04-09T02:55:22.507+0000][gc            ] GC(1) Pause Cleanup 7M->7M(1024M) 0.132ms
[2020-04-09T02:55:22.507+0000][gc,cpu        ] GC(1) User=0.00s Sys=0.00s Real=0.00s
[2020-04-09T02:55:22.507+0000][gc,marking    ] GC(1) Concurrent Cleanup for Next Mark
[2020-04-09T02:55:22.524+0000][gc,marking    ] GC(1) Concurrent Cleanup for Next Mark 16.548ms
[2020-04-09T02:55:22.524+0000][gc            ] GC(1) Concurrent Cycle 34.984ms
[2020-04-09T02:55:24.248+0000][gc,start      ] GC(2) Pause Young (Normal) (G1 Evacuation Pause)
[2020-04-09T02:55:24.248+0000][gc,task       ] GC(2) Using 1 workers of 1 for evacuation
[2020-04-09T02:55:24.275+0000][gc,mmu        ] GC(2) MMU target violated: 21.0ms (20.0ms/21.0ms)
[2020-04-09T02:55:24.275+0000][gc,phases     ] GC(2)   Pre Evacuate Collection Set: 0.1ms
[2020-04-09T02:55:24.275+0000][gc,phases     ] GC(2)   Evacuate Collection Set: 25.8ms
[2020-04-09T02:55:24.275+0000][gc,phases     ] GC(2)   Post Evacuate Collection Set: 0.4ms
[2020-04-09T02:55:24.275+0000][gc,phases     ] GC(2)   Other: 0.2ms
[2020-04-09T02:55:24.275+0000][gc,heap       ] GC(2) Eden regions: 44->0(48)
[2020-04-09T02:55:24.275+0000][gc,heap       ] GC(2) Survivor regions: 7->3(7)
[2020-04-09T02:55:24.275+0000][gc,heap       ] GC(2) Old regions: 0->7
[2020-04-09T02:55:24.275+0000][gc,heap       ] GC(2) Humongous regions: 129->129
[2020-04-09T02:55:24.275+0000][gc,metaspace  ] GC(2) Metaspace: 30587K->30587K(1077248K)
[2020-04-09T02:55:24.275+0000][gc            ] GC(2) Pause Young (Normal) (G1 Evacuation Pause) 179M->137M(1024M) 26.564ms
[2020-04-09T02:55:24.275+0000][gc,cpu        ] GC(2) User=0.02s Sys=0.00s Real=0.02s
[2020-04-09T02:55:25.159+0000][gc,start      ] GC(3) Pause Young (Concurrent Start) (Metadata GC Threshold)
[2020-04-09T02:55:25.159+0000][gc,task       ] GC(3) Using 1 workers of 1 for evacuation
[2020-04-09T02:55:25.173+0000][gc,phases     ] GC(3)   Pre Evacuate Collection Set: 0.1ms
[2020-04-09T02:55:25.173+0000][gc,phases     ] GC(3)   Evacuate Collection Set: 13.4ms
[2020-04-09T02:55:25.173+0000][gc,phases     ] GC(3)   Post Evacuate Collection Set: 0.3ms
[2020-04-09T02:55:25.173+0000][gc,phases     ] GC(3)   Other: 0.3ms
[2020-04-09T02:55:25.173+0000][gc,heap       ] GC(3) Eden regions: 23->0(46)
[2020-04-09T02:55:25.173+0000][gc,heap       ] GC(3) Survivor regions: 3->5(7)
[2020-04-09T02:55:25.173+0000][gc,heap       ] GC(3) Old regions: 7->7
[2020-04-09T02:55:25.173+0000][gc,heap       ] GC(3) Humongous regions: 129->129
[2020-04-09T02:55:25.173+0000][gc,metaspace  ] GC(3) Metaspace: 34455K->34455K(1081344K)
[2020-04-09T02:55:25.174+0000][gc            ] GC(3) Pause Young (Concurrent Start) (Metadata GC Threshold) 160M->139M(1024M) 14.207ms
[2020-04-09T02:55:25.174+0000][gc,cpu        ] GC(3) User=0.01s Sys=0.00s Real=0.01s
[2020-04-09T02:55:25.174+0000][gc            ] GC(4) Concurrent Cycle
[2020-04-09T02:55:25.174+0000][gc,marking    ] GC(4) Concurrent Clear Claimed Marks
[2020-04-09T02:55:25.174+0000][gc,marking    ] GC(4) Concurrent Clear Claimed Marks 0.086ms
[2020-04-09T02:55:25.174+0000][gc,marking    ] GC(4) Concurrent Scan Root Regions
[2020-04-09T02:55:25.178+0000][gc,marking    ] GC(4) Concurrent Scan Root Regions 4.428ms
[2020-04-09T02:55:25.178+0000][gc,marking    ] GC(4) Concurrent Mark (5.559s)
[2020-04-09T02:55:25.178+0000][gc,marking    ] GC(4) Concurrent Mark From Roots
[2020-04-09T02:55:25.178+0000][gc,task       ] GC(4) Using 1 workers of 1 for marking
[2020-04-09T02:55:25.245+0000][gc,marking    ] GC(4) Concurrent Mark From Roots 67.190ms
[2020-04-09T02:55:25.245+0000][gc,marking    ] GC(4) Concurrent Preclean
[2020-04-09T02:55:25.245+0000][gc,marking    ] GC(4) Concurrent Preclean 0.081ms
[2020-04-09T02:55:25.245+0000][gc,marking    ] GC(4) Concurrent Mark (5.559s, 5.627s) 67.318ms
[2020-04-09T02:55:25.246+0000][gc,start      ] GC(4) Pause Remark
[2020-04-09T02:55:25.253+0000][gc,stringtable] GC(4) Cleaned string and symbol table, strings: 13469 processed, 7 removed, symbols: 99475 processed, 34 removed
[2020-04-09T02:55:25.254+0000][gc            ] GC(4) Pause Remark 142M->142M(1024M) 8.008ms
[2020-04-09T02:55:25.254+0000][gc,cpu        ] GC(4) User=0.01s Sys=0.00s Real=0.00s
[2020-04-09T02:55:25.257+0000][gc,marking    ] GC(4) Concurrent Rebuild Remembered Sets
[2020-04-09T02:55:25.280+0000][gc,marking    ] GC(4) Concurrent Rebuild Remembered Sets 22.892ms
[2020-04-09T02:55:25.280+0000][gc,start      ] GC(4) Pause Cleanup
[2020-04-09T02:55:25.280+0000][gc            ] GC(4) Pause Cleanup 142M->142M(1024M) 0.216ms
[2020-04-09T02:55:25.280+0000][gc,cpu        ] GC(4) User=0.00s Sys=0.00s Real=0.00s
[2020-04-09T02:55:25.280+0000][gc,marking    ] GC(4) Concurrent Cleanup for Next Mark
[2020-04-09T02:55:25.335+0000][gc,marking    ] GC(4) Concurrent Cleanup for Next Mark 55.249ms
[2020-04-09T02:55:25.335+0000][gc            ] GC(4) Concurrent Cycle 161.824ms
[2020-04-09T02:59:04.513+0000][gc,start      ] GC(5) Pause Young (Normal) (G1 Evacuation Pause)
[2020-04-09T02:59:04.513+0000][gc,task       ] GC(5) Using 1 workers of 1 for evacuation
[2020-04-09T02:59:04.542+0000][gc,mmu        ] GC(5) MMU target violated: 21.0ms (20.0ms/21.0ms)
[2020-04-09T02:59:04.542+0000][gc,phases     ] GC(5)   Pre Evacuate Collection Set: 0.1ms
[2020-04-09T02:59:04.542+0000][gc,phases     ] GC(5)   Evacuate Collection Set: 28.5ms
[2020-04-09T02:59:04.542+0000][gc,phases     ] GC(5)   Post Evacuate Collection Set: 0.5ms
[2020-04-09T02:59:04.542+0000][gc,phases     ] GC(5)   Other: 0.3ms
[2020-04-09T02:59:04.542+0000][gc,heap       ] GC(5) Eden regions: 46->0(46)
[2020-04-09T02:59:04.542+0000][gc,heap       ] GC(5) Survivor regions: 5->5(7)
[2020-04-09T02:59:04.542+0000][gc,heap       ] GC(5) Old regions: 7->9
[2020-04-09T02:59:04.542+0000][gc,heap       ] GC(5) Humongous regions: 129->129
[2020-04-09T02:59:04.542+0000][gc,metaspace  ] GC(5) Metaspace: 43902K->43902K(1089536K)
[2020-04-09T02:59:04.542+0000][gc            ] GC(5) Pause Young (Normal) (G1 Evacuation Pause) 185M->142M(1024M) 29.425ms
[2020-04-09T02:59:04.542+0000][gc,cpu        ] GC(5) User=0.03s Sys=0.00s Real=0.03s
[2020-04-09T03:02:30.830+0000][gc,heap,exit  ] Heap
[2020-04-09T03:02:30.830+0000][gc,heap,exit  ]  garbage-first heap   total 1048576K, used 188551K [0x00000000c0000000, 0x0000000100000000)
[2020-04-09T03:02:30.830+0000][gc,heap,exit  ]   region size 1024K, 49 young (50176K), 5 survivors (5120K)
[2020-04-09T03:02:30.830+0000][gc,heap,exit  ]  Metaspace       used 47204K, capacity 49767K, committed 49992K, reserved 1091584K
[2020-04-09T03:02:30.830+0000][gc,heap,exit  ]   class space    used 6344K, capacity 7604K, committed 7680K, reserved 1048576K
