[2020-04-15T03:07:11.306+0000][gc,heap] Heap region size: 1M
[2020-04-15T03:07:11.317+0000][gc     ] Using G1
[2020-04-15T03:07:11.317+0000][gc,heap,coops] Heap address: 0x00000000c0000000, size: 1024 MB, Compressed Oops mode: 32-bit
[2020-04-15T03:07:13.837+0000][gc,start     ] GC(0) Pause Young (Concurrent Start) (Metadata GC Threshold)
[2020-04-15T03:07:13.837+0000][gc,task      ] GC(0) Using 1 workers of 1 for evacuation
[2020-04-15T03:07:13.873+0000][gc,mmu       ] GC(0) MMU target violated: 21.0ms (20.0ms/21.0ms)
[2020-04-15T03:07:13.873+0000][gc,phases    ] GC(0)   Pre Evacuate Collection Set: 0.1ms
[2020-04-15T03:07:13.873+0000][gc,phases    ] GC(0)   Evacuate Collection Set: 35.5ms
[2020-04-15T03:07:13.873+0000][gc,phases    ] GC(0)   Post Evacuate Collection Set: 0.6ms
[2020-04-15T03:07:13.873+0000][gc,phases    ] GC(0)   Other: 0.5ms
[2020-04-15T03:07:13.873+0000][gc,heap      ] GC(0) Eden regions: 39->0(44)
[2020-04-15T03:07:13.873+0000][gc,heap      ] GC(0) Survivor regions: 0->7(7)
[2020-04-15T03:07:13.873+0000][gc,heap      ] GC(0) Old regions: 0->0
[2020-04-15T03:07:13.873+0000][gc,heap      ] GC(0) Humongous regions: 0->0
[2020-04-15T03:07:13.873+0000][gc,metaspace ] GC(0) Metaspace: 20734K->20734K(1069056K)
[2020-04-15T03:07:13.873+0000][gc           ] GC(0) Pause Young (Concurrent Start) (Metadata GC Threshold) 38M->6M(1024M) 36.679ms
[2020-04-15T03:07:13.873+0000][gc,cpu       ] GC(0) User=0.02s Sys=0.02s Real=0.03s
[2020-04-15T03:07:13.873+0000][gc           ] GC(1) Concurrent Cycle
[2020-04-15T03:07:13.873+0000][gc,marking   ] GC(1) Concurrent Clear Claimed Marks
[2020-04-15T03:07:13.874+0000][gc,marking   ] GC(1) Concurrent Clear Claimed Marks 0.037ms
[2020-04-15T03:07:13.874+0000][gc,marking   ] GC(1) Concurrent Scan Root Regions
[2020-04-15T03:07:13.886+0000][gc,marking   ] GC(1) Concurrent Scan Root Regions 12.193ms
[2020-04-15T03:07:13.886+0000][gc,marking   ] GC(1) Concurrent Mark (2.583s)
[2020-04-15T03:07:13.886+0000][gc,marking   ] GC(1) Concurrent Mark From Roots
[2020-04-15T03:07:13.886+0000][gc,task      ] GC(1) Using 1 workers of 1 for marking
[2020-04-15T03:07:13.889+0000][gc,marking   ] GC(1) Concurrent Mark From Roots 3.133ms
[2020-04-15T03:07:13.889+0000][gc,marking   ] GC(1) Concurrent Preclean
[2020-04-15T03:07:13.889+0000][gc,marking   ] GC(1) Concurrent Preclean 0.040ms
[2020-04-15T03:07:13.889+0000][gc,marking   ] GC(1) Concurrent Mark (2.583s, 2.586s) 3.219ms
[2020-04-15T03:07:13.889+0000][gc,start     ] GC(1) Pause Remark
[2020-04-15T03:07:13.894+0000][gc,stringtable] GC(1) Cleaned string and symbol table, strings: 7428 processed, 0 removed, symbols: 63712 processed, 40 removed
[2020-04-15T03:07:13.894+0000][gc            ] GC(1) Pause Remark 7M->7M(1024M) 4.897ms
[2020-04-15T03:07:13.894+0000][gc,cpu        ] GC(1) User=0.00s Sys=0.00s Real=0.00s
[2020-04-15T03:07:13.894+0000][gc,marking    ] GC(1) Concurrent Rebuild Remembered Sets
[2020-04-15T03:07:13.894+0000][gc,marking    ] GC(1) Concurrent Rebuild Remembered Sets 0.135ms
[2020-04-15T03:07:13.894+0000][gc,start      ] GC(1) Pause Cleanup
[2020-04-15T03:07:13.894+0000][gc            ] GC(1) Pause Cleanup 7M->7M(1024M) 0.126ms
[2020-04-15T03:07:13.894+0000][gc,cpu        ] GC(1) User=0.00s Sys=0.00s Real=0.00s
[2020-04-15T03:07:13.894+0000][gc,marking    ] GC(1) Concurrent Cleanup for Next Mark
[2020-04-15T03:07:14.020+0000][gc,marking    ] GC(1) Concurrent Cleanup for Next Mark 125.152ms
[2020-04-15T03:07:14.020+0000][gc            ] GC(1) Concurrent Cycle 146.186ms
[2020-04-15T03:07:15.781+0000][gc,start      ] GC(2) Pause Young (Normal) (G1 Evacuation Pause)
[2020-04-15T03:07:15.781+0000][gc,task       ] GC(2) Using 1 workers of 1 for evacuation
[2020-04-15T03:07:15.822+0000][gc,mmu        ] GC(2) MMU target violated: 21.0ms (20.0ms/21.0ms)
[2020-04-15T03:07:15.822+0000][gc,phases     ] GC(2)   Pre Evacuate Collection Set: 0.1ms
[2020-04-15T03:07:15.822+0000][gc,phases     ] GC(2)   Evacuate Collection Set: 39.9ms
[2020-04-15T03:07:15.822+0000][gc,phases     ] GC(2)   Post Evacuate Collection Set: 0.6ms
[2020-04-15T03:07:15.822+0000][gc,phases     ] GC(2)   Other: 0.2ms
[2020-04-15T03:07:15.822+0000][gc,heap       ] GC(2) Eden regions: 44->0(49)
[2020-04-15T03:07:15.822+0000][gc,heap       ] GC(2) Survivor regions: 7->2(7)
[2020-04-15T03:07:15.822+0000][gc,heap       ] GC(2) Old regions: 0->7
[2020-04-15T03:07:15.822+0000][gc,heap       ] GC(2) Humongous regions: 0->0
[2020-04-15T03:07:15.822+0000][gc,metaspace  ] GC(2) Metaspace: 29651K->29651K(1075200K)
[2020-04-15T03:07:15.822+0000][gc            ] GC(2) Pause Young (Normal) (G1 Evacuation Pause) 50M->8M(1024M) 40.887ms
[2020-04-15T03:07:15.822+0000][gc,cpu        ] GC(2) User=0.01s Sys=0.03s Real=0.04s
[2020-04-15T03:07:17.049+0000][gc,start      ] GC(3) Pause Young (Concurrent Start) (Metadata GC Threshold)
[2020-04-15T03:07:17.049+0000][gc,task       ] GC(3) Using 1 workers of 1 for evacuation
[2020-04-15T03:07:17.076+0000][gc,mmu        ] GC(3) MMU target violated: 21.0ms (20.0ms/21.0ms)
[2020-04-15T03:07:17.076+0000][gc,phases     ] GC(3)   Pre Evacuate Collection Set: 0.1ms
[2020-04-15T03:07:17.076+0000][gc,phases     ] GC(3)   Evacuate Collection Set: 22.0ms
[2020-04-15T03:07:17.076+0000][gc,phases     ] GC(3)   Post Evacuate Collection Set: 5.5ms
[2020-04-15T03:07:17.076+0000][gc,phases     ] GC(3)   Other: 0.3ms
[2020-04-15T03:07:17.076+0000][gc,heap       ] GC(3) Eden regions: 30->0(46)
[2020-04-15T03:07:17.076+0000][gc,heap       ] GC(3) Survivor regions: 2->5(7)
[2020-04-15T03:07:17.076+0000][gc,heap       ] GC(3) Old regions: 7->7
[2020-04-15T03:07:17.077+0000][gc,heap       ] GC(3) Humongous regions: 129->129
[2020-04-15T03:07:17.077+0000][gc,metaspace  ] GC(3) Metaspace: 34776K->34776K(1081344K)
[2020-04-15T03:07:17.077+0000][gc            ] GC(3) Pause Young (Concurrent Start) (Metadata GC Threshold) 167M->139M(1024M) 27.897ms
[2020-04-15T03:07:17.077+0000][gc,cpu        ] GC(3) User=0.03s Sys=0.00s Real=0.03s
[2020-04-15T03:07:17.077+0000][gc            ] GC(4) Concurrent Cycle
[2020-04-15T03:07:17.077+0000][gc,marking    ] GC(4) Concurrent Clear Claimed Marks
[2020-04-15T03:07:17.077+0000][gc,marking    ] GC(4) Concurrent Clear Claimed Marks 0.102ms
[2020-04-15T03:07:17.077+0000][gc,marking    ] GC(4) Concurrent Scan Root Regions
[2020-04-15T03:07:17.086+0000][gc,marking    ] GC(4) Concurrent Scan Root Regions 8.728ms
[2020-04-15T03:07:17.086+0000][gc,marking    ] GC(4) Concurrent Mark (5.783s)
[2020-04-15T03:07:17.086+0000][gc,marking    ] GC(4) Concurrent Mark From Roots
[2020-04-15T03:07:17.086+0000][gc,task       ] GC(4) Using 1 workers of 1 for marking
[2020-04-15T03:07:17.124+0000][gc,marking    ] GC(4) Concurrent Mark From Roots 38.020ms
[2020-04-15T03:07:17.124+0000][gc,marking    ] GC(4) Concurrent Preclean
[2020-04-15T03:07:17.124+0000][gc,marking    ] GC(4) Concurrent Preclean 0.081ms
[2020-04-15T03:07:17.124+0000][gc,marking    ] GC(4) Concurrent Mark (5.783s, 5.821s) 38.159ms
[2020-04-15T03:07:17.124+0000][gc,start      ] GC(4) Pause Remark
[2020-04-15T03:07:17.133+0000][gc,stringtable] GC(4) Cleaned string and symbol table, strings: 11700 processed, 8 removed, symbols: 96007 processed, 25 removed
[2020-04-15T03:07:17.133+0000][gc            ] GC(4) Pause Remark 142M->142M(1024M) 9.186ms
[2020-04-15T03:07:17.133+0000][gc,cpu        ] GC(4) User=0.00s Sys=0.00s Real=0.00s
[2020-04-15T03:07:17.137+0000][gc,marking    ] GC(4) Concurrent Rebuild Remembered Sets
[2020-04-15T03:07:17.147+0000][gc,marking    ] GC(4) Concurrent Rebuild Remembered Sets 9.886ms
[2020-04-15T03:07:17.148+0000][gc,start      ] GC(4) Pause Cleanup
[2020-04-15T03:07:17.148+0000][gc            ] GC(4) Pause Cleanup 142M->142M(1024M) 0.222ms
[2020-04-15T03:07:17.148+0000][gc,cpu        ] GC(4) User=0.01s Sys=0.00s Real=0.00s
[2020-04-15T03:07:17.148+0000][gc,marking    ] GC(4) Concurrent Cleanup for Next Mark
[2020-04-15T03:07:17.275+0000][gc,marking    ] GC(4) Concurrent Cleanup for Next Mark 127.579ms
[2020-04-15T03:07:17.275+0000][gc            ] GC(4) Concurrent Cycle 198.705ms
[2020-04-15T03:07:31.408+0000][gc,start      ] GC(5) Pause Young (Normal) (G1 Evacuation Pause)
[2020-04-15T03:07:31.408+0000][gc,task       ] GC(5) Using 1 workers of 1 for evacuation
[2020-04-15T03:07:31.440+0000][gc,mmu        ] GC(5) MMU target violated: 21.0ms (20.0ms/21.0ms)
[2020-04-15T03:07:31.440+0000][gc,phases     ] GC(5)   Pre Evacuate Collection Set: 0.1ms
[2020-04-15T03:07:31.440+0000][gc,phases     ] GC(5)   Evacuate Collection Set: 30.7ms
[2020-04-15T03:07:31.440+0000][gc,phases     ] GC(5)   Post Evacuate Collection Set: 0.5ms
[2020-04-15T03:07:31.440+0000][gc,phases     ] GC(5)   Other: 0.4ms
[2020-04-15T03:07:31.440+0000][gc,heap       ] GC(5) Eden regions: 46->0(45)
[2020-04-15T03:07:31.440+0000][gc,heap       ] GC(5) Survivor regions: 5->6(7)
[2020-04-15T03:07:31.440+0000][gc,heap       ] GC(5) Old regions: 7->8
[2020-04-15T03:07:31.440+0000][gc,heap       ] GC(5) Humongous regions: 141->129
[2020-04-15T03:07:31.440+0000][gc,metaspace  ] GC(5) Metaspace: 43283K->43283K(1087488K)
[2020-04-15T03:07:31.440+0000][gc            ] GC(5) Pause Young (Normal) (G1 Evacuation Pause) 197M->143M(1024M) 31.745ms
[2020-04-15T03:07:31.440+0000][gc,cpu        ] GC(5) User=0.02s Sys=0.01s Real=0.03s
[2020-04-15T03:25:37.087+0000][gc,start      ] GC(6) Pause Young (Normal) (G1 Evacuation Pause)
[2020-04-15T03:25:37.087+0000][gc,task       ] GC(6) Using 1 workers of 1 for evacuation
[2020-04-15T03:25:37.109+0000][gc,mmu        ] GC(6) MMU target violated: 21.0ms (20.0ms/21.0ms)
[2020-04-15T03:25:37.109+0000][gc,phases     ] GC(6)   Pre Evacuate Collection Set: 0.3ms
[2020-04-15T03:25:37.109+0000][gc,phases     ] GC(6)   Evacuate Collection Set: 20.6ms
[2020-04-15T03:25:37.109+0000][gc,phases     ] GC(6)   Post Evacuate Collection Set: 0.5ms
[2020-04-15T03:25:37.109+0000][gc,phases     ] GC(6)   Other: 0.4ms
[2020-04-15T03:25:37.109+0000][gc,heap       ] GC(6) Eden regions: 45->0(48)
[2020-04-15T03:25:37.109+0000][gc,heap       ] GC(6) Survivor regions: 6->3(7)
[2020-04-15T03:25:37.109+0000][gc,heap       ] GC(6) Old regions: 8->11
[2020-04-15T03:25:37.109+0000][gc,heap       ] GC(6) Humongous regions: 129->129
[2020-04-15T03:25:37.109+0000][gc,metaspace  ] GC(6) Metaspace: 44024K->44024K(1089536K)
[2020-04-15T03:25:37.109+0000][gc            ] GC(6) Pause Young (Normal) (G1 Evacuation Pause) 188M->142M(1024M) 21.778ms
[2020-04-15T03:25:37.109+0000][gc,cpu        ] GC(6) User=0.03s Sys=0.00s Real=0.02s
[2020-04-15T03:46:53.165+0000][gc,start      ] GC(7) Pause Young (Normal) (G1 Evacuation Pause)
[2020-04-15T03:46:53.165+0000][gc,task       ] GC(7) Using 1 workers of 1 for evacuation
[2020-04-15T03:46:53.197+0000][gc,mmu        ] GC(7) MMU target violated: 21.0ms (20.0ms/21.0ms)
[2020-04-15T03:46:53.197+0000][gc,phases     ] GC(7)   Pre Evacuate Collection Set: 0.6ms
[2020-04-15T03:46:53.197+0000][gc,phases     ] GC(7)   Evacuate Collection Set: 25.2ms
[2020-04-15T03:46:53.197+0000][gc,phases     ] GC(7)   Post Evacuate Collection Set: 5.9ms
[2020-04-15T03:46:53.197+0000][gc,phases     ] GC(7)   Other: 0.4ms
[2020-04-15T03:46:53.197+0000][gc,heap       ] GC(7) Eden regions: 48->0(48)
[2020-04-15T03:46:53.197+0000][gc,heap       ] GC(7) Survivor regions: 3->3(7)
[2020-04-15T03:46:53.197+0000][gc,heap       ] GC(7) Old regions: 11->11
[2020-04-15T03:46:53.197+0000][gc,heap       ] GC(7) Humongous regions: 129->129
[2020-04-15T03:46:53.197+0000][gc,metaspace  ] GC(7) Metaspace: 44421K->44421K(1089536K)
[2020-04-15T03:46:53.197+0000][gc            ] GC(7) Pause Young (Normal) (G1 Evacuation Pause) 190M->142M(1024M) 32.165ms
[2020-04-15T03:46:53.197+0000][gc,cpu        ] GC(7) User=0.02s Sys=0.00s Real=0.03s
[2020-04-15T04:02:45.904+0000][gc,start      ] GC(8) Pause Young (Normal) (G1 Evacuation Pause)
[2020-04-15T04:02:45.904+0000][gc,task       ] GC(8) Using 1 workers of 1 for evacuation
[2020-04-15T04:02:45.924+0000][gc,mmu        ] GC(8) MMU target violated: 20.1ms (20.0ms/21.0ms)
[2020-04-15T04:02:45.924+0000][gc,phases     ] GC(8)   Pre Evacuate Collection Set: 0.9ms
[2020-04-15T04:02:45.924+0000][gc,phases     ] GC(8)   Evacuate Collection Set: 18.4ms
[2020-04-15T04:02:45.924+0000][gc,phases     ] GC(8)   Post Evacuate Collection Set: 0.6ms
[2020-04-15T04:02:45.924+0000][gc,phases     ] GC(8)   Other: 0.5ms
[2020-04-15T04:02:45.924+0000][gc,heap       ] GC(8) Eden regions: 48->0(47)
[2020-04-15T04:02:45.924+0000][gc,heap       ] GC(8) Survivor regions: 3->4(7)
[2020-04-15T04:02:45.924+0000][gc,heap       ] GC(8) Old regions: 11->11
[2020-04-15T04:02:45.924+0000][gc,heap       ] GC(8) Humongous regions: 129->129
[2020-04-15T04:02:45.924+0000][gc,metaspace  ] GC(8) Metaspace: 47018K->47018K(1091584K)
[2020-04-15T04:02:45.925+0000][gc            ] GC(8) Pause Young (Normal) (G1 Evacuation Pause) 190M->143M(1024M) 20.434ms
[2020-04-15T04:02:45.925+0000][gc,cpu        ] GC(8) User=0.02s Sys=0.00s Real=0.02s
[2020-04-15T04:24:45.905+0000][gc,start      ] GC(9) Pause Young (Normal) (G1 Evacuation Pause)
[2020-04-15T04:24:45.906+0000][gc,task       ] GC(9) Using 1 workers of 1 for evacuation
[2020-04-15T04:24:45.948+0000][gc,mmu        ] GC(9) MMU target violated: 21.0ms (20.0ms/21.0ms)
[2020-04-15T04:24:45.948+0000][gc,phases     ] GC(9)   Pre Evacuate Collection Set: 6.8ms
[2020-04-15T04:24:45.948+0000][gc,phases     ] GC(9)   Evacuate Collection Set: 33.8ms
[2020-04-15T04:24:45.948+0000][gc,phases     ] GC(9)   Post Evacuate Collection Set: 0.9ms
[2020-04-15T04:24:45.948+0000][gc,phases     ] GC(9)   Other: 1.7ms
[2020-04-15T04:24:45.948+0000][gc,heap       ] GC(9) Eden regions: 47->0(49)
[2020-04-15T04:24:45.948+0000][gc,heap       ] GC(9) Survivor regions: 4->2(7)
[2020-04-15T04:24:45.948+0000][gc,heap       ] GC(9) Old regions: 11->14
[2020-04-15T04:24:45.948+0000][gc,heap       ] GC(9) Humongous regions: 129->129
[2020-04-15T04:24:45.948+0000][gc,metaspace  ] GC(9) Metaspace: 47077K->47077K(1091584K)
[2020-04-15T04:24:45.948+0000][gc            ] GC(9) Pause Young (Normal) (G1 Evacuation Pause) 190M->143M(1024M) 43.193ms
[2020-04-15T04:24:45.948+0000][gc,cpu        ] GC(9) User=0.05s Sys=0.00s Real=0.04s
[2020-04-15T04:47:48.974+0000][gc,start      ] GC(10) Pause Young (Normal) (G1 Evacuation Pause)
[2020-04-15T04:47:48.974+0000][gc,task       ] GC(10) Using 1 workers of 1 for evacuation
[2020-04-15T04:47:48.984+0000][gc,phases     ] GC(10)   Pre Evacuate Collection Set: 0.4ms
[2020-04-15T04:47:48.984+0000][gc,phases     ] GC(10)   Evacuate Collection Set: 8.9ms
[2020-04-15T04:47:48.984+0000][gc,phases     ] GC(10)   Post Evacuate Collection Set: 0.4ms
[2020-04-15T04:47:48.984+0000][gc,phases     ] GC(10)   Other: 0.3ms
[2020-04-15T04:47:48.984+0000][gc,heap       ] GC(10) Eden regions: 49->0(49)
[2020-04-15T04:47:48.984+0000][gc,heap       ] GC(10) Survivor regions: 2->2(7)
[2020-04-15T04:47:48.984+0000][gc,heap       ] GC(10) Old regions: 14->14
[2020-04-15T04:47:48.984+0000][gc,heap       ] GC(10) Humongous regions: 129->129
[2020-04-15T04:47:48.984+0000][gc,metaspace  ] GC(10) Metaspace: 47114K->47114K(1091584K)
[2020-04-15T04:47:48.984+0000][gc            ] GC(10) Pause Young (Normal) (G1 Evacuation Pause) 192M->143M(1024M) 10.149ms
[2020-04-15T04:47:48.984+0000][gc,cpu        ] GC(10) User=0.01s Sys=0.00s Real=0.01s
[2020-04-15T05:08:14.100+0000][gc,start      ] GC(11) Pause Young (Normal) (G1 Evacuation Pause)
[2020-04-15T05:08:14.100+0000][gc,task       ] GC(11) Using 1 workers of 1 for evacuation
[2020-04-15T05:08:14.124+0000][gc,mmu        ] GC(11) MMU target violated: 21.0ms (20.0ms/21.0ms)
[2020-04-15T05:08:14.124+0000][gc,phases     ] GC(11)   Pre Evacuate Collection Set: 1.8ms
[2020-04-15T05:08:14.124+0000][gc,phases     ] GC(11)   Evacuate Collection Set: 20.4ms
[2020-04-15T05:08:14.124+0000][gc,phases     ] GC(11)   Post Evacuate Collection Set: 0.5ms
[2020-04-15T05:08:14.124+0000][gc,phases     ] GC(11)   Other: 0.5ms
[2020-04-15T05:08:14.124+0000][gc,heap       ] GC(11) Eden regions: 49->0(49)
[2020-04-15T05:08:14.124+0000][gc,heap       ] GC(11) Survivor regions: 2->2(7)
[2020-04-15T05:08:14.124+0000][gc,heap       ] GC(11) Old regions: 14->14
[2020-04-15T05:08:14.124+0000][gc,heap       ] GC(11) Humongous regions: 129->129
[2020-04-15T05:08:14.124+0000][gc,metaspace  ] GC(11) Metaspace: 47696K->47696K(1091584K)
[2020-04-15T05:08:14.124+0000][gc            ] GC(11) Pause Young (Normal) (G1 Evacuation Pause) 192M->144M(1024M) 23.355ms
[2020-04-15T05:08:14.124+0000][gc,cpu        ] GC(11) User=0.03s Sys=0.00s Real=0.02s
[2020-04-15T05:19:42.083+0000][gc,start      ] GC(12) Pause Young (Normal) (G1 Evacuation Pause)
[2020-04-15T05:19:42.083+0000][gc,task       ] GC(12) Using 1 workers of 1 for evacuation
[2020-04-15T05:19:42.110+0000][gc,mmu        ] GC(12) MMU target violated: 21.0ms (20.0ms/21.0ms)
[2020-04-15T05:19:42.110+0000][gc,phases     ] GC(12)   Pre Evacuate Collection Set: 0.7ms
[2020-04-15T05:19:42.110+0000][gc,phases     ] GC(12)   Evacuate Collection Set: 24.8ms
[2020-04-15T05:19:42.110+0000][gc,phases     ] GC(12)   Post Evacuate Collection Set: 0.5ms
[2020-04-15T05:19:42.110+0000][gc,phases     ] GC(12)   Other: 0.5ms
[2020-04-15T05:19:42.110+0000][gc,heap       ] GC(12) Eden regions: 49->0(47)
[2020-04-15T05:19:42.110+0000][gc,heap       ] GC(12) Survivor regions: 2->4(7)
[2020-04-15T05:19:42.110+0000][gc,heap       ] GC(12) Old regions: 14->14
[2020-04-15T05:19:42.110+0000][gc,heap       ] GC(12) Humongous regions: 129->129
[2020-04-15T05:19:42.110+0000][gc,metaspace  ] GC(12) Metaspace: 47989K->47989K(1093632K)
[2020-04-15T05:19:42.110+0000][gc            ] GC(12) Pause Young (Normal) (G1 Evacuation Pause) 193M->145M(1024M) 26.525ms
[2020-04-15T05:19:42.110+0000][gc,cpu        ] GC(12) User=0.02s Sys=0.00s Real=0.03s
[2020-04-15T05:30:38.927+0000][gc,start      ] GC(13) Pause Young (Normal) (G1 Evacuation Pause)
[2020-04-15T05:30:38.927+0000][gc,task       ] GC(13) Using 1 workers of 1 for evacuation
[2020-04-15T05:30:38.954+0000][gc,mmu        ] GC(13) MMU target violated: 21.0ms (20.0ms/21.0ms)
[2020-04-15T05:30:38.954+0000][gc,phases     ] GC(13)   Pre Evacuate Collection Set: 4.2ms
[2020-04-15T05:30:38.954+0000][gc,phases     ] GC(13)   Evacuate Collection Set: 21.7ms
[2020-04-15T05:30:38.954+0000][gc,phases     ] GC(13)   Post Evacuate Collection Set: 0.7ms
[2020-04-15T05:30:38.954+0000][gc,phases     ] GC(13)   Other: 0.9ms
[2020-04-15T05:30:38.954+0000][gc,heap       ] GC(13) Eden regions: 47->0(48)
[2020-04-15T05:30:38.954+0000][gc,heap       ] GC(13) Survivor regions: 4->3(7)
[2020-04-15T05:30:38.954+0000][gc,heap       ] GC(13) Old regions: 14->14
[2020-04-15T05:30:38.954+0000][gc,heap       ] GC(13) Humongous regions: 129->129
[2020-04-15T05:30:38.954+0000][gc,metaspace  ] GC(13) Metaspace: 48027K->48027K(1093632K)
[2020-04-15T05:30:38.954+0000][gc            ] GC(13) Pause Young (Normal) (G1 Evacuation Pause) 192M->145M(1024M) 27.542ms
[2020-04-15T05:30:38.954+0000][gc,cpu        ] GC(13) User=0.03s Sys=0.00s Real=0.02s
[2020-04-15T05:42:53.336+0000][gc,start      ] GC(14) Pause Young (Normal) (G1 Evacuation Pause)
[2020-04-15T05:42:53.336+0000][gc,task       ] GC(14) Using 1 workers of 1 for evacuation
[2020-04-15T05:42:53.355+0000][gc,phases     ] GC(14)   Pre Evacuate Collection Set: 0.5ms
[2020-04-15T05:42:53.355+0000][gc,phases     ] GC(14)   Evacuate Collection Set: 17.6ms
[2020-04-15T05:42:53.355+0000][gc,phases     ] GC(14)   Post Evacuate Collection Set: 0.4ms
[2020-04-15T05:42:53.355+0000][gc,phases     ] GC(14)   Other: 0.3ms
[2020-04-15T05:42:53.355+0000][gc,heap       ] GC(14) Eden regions: 48->0(47)
[2020-04-15T05:42:53.355+0000][gc,heap       ] GC(14) Survivor regions: 3->4(7)
[2020-04-15T05:42:53.355+0000][gc,heap       ] GC(14) Old regions: 14->14
[2020-04-15T05:42:53.355+0000][gc,heap       ] GC(14) Humongous regions: 129->129
[2020-04-15T05:42:53.355+0000][gc,metaspace  ] GC(14) Metaspace: 48036K->48036K(1093632K)
[2020-04-15T05:42:53.355+0000][gc            ] GC(14) Pause Young (Normal) (G1 Evacuation Pause) 193M->145M(1024M) 18.926ms
[2020-04-15T05:42:53.355+0000][gc,cpu        ] GC(14) User=0.02s Sys=0.00s Real=0.01s
[2020-04-15T05:55:17.130+0000][gc,start      ] GC(15) Pause Young (Normal) (G1 Evacuation Pause)
[2020-04-15T05:55:17.130+0000][gc,task       ] GC(15) Using 1 workers of 1 for evacuation
[2020-04-15T05:55:17.152+0000][gc,mmu        ] GC(15) MMU target violated: 21.0ms (20.0ms/21.0ms)
[2020-04-15T05:55:17.152+0000][gc,phases     ] GC(15)   Pre Evacuate Collection Set: 0.3ms
[2020-04-15T05:55:17.152+0000][gc,phases     ] GC(15)   Evacuate Collection Set: 21.0ms
[2020-04-15T05:55:17.152+0000][gc,phases     ] GC(15)   Post Evacuate Collection Set: 0.5ms
[2020-04-15T05:55:17.152+0000][gc,phases     ] GC(15)   Other: 0.4ms
[2020-04-15T05:55:17.152+0000][gc,heap       ] GC(15) Eden regions: 47->0(47)
[2020-04-15T05:55:17.152+0000][gc,heap       ] GC(15) Survivor regions: 4->4(7)
[2020-04-15T05:55:17.152+0000][gc,heap       ] GC(15) Old regions: 14->14
[2020-04-15T05:55:17.152+0000][gc,heap       ] GC(15) Humongous regions: 129->129
[2020-04-15T05:55:17.152+0000][gc,metaspace  ] GC(15) Metaspace: 48043K->48043K(1093632K)
[2020-04-15T05:55:17.152+0000][gc            ] GC(15) Pause Young (Normal) (G1 Evacuation Pause) 192M->146M(1024M) 22.203ms
[2020-04-15T05:55:17.152+0000][gc,cpu        ] GC(15) User=0.02s Sys=0.00s Real=0.02s
[2020-04-15T06:07:00.581+0000][gc,start      ] GC(16) Pause Young (Normal) (G1 Evacuation Pause)
[2020-04-15T06:07:00.581+0000][gc,task       ] GC(16) Using 1 workers of 1 for evacuation
[2020-04-15T06:07:00.601+0000][gc,phases     ] GC(16)   Pre Evacuate Collection Set: 0.3ms
[2020-04-15T06:07:00.601+0000][gc,phases     ] GC(16)   Evacuate Collection Set: 19.0ms
[2020-04-15T06:07:00.601+0000][gc,phases     ] GC(16)   Post Evacuate Collection Set: 0.4ms
[2020-04-15T06:07:00.601+0000][gc,phases     ] GC(16)   Other: 0.4ms
[2020-04-15T06:07:00.601+0000][gc,heap       ] GC(16) Eden regions: 47->0(48)
[2020-04-15T06:07:00.601+0000][gc,heap       ] GC(16) Survivor regions: 4->3(7)
[2020-04-15T06:07:00.601+0000][gc,heap       ] GC(16) Old regions: 14->15
[2020-04-15T06:07:00.601+0000][gc,heap       ] GC(16) Humongous regions: 129->129
[2020-04-15T06:07:00.601+0000][gc,metaspace  ] GC(16) Metaspace: 48068K->48068K(1093632K)
[2020-04-15T06:07:00.601+0000][gc            ] GC(16) Pause Young (Normal) (G1 Evacuation Pause) 193M->145M(1024M) 20.155ms
[2020-04-15T06:07:00.601+0000][gc,cpu        ] GC(16) User=0.02s Sys=0.00s Real=0.02s
[2020-04-15T06:19:45.915+0000][gc,start      ] GC(17) Pause Young (Normal) (G1 Evacuation Pause)
[2020-04-15T06:19:45.915+0000][gc,task       ] GC(17) Using 1 workers of 1 for evacuation
[2020-04-15T06:19:45.939+0000][gc,mmu        ] GC(17) MMU target violated: 21.0ms (20.0ms/21.0ms)
[2020-04-15T06:19:45.939+0000][gc,phases     ] GC(17)   Pre Evacuate Collection Set: 1.6ms
[2020-04-15T06:19:45.939+0000][gc,phases     ] GC(17)   Evacuate Collection Set: 21.0ms
[2020-04-15T06:19:45.939+0000][gc,phases     ] GC(17)   Post Evacuate Collection Set: 0.5ms
[2020-04-15T06:19:45.939+0000][gc,phases     ] GC(17)   Other: 0.6ms
[2020-04-15T06:19:45.939+0000][gc,heap       ] GC(17) Eden regions: 48->0(47)
[2020-04-15T06:19:45.939+0000][gc,heap       ] GC(17) Survivor regions: 3->4(7)
[2020-04-15T06:19:45.939+0000][gc,heap       ] GC(17) Old regions: 15->15
[2020-04-15T06:19:45.939+0000][gc,heap       ] GC(17) Humongous regions: 129->129
[2020-04-15T06:19:45.939+0000][gc,metaspace  ] GC(17) Metaspace: 48079K->48079K(1093632K)
[2020-04-15T06:19:45.939+0000][gc            ] GC(17) Pause Young (Normal) (G1 Evacuation Pause) 193M->146M(1024M) 23.738ms
[2020-04-15T06:19:45.939+0000][gc,cpu        ] GC(17) User=0.03s Sys=0.00s Real=0.03s
[2020-04-15T06:32:17.246+0000][gc,start      ] GC(18) Pause Young (Normal) (G1 Evacuation Pause)
[2020-04-15T06:32:17.246+0000][gc,task       ] GC(18) Using 1 workers of 1 for evacuation
[2020-04-15T06:32:17.260+0000][gc,phases     ] GC(18)   Pre Evacuate Collection Set: 0.4ms
[2020-04-15T06:32:17.260+0000][gc,phases     ] GC(18)   Evacuate Collection Set: 12.5ms
[2020-04-15T06:32:17.260+0000][gc,phases     ] GC(18)   Post Evacuate Collection Set: 0.4ms
[2020-04-15T06:32:17.260+0000][gc,phases     ] GC(18)   Other: 0.3ms
[2020-04-15T06:32:17.260+0000][gc,heap       ] GC(18) Eden regions: 47->0(48)
[2020-04-15T06:32:17.260+0000][gc,heap       ] GC(18) Survivor regions: 4->3(7)
[2020-04-15T06:32:17.260+0000][gc,heap       ] GC(18) Old regions: 15->15
[2020-04-15T06:32:17.260+0000][gc,heap       ] GC(18) Humongous regions: 129->129
[2020-04-15T06:32:17.260+0000][gc,metaspace  ] GC(18) Metaspace: 48082K->48082K(1093632K)
[2020-04-15T06:32:17.260+0000][gc            ] GC(18) Pause Young (Normal) (G1 Evacuation Pause) 193M->145M(1024M) 13.697ms
[2020-04-15T06:32:17.260+0000][gc,cpu        ] GC(18) User=0.01s Sys=0.00s Real=0.01s
[2020-04-15T06:45:02.292+0000][gc,start      ] GC(19) Pause Young (Normal) (G1 Evacuation Pause)
[2020-04-15T06:45:02.292+0000][gc,task       ] GC(19) Using 1 workers of 1 for evacuation
[2020-04-15T06:45:02.308+0000][gc,phases     ] GC(19)   Pre Evacuate Collection Set: 0.3ms
[2020-04-15T06:45:02.308+0000][gc,phases     ] GC(19)   Evacuate Collection Set: 14.5ms
[2020-04-15T06:45:02.308+0000][gc,phases     ] GC(19)   Post Evacuate Collection Set: 0.3ms
[2020-04-15T06:45:02.308+0000][gc,phases     ] GC(19)   Other: 0.3ms
[2020-04-15T06:45:02.308+0000][gc,heap       ] GC(19) Eden regions: 48->0(47)
[2020-04-15T06:45:02.308+0000][gc,heap       ] GC(19) Survivor regions: 3->4(7)
[2020-04-15T06:45:02.308+0000][gc,heap       ] GC(19) Old regions: 15->15
[2020-04-15T06:45:02.308+0000][gc,heap       ] GC(19) Humongous regions: 129->129
[2020-04-15T06:45:02.308+0000][gc,metaspace  ] GC(19) Metaspace: 48083K->48083K(1093632K)
[2020-04-15T06:45:02.308+0000][gc            ] GC(19) Pause Young (Normal) (G1 Evacuation Pause) 193M->146M(1024M) 15.532ms
[2020-04-15T06:45:02.308+0000][gc,cpu        ] GC(19) User=0.02s Sys=0.00s Real=0.02s
[2020-04-15T06:57:33.974+0000][gc,start      ] GC(20) Pause Young (Normal) (G1 Evacuation Pause)
[2020-04-15T06:57:33.974+0000][gc,task       ] GC(20) Using 1 workers of 1 for evacuation
[2020-04-15T06:57:33.994+0000][gc,mmu        ] GC(20) MMU target violated: 20.2ms (20.0ms/21.0ms)
[2020-04-15T06:57:33.994+0000][gc,phases     ] GC(20)   Pre Evacuate Collection Set: 0.7ms
[2020-04-15T06:57:33.994+0000][gc,phases     ] GC(20)   Evacuate Collection Set: 18.8ms
[2020-04-15T06:57:33.994+0000][gc,phases     ] GC(20)   Post Evacuate Collection Set: 0.4ms
[2020-04-15T06:57:33.994+0000][gc,phases     ] GC(20)   Other: 0.7ms
[2020-04-15T06:57:33.994+0000][gc,heap       ] GC(20) Eden regions: 47->0(48)
[2020-04-15T06:57:33.994+0000][gc,heap       ] GC(20) Survivor regions: 4->3(7)
[2020-04-15T06:57:33.994+0000][gc,heap       ] GC(20) Old regions: 15->15
[2020-04-15T06:57:33.994+0000][gc,heap       ] GC(20) Humongous regions: 129->129
[2020-04-15T06:57:33.994+0000][gc,metaspace  ] GC(20) Metaspace: 48084K->48084K(1093632K)
[2020-04-15T06:57:33.994+0000][gc            ] GC(20) Pause Young (Normal) (G1 Evacuation Pause) 193M->145M(1024M) 20.633ms
[2020-04-15T06:57:33.994+0000][gc,cpu        ] GC(20) User=0.02s Sys=0.00s Real=0.02s
[2020-04-15T07:12:05.665+0000][gc,start      ] GC(21) Pause Young (Normal) (G1 Evacuation Pause)
[2020-04-15T07:12:05.665+0000][gc,task       ] GC(21) Using 1 workers of 1 for evacuation
[2020-04-15T07:12:05.687+0000][gc,mmu        ] GC(21) MMU target violated: 21.0ms (20.0ms/21.0ms)
[2020-04-15T07:12:05.687+0000][gc,phases     ] GC(21)   Pre Evacuate Collection Set: 3.0ms
[2020-04-15T07:12:05.687+0000][gc,phases     ] GC(21)   Evacuate Collection Set: 18.1ms
[2020-04-15T07:12:05.687+0000][gc,phases     ] GC(21)   Post Evacuate Collection Set: 0.6ms
[2020-04-15T07:12:05.687+0000][gc,phases     ] GC(21)   Other: 0.7ms
[2020-04-15T07:12:05.687+0000][gc,heap       ] GC(21) Eden regions: 48->0(48)
[2020-04-15T07:12:05.688+0000][gc,heap       ] GC(21) Survivor regions: 3->3(7)
[2020-04-15T07:12:05.688+0000][gc,heap       ] GC(21) Old regions: 15->15
[2020-04-15T07:12:05.688+0000][gc,heap       ] GC(21) Humongous regions: 129->129
[2020-04-15T07:12:05.688+0000][gc,metaspace  ] GC(21) Metaspace: 48329K->48329K(1093632K)
[2020-04-15T07:12:05.688+0000][gc            ] GC(21) Pause Young (Normal) (G1 Evacuation Pause) 193M->145M(1024M) 22.415ms
[2020-04-15T07:12:05.688+0000][gc,cpu        ] GC(21) User=0.03s Sys=0.00s Real=0.02s
[2020-04-15T07:30:32.448+0000][gc,start      ] GC(22) Pause Young (Normal) (G1 Evacuation Pause)
[2020-04-15T07:30:32.448+0000][gc,task       ] GC(22) Using 1 workers of 1 for evacuation
[2020-04-15T07:30:32.472+0000][gc,mmu        ] GC(22) MMU target violated: 21.0ms (20.0ms/21.0ms)
[2020-04-15T07:30:32.472+0000][gc,phases     ] GC(22)   Pre Evacuate Collection Set: 2.7ms
[2020-04-15T07:30:32.472+0000][gc,phases     ] GC(22)   Evacuate Collection Set: 20.2ms
[2020-04-15T07:30:32.472+0000][gc,phases     ] GC(22)   Post Evacuate Collection Set: 0.5ms
[2020-04-15T07:30:32.472+0000][gc,phases     ] GC(22)   Other: 0.8ms
[2020-04-15T07:30:32.472+0000][gc,heap       ] GC(22) Eden regions: 48->0(48)
[2020-04-15T07:30:32.472+0000][gc,heap       ] GC(22) Survivor regions: 3->3(7)
[2020-04-15T07:30:32.472+0000][gc,heap       ] GC(22) Old regions: 15->15
[2020-04-15T07:30:32.472+0000][gc,heap       ] GC(22) Humongous regions: 129->129
[2020-04-15T07:30:32.472+0000][gc,metaspace  ] GC(22) Metaspace: 48391K->48391K(1093632K)
[2020-04-15T07:30:32.472+0000][gc            ] GC(22) Pause Young (Normal) (G1 Evacuation Pause) 193M->145M(1024M) 24.260ms
[2020-04-15T07:30:32.472+0000][gc,cpu        ] GC(22) User=0.02s Sys=0.00s Real=0.02s
[2020-04-15T07:48:52.700+0000][gc,start      ] GC(23) Pause Young (Normal) (G1 Evacuation Pause)
[2020-04-15T07:48:52.700+0000][gc,task       ] GC(23) Using 1 workers of 1 for evacuation
[2020-04-15T07:48:52.712+0000][gc,phases     ] GC(23)   Pre Evacuate Collection Set: 0.4ms
[2020-04-15T07:48:52.712+0000][gc,phases     ] GC(23)   Evacuate Collection Set: 11.1ms
[2020-04-15T07:48:52.712+0000][gc,phases     ] GC(23)   Post Evacuate Collection Set: 0.4ms
[2020-04-15T07:48:52.712+0000][gc,phases     ] GC(23)   Other: 0.3ms
[2020-04-15T07:48:52.712+0000][gc,heap       ] GC(23) Eden regions: 48->0(48)
[2020-04-15T07:48:52.712+0000][gc,heap       ] GC(23) Survivor regions: 3->3(7)
[2020-04-15T07:48:52.712+0000][gc,heap       ] GC(23) Old regions: 15->15
[2020-04-15T07:48:52.712+0000][gc,heap       ] GC(23) Humongous regions: 129->129
[2020-04-15T07:48:52.712+0000][gc,metaspace  ] GC(23) Metaspace: 48394K->48394K(1093632K)
[2020-04-15T07:48:52.712+0000][gc            ] GC(23) Pause Young (Normal) (G1 Evacuation Pause) 193M->145M(1024M) 12.293ms
[2020-04-15T07:48:52.712+0000][gc,cpu        ] GC(23) User=0.01s Sys=0.00s Real=0.01s
[2020-04-15T08:07:30.488+0000][gc,start      ] GC(24) Pause Young (Normal) (G1 Evacuation Pause)
[2020-04-15T08:07:30.488+0000][gc,task       ] GC(24) Using 1 workers of 1 for evacuation
[2020-04-15T08:07:30.499+0000][gc,phases     ] GC(24)   Pre Evacuate Collection Set: 0.3ms
[2020-04-15T08:07:30.499+0000][gc,phases     ] GC(24)   Evacuate Collection Set: 9.9ms
[2020-04-15T08:07:30.499+0000][gc,phases     ] GC(24)   Post Evacuate Collection Set: 0.3ms
[2020-04-15T08:07:30.499+0000][gc,phases     ] GC(24)   Other: 0.3ms
[2020-04-15T08:07:30.499+0000][gc,heap       ] GC(24) Eden regions: 48->0(50)
[2020-04-15T08:07:30.499+0000][gc,heap       ] GC(24) Survivor regions: 3->3(7)
[2020-04-15T08:07:30.499+0000][gc,heap       ] GC(24) Old regions: 15->15
[2020-04-15T08:07:30.499+0000][gc,heap       ] GC(24) Humongous regions: 129->129
[2020-04-15T08:07:30.499+0000][gc,metaspace  ] GC(24) Metaspace: 48395K->48395K(1093632K)
[2020-04-15T08:07:30.499+0000][gc            ] GC(24) Pause Young (Normal) (G1 Evacuation Pause) 193M->145M(1024M) 10.831ms
[2020-04-15T08:07:30.499+0000][gc,cpu        ] GC(24) User=0.02s Sys=0.00s Real=0.01s
[2020-04-15T08:26:53.092+0000][gc,start      ] GC(25) Pause Young (Normal) (G1 Evacuation Pause)
[2020-04-15T08:26:53.092+0000][gc,task       ] GC(25) Using 1 workers of 1 for evacuation
[2020-04-15T08:26:53.103+0000][gc,phases     ] GC(25)   Pre Evacuate Collection Set: 0.3ms
[2020-04-15T08:26:53.103+0000][gc,phases     ] GC(25)   Evacuate Collection Set: 9.9ms
[2020-04-15T08:26:53.103+0000][gc,phases     ] GC(25)   Post Evacuate Collection Set: 0.3ms
[2020-04-15T08:26:53.103+0000][gc,phases     ] GC(25)   Other: 0.3ms
[2020-04-15T08:26:53.103+0000][gc,heap       ] GC(25) Eden regions: 50->0(50)
[2020-04-15T08:26:53.103+0000][gc,heap       ] GC(25) Survivor regions: 3->3(7)
[2020-04-15T08:26:53.103+0000][gc,heap       ] GC(25) Old regions: 15->15
[2020-04-15T08:26:53.103+0000][gc,heap       ] GC(25) Humongous regions: 129->129
[2020-04-15T08:26:53.103+0000][gc,metaspace  ] GC(25) Metaspace: 48398K->48398K(1093632K)
[2020-04-15T08:26:53.103+0000][gc            ] GC(25) Pause Young (Normal) (G1 Evacuation Pause) 195M->145M(1024M) 10.951ms
[2020-04-15T08:26:53.103+0000][gc,cpu        ] GC(25) User=0.02s Sys=0.00s Real=0.01s
[2020-04-15T08:46:17.087+0000][gc,start      ] GC(26) Pause Young (Normal) (G1 Evacuation Pause)
[2020-04-15T08:46:17.087+0000][gc,task       ] GC(26) Using 1 workers of 1 for evacuation
[2020-04-15T08:46:17.100+0000][gc,phases     ] GC(26)   Pre Evacuate Collection Set: 0.2ms
[2020-04-15T08:46:17.100+0000][gc,phases     ] GC(26)   Evacuate Collection Set: 11.9ms
[2020-04-15T08:46:17.100+0000][gc,phases     ] GC(26)   Post Evacuate Collection Set: 0.4ms
[2020-04-15T08:46:17.100+0000][gc,phases     ] GC(26)   Other: 0.4ms
[2020-04-15T08:46:17.100+0000][gc,heap       ] GC(26) Eden regions: 50->0(51)
[2020-04-15T08:46:17.100+0000][gc,heap       ] GC(26) Survivor regions: 3->3(7)
[2020-04-15T08:46:17.100+0000][gc,heap       ] GC(26) Old regions: 15->15
[2020-04-15T08:46:17.100+0000][gc,heap       ] GC(26) Humongous regions: 129->129
[2020-04-15T08:46:17.100+0000][gc,metaspace  ] GC(26) Metaspace: 48399K->48399K(1093632K)
[2020-04-15T08:46:17.100+0000][gc            ] GC(26) Pause Young (Normal) (G1 Evacuation Pause) 195M->145M(1024M) 13.040ms
[2020-04-15T08:46:17.100+0000][gc,cpu        ] GC(26) User=0.01s Sys=0.00s Real=0.01s
[2020-04-15T09:05:53.974+0000][gc,start      ] GC(27) Pause Young (Normal) (G1 Evacuation Pause)
[2020-04-15T09:05:53.974+0000][gc,task       ] GC(27) Using 1 workers of 1 for evacuation
[2020-04-15T09:05:53.984+0000][gc,phases     ] GC(27)   Pre Evacuate Collection Set: 0.2ms
[2020-04-15T09:05:53.985+0000][gc,phases     ] GC(27)   Evacuate Collection Set: 10.1ms
[2020-04-15T09:05:53.985+0000][gc,phases     ] GC(27)   Post Evacuate Collection Set: 0.3ms
[2020-04-15T09:05:53.985+0000][gc,phases     ] GC(27)   Other: 0.3ms
[2020-04-15T09:05:53.985+0000][gc,heap       ] GC(27) Eden regions: 51->0(53)
[2020-04-15T09:05:53.985+0000][gc,heap       ] GC(27) Survivor regions: 3->3(7)
[2020-04-15T09:05:53.985+0000][gc,heap       ] GC(27) Old regions: 15->15
[2020-04-15T09:05:53.985+0000][gc,heap       ] GC(27) Humongous regions: 129->129
[2020-04-15T09:05:53.985+0000][gc,metaspace  ] GC(27) Metaspace: 48401K->48401K(1093632K)
[2020-04-15T09:05:53.985+0000][gc            ] GC(27) Pause Young (Normal) (G1 Evacuation Pause) 196M->145M(1024M) 11.147ms
[2020-04-15T09:05:53.985+0000][gc,cpu        ] GC(27) User=0.01s Sys=0.00s Real=0.02s
[2020-04-15T09:26:31.068+0000][gc,start      ] GC(28) Pause Young (Normal) (G1 Evacuation Pause)
[2020-04-15T09:26:31.069+0000][gc,task       ] GC(28) Using 1 workers of 1 for evacuation
[2020-04-15T09:26:31.083+0000][gc,phases     ] GC(28)   Pre Evacuate Collection Set: 0.2ms
[2020-04-15T09:26:31.084+0000][gc,phases     ] GC(28)   Evacuate Collection Set: 14.0ms
[2020-04-15T09:26:31.084+0000][gc,phases     ] GC(28)   Post Evacuate Collection Set: 0.4ms
[2020-04-15T09:26:31.084+0000][gc,phases     ] GC(28)   Other: 0.4ms
[2020-04-15T09:26:31.084+0000][gc,heap       ] GC(28) Eden regions: 53->0(55)
[2020-04-15T09:26:31.084+0000][gc,heap       ] GC(28) Survivor regions: 3->3(7)
[2020-04-15T09:26:31.084+0000][gc,heap       ] GC(28) Old regions: 15->15
[2020-04-15T09:26:31.084+0000][gc,heap       ] GC(28) Humongous regions: 129->129
[2020-04-15T09:26:31.084+0000][gc,metaspace  ] GC(28) Metaspace: 48409K->48409K(1093632K)
[2020-04-15T09:26:31.084+0000][gc            ] GC(28) Pause Young (Normal) (G1 Evacuation Pause) 198M->145M(1024M) 15.129ms
[2020-04-15T09:26:31.084+0000][gc,cpu        ] GC(28) User=0.01s Sys=0.01s Real=0.01s
[2020-04-15T09:47:49.660+0000][gc,start      ] GC(29) Pause Young (Normal) (G1 Evacuation Pause)
[2020-04-15T09:47:49.660+0000][gc,task       ] GC(29) Using 1 workers of 1 for evacuation
[2020-04-15T09:47:49.671+0000][gc,phases     ] GC(29)   Pre Evacuate Collection Set: 0.2ms
[2020-04-15T09:47:49.671+0000][gc,phases     ] GC(29)   Evacuate Collection Set: 10.6ms
[2020-04-15T09:47:49.671+0000][gc,phases     ] GC(29)   Post Evacuate Collection Set: 0.4ms
[2020-04-15T09:47:49.671+0000][gc,phases     ] GC(29)   Other: 0.3ms
[2020-04-15T09:47:49.671+0000][gc,heap       ] GC(29) Eden regions: 55->0(58)
[2020-04-15T09:47:49.671+0000][gc,heap       ] GC(29) Survivor regions: 3->3(8)
[2020-04-15T09:47:49.671+0000][gc,heap       ] GC(29) Old regions: 15->15
[2020-04-15T09:47:49.671+0000][gc,heap       ] GC(29) Humongous regions: 129->129
[2020-04-15T09:47:49.671+0000][gc,metaspace  ] GC(29) Metaspace: 48418K->48418K(1093632K)
[2020-04-15T09:47:49.671+0000][gc            ] GC(29) Pause Young (Normal) (G1 Evacuation Pause) 200M->145M(1024M) 11.728ms
[2020-04-15T09:47:49.671+0000][gc,cpu        ] GC(29) User=0.01s Sys=0.00s Real=0.01s
[2020-04-15T10:10:39.552+0000][gc,start      ] GC(30) Pause Young (Normal) (G1 Evacuation Pause)
[2020-04-15T10:10:39.552+0000][gc,task       ] GC(30) Using 1 workers of 1 for evacuation
[2020-04-15T10:10:39.565+0000][gc,phases     ] GC(30)   Pre Evacuate Collection Set: 0.2ms
[2020-04-15T10:10:39.565+0000][gc,phases     ] GC(30)   Evacuate Collection Set: 11.8ms
[2020-04-15T10:10:39.565+0000][gc,phases     ] GC(30)   Post Evacuate Collection Set: 0.4ms
[2020-04-15T10:10:39.565+0000][gc,phases     ] GC(30)   Other: 0.4ms
[2020-04-15T10:10:39.565+0000][gc,heap       ] GC(30) Eden regions: 58->0(61)
[2020-04-15T10:10:39.565+0000][gc,heap       ] GC(30) Survivor regions: 3->3(8)
[2020-04-15T10:10:39.565+0000][gc,heap       ] GC(30) Old regions: 15->15
[2020-04-15T10:10:39.565+0000][gc,heap       ] GC(30) Humongous regions: 129->129
[2020-04-15T10:10:39.565+0000][gc,metaspace  ] GC(30) Metaspace: 48420K->48420K(1093632K)
[2020-04-15T10:10:39.565+0000][gc            ] GC(30) Pause Young (Normal) (G1 Evacuation Pause) 203M->145M(1024M) 12.843ms
[2020-04-15T10:10:39.565+0000][gc,cpu        ] GC(30) User=0.01s Sys=0.00s Real=0.02s
[2020-04-15T10:34:43.974+0000][gc,start      ] GC(31) Pause Young (Normal) (G1 Evacuation Pause)
[2020-04-15T10:34:43.974+0000][gc,task       ] GC(31) Using 1 workers of 1 for evacuation
[2020-04-15T10:34:43.988+0000][gc,phases     ] GC(31)   Pre Evacuate Collection Set: 0.2ms
[2020-04-15T10:34:43.988+0000][gc,phases     ] GC(31)   Evacuate Collection Set: 13.3ms
[2020-04-15T10:34:43.988+0000][gc,phases     ] GC(31)   Post Evacuate Collection Set: 0.4ms
[2020-04-15T10:34:43.988+0000][gc,phases     ] GC(31)   Other: 0.3ms
[2020-04-15T10:34:43.988+0000][gc,heap       ] GC(31) Eden regions: 61->0(64)
[2020-04-15T10:34:43.988+0000][gc,heap       ] GC(31) Survivor regions: 3->3(8)
[2020-04-15T10:34:43.988+0000][gc,heap       ] GC(31) Old regions: 15->15
[2020-04-15T10:34:43.988+0000][gc,heap       ] GC(31) Humongous regions: 129->129
[2020-04-15T10:34:43.988+0000][gc,metaspace  ] GC(31) Metaspace: 48421K->48421K(1093632K)
[2020-04-15T10:34:43.988+0000][gc            ] GC(31) Pause Young (Normal) (G1 Evacuation Pause) 206M->145M(1024M) 14.242ms
[2020-04-15T10:34:43.988+0000][gc,cpu        ] GC(31) User=0.01s Sys=0.00s Real=0.02s
[2020-04-15T10:59:59.475+0000][gc,start      ] GC(32) Pause Young (Normal) (G1 Evacuation Pause)
[2020-04-15T10:59:59.475+0000][gc,task       ] GC(32) Using 1 workers of 1 for evacuation
[2020-04-15T10:59:59.496+0000][gc,mmu        ] GC(32) MMU target violated: 20.3ms (20.0ms/21.0ms)
[2020-04-15T10:59:59.496+0000][gc,phases     ] GC(32)   Pre Evacuate Collection Set: 0.6ms
[2020-04-15T10:59:59.496+0000][gc,phases     ] GC(32)   Evacuate Collection Set: 19.0ms
[2020-04-15T10:59:59.496+0000][gc,phases     ] GC(32)   Post Evacuate Collection Set: 0.5ms
[2020-04-15T10:59:59.496+0000][gc,phases     ] GC(32)   Other: 0.8ms
[2020-04-15T10:59:59.496+0000][gc,heap       ] GC(32) Eden regions: 64->0(65)
[2020-04-15T10:59:59.496+0000][gc,heap       ] GC(32) Survivor regions: 3->3(9)
[2020-04-15T10:59:59.496+0000][gc,heap       ] GC(32) Old regions: 15->15
[2020-04-15T10:59:59.496+0000][gc,heap       ] GC(32) Humongous regions: 129->129
[2020-04-15T10:59:59.496+0000][gc,metaspace  ] GC(32) Metaspace: 48423K->48423K(1093632K)
[2020-04-15T10:59:59.496+0000][gc            ] GC(32) Pause Young (Normal) (G1 Evacuation Pause) 209M->145M(1024M) 20.901ms
[2020-04-15T10:59:59.496+0000][gc,cpu        ] GC(32) User=0.02s Sys=0.00s Real=0.03s
[2020-04-15T11:25:36.135+0000][gc,start      ] GC(33) Pause Young (Normal) (G1 Evacuation Pause)
[2020-04-15T11:25:36.135+0000][gc,task       ] GC(33) Using 1 workers of 1 for evacuation
[2020-04-15T11:25:36.150+0000][gc,phases     ] GC(33)   Pre Evacuate Collection Set: 0.5ms
[2020-04-15T11:25:36.150+0000][gc,phases     ] GC(33)   Evacuate Collection Set: 13.7ms
[2020-04-15T11:25:36.150+0000][gc,phases     ] GC(33)   Post Evacuate Collection Set: 0.4ms
[2020-04-15T11:25:36.150+0000][gc,phases     ] GC(33)   Other: 0.4ms
[2020-04-15T11:25:36.150+0000][gc,heap       ] GC(33) Eden regions: 65->0(67)
[2020-04-15T11:25:36.150+0000][gc,heap       ] GC(33) Survivor regions: 3->2(9)
[2020-04-15T11:25:36.150+0000][gc,heap       ] GC(33) Old regions: 15->15
[2020-04-15T11:25:36.150+0000][gc,heap       ] GC(33) Humongous regions: 129->129
[2020-04-15T11:25:36.150+0000][gc,metaspace  ] GC(33) Metaspace: 48424K->48424K(1093632K)
[2020-04-15T11:25:36.150+0000][gc            ] GC(33) Pause Young (Normal) (G1 Evacuation Pause) 210M->145M(1024M) 15.033ms
[2020-04-15T11:25:36.150+0000][gc,cpu        ] GC(33) User=0.01s Sys=0.00s Real=0.02s
[2020-04-15T11:51:56.736+0000][gc,start      ] GC(34) Pause Young (Normal) (G1 Evacuation Pause)
[2020-04-15T11:51:56.736+0000][gc,task       ] GC(34) Using 1 workers of 1 for evacuation
[2020-04-15T11:51:56.750+0000][gc,phases     ] GC(34)   Pre Evacuate Collection Set: 0.2ms
[2020-04-15T11:51:56.750+0000][gc,phases     ] GC(34)   Evacuate Collection Set: 12.9ms
[2020-04-15T11:51:56.750+0000][gc,phases     ] GC(34)   Post Evacuate Collection Set: 0.4ms
[2020-04-15T11:51:56.750+0000][gc,phases     ] GC(34)   Other: 0.4ms
[2020-04-15T11:51:56.750+0000][gc,heap       ] GC(34) Eden regions: 67->0(65)
[2020-04-15T11:51:56.750+0000][gc,heap       ] GC(34) Survivor regions: 2->2(9)
[2020-04-15T11:51:56.750+0000][gc,heap       ] GC(34) Old regions: 15->15
[2020-04-15T11:51:56.750+0000][gc,heap       ] GC(34) Humongous regions: 129->129
[2020-04-15T11:51:56.750+0000][gc,metaspace  ] GC(34) Metaspace: 48456K->48456K(1093632K)
[2020-04-15T11:51:56.750+0000][gc            ] GC(34) Pause Young (Normal) (G1 Evacuation Pause) 212M->145M(1024M) 13.971ms
[2020-04-15T11:51:56.750+0000][gc,cpu        ] GC(34) User=0.00s Sys=0.02s Real=0.01s
[2020-04-15T12:17:33.243+0000][gc,start      ] GC(35) Pause Young (Normal) (G1 Evacuation Pause)
[2020-04-15T12:17:33.243+0000][gc,task       ] GC(35) Using 1 workers of 1 for evacuation
[2020-04-15T12:17:33.253+0000][gc,phases     ] GC(35)   Pre Evacuate Collection Set: 0.2ms
[2020-04-15T12:17:33.253+0000][gc,phases     ] GC(35)   Evacuate Collection Set: 9.6ms
[2020-04-15T12:17:33.253+0000][gc,phases     ] GC(35)   Post Evacuate Collection Set: 0.4ms
[2020-04-15T12:17:33.253+0000][gc,phases     ] GC(35)   Other: 0.4ms
[2020-04-15T12:17:33.253+0000][gc,heap       ] GC(35) Eden regions: 65->0(66)
[2020-04-15T12:17:33.254+0000][gc,heap       ] GC(35) Survivor regions: 2->2(9)
[2020-04-15T12:17:33.254+0000][gc,heap       ] GC(35) Old regions: 15->15
[2020-04-15T12:17:33.254+0000][gc,heap       ] GC(35) Humongous regions: 129->129
[2020-04-15T12:17:33.254+0000][gc,metaspace  ] GC(35) Metaspace: 48457K->48457K(1093632K)
[2020-04-15T12:17:33.254+0000][gc            ] GC(35) Pause Young (Normal) (G1 Evacuation Pause) 210M->145M(1024M) 10.664ms
[2020-04-15T12:17:33.254+0000][gc,cpu        ] GC(35) User=0.01s Sys=0.00s Real=0.01s
[2020-04-15T12:43:33.615+0000][gc,start      ] GC(36) Pause Young (Normal) (G1 Evacuation Pause)
[2020-04-15T12:43:33.615+0000][gc,task       ] GC(36) Using 1 workers of 1 for evacuation
[2020-04-15T12:43:33.628+0000][gc,phases     ] GC(36)   Pre Evacuate Collection Set: 0.2ms
[2020-04-15T12:43:33.628+0000][gc,phases     ] GC(36)   Evacuate Collection Set: 12.6ms
[2020-04-15T12:43:33.628+0000][gc,phases     ] GC(36)   Post Evacuate Collection Set: 0.3ms
[2020-04-15T12:43:33.629+0000][gc,phases     ] GC(36)   Other: 0.3ms
[2020-04-15T12:43:33.629+0000][gc,heap       ] GC(36) Eden regions: 66->0(69)
[2020-04-15T12:43:33.629+0000][gc,heap       ] GC(36) Survivor regions: 2->1(9)
[2020-04-15T12:43:33.629+0000][gc,heap       ] GC(36) Old regions: 15->17
[2020-04-15T12:43:33.629+0000][gc,heap       ] GC(36) Humongous regions: 129->129
[2020-04-15T12:43:33.629+0000][gc,metaspace  ] GC(36) Metaspace: 48459K->48459K(1093632K)
[2020-04-15T12:43:33.629+0000][gc            ] GC(36) Pause Young (Normal) (G1 Evacuation Pause) 211M->145M(1024M) 13.609ms
[2020-04-15T12:43:33.629+0000][gc,cpu        ] GC(36) User=0.01s Sys=0.00s Real=0.02s
[2020-04-15T13:10:48.640+0000][gc,start      ] GC(37) Pause Young (Normal) (G1 Evacuation Pause)
[2020-04-15T13:10:48.640+0000][gc,task       ] GC(37) Using 1 workers of 1 for evacuation
[2020-04-15T13:10:48.643+0000][gc,phases     ] GC(37)   Pre Evacuate Collection Set: 0.2ms
[2020-04-15T13:10:48.643+0000][gc,phases     ] GC(37)   Evacuate Collection Set: 2.1ms
[2020-04-15T13:10:48.643+0000][gc,phases     ] GC(37)   Post Evacuate Collection Set: 0.3ms
[2020-04-15T13:10:48.643+0000][gc,phases     ] GC(37)   Other: 0.4ms
[2020-04-15T13:10:48.643+0000][gc,heap       ] GC(37) Eden regions: 69->0(138)
[2020-04-15T13:10:48.643+0000][gc,heap       ] GC(37) Survivor regions: 1->1(9)
[2020-04-15T13:10:48.643+0000][gc,heap       ] GC(37) Old regions: 17->17
[2020-04-15T13:10:48.643+0000][gc,heap       ] GC(37) Humongous regions: 129->129
[2020-04-15T13:10:48.643+0000][gc,metaspace  ] GC(37) Metaspace: 48459K->48459K(1093632K)
[2020-04-15T13:10:48.643+0000][gc            ] GC(37) Pause Young (Normal) (G1 Evacuation Pause) 214M->145M(1024M) 3.138ms
[2020-04-15T13:10:48.643+0000][gc,cpu        ] GC(37) User=0.00s Sys=0.00s Real=0.00s
[2020-04-15T14:05:48.017+0000][gc,start      ] GC(38) Pause Young (Normal) (G1 Evacuation Pause)
[2020-04-15T14:05:48.017+0000][gc,task       ] GC(38) Using 1 workers of 1 for evacuation
[2020-04-15T14:05:48.026+0000][gc,phases     ] GC(38)   Pre Evacuate Collection Set: 2.6ms
[2020-04-15T14:05:48.026+0000][gc,phases     ] GC(38)   Evacuate Collection Set: 4.5ms
[2020-04-15T14:05:48.026+0000][gc,phases     ] GC(38)   Post Evacuate Collection Set: 1.0ms
[2020-04-15T14:05:48.026+0000][gc,phases     ] GC(38)   Other: 0.6ms
[2020-04-15T14:05:48.026+0000][gc,heap       ] GC(38) Eden regions: 138->0(176)
[2020-04-15T14:05:48.026+0000][gc,heap       ] GC(38) Survivor regions: 1->1(18)
[2020-04-15T14:05:48.026+0000][gc,heap       ] GC(38) Old regions: 17->17
[2020-04-15T14:05:48.026+0000][gc,heap       ] GC(38) Humongous regions: 129->129
[2020-04-15T14:05:48.026+0000][gc,metaspace  ] GC(38) Metaspace: 48461K->48461K(1093632K)
[2020-04-15T14:05:48.026+0000][gc            ] GC(38) Pause Young (Normal) (G1 Evacuation Pause) 283M->145M(1024M) 8.848ms
[2020-04-15T14:05:48.026+0000][gc,cpu        ] GC(38) User=0.01s Sys=0.00s Real=0.01s
[2020-04-15T15:15:51.152+0000][gc,start      ] GC(39) Pause Young (Normal) (G1 Evacuation Pause)
[2020-04-15T15:15:51.152+0000][gc,task       ] GC(39) Using 1 workers of 1 for evacuation
[2020-04-15T15:15:51.167+0000][gc,phases     ] GC(39)   Pre Evacuate Collection Set: 5.0ms
[2020-04-15T15:15:51.167+0000][gc,phases     ] GC(39)   Evacuate Collection Set: 8.0ms
[2020-04-15T15:15:51.167+0000][gc,phases     ] GC(39)   Post Evacuate Collection Set: 1.0ms
[2020-04-15T15:15:51.167+0000][gc,phases     ] GC(39)   Other: 1.4ms
[2020-04-15T15:15:51.167+0000][gc,heap       ] GC(39) Eden regions: 176->0(224)
[2020-04-15T15:15:51.167+0000][gc,heap       ] GC(39) Survivor regions: 1->1(23)
[2020-04-15T15:15:51.167+0000][gc,heap       ] GC(39) Old regions: 17->17
[2020-04-15T15:15:51.167+0000][gc,heap       ] GC(39) Humongous regions: 129->129
[2020-04-15T15:15:51.167+0000][gc,metaspace  ] GC(39) Metaspace: 48465K->48465K(1093632K)
[2020-04-15T15:15:51.167+0000][gc            ] GC(39) Pause Young (Normal) (G1 Evacuation Pause) 321M->145M(1024M) 15.350ms
[2020-04-15T15:15:51.167+0000][gc,cpu        ] GC(39) User=0.01s Sys=0.01s Real=0.02s
[2020-04-15T16:45:34.077+0000][gc,start      ] GC(40) Pause Young (Normal) (G1 Evacuation Pause)
[2020-04-15T16:45:34.077+0000][gc,task       ] GC(40) Using 1 workers of 1 for evacuation
[2020-04-15T16:45:34.084+0000][gc,phases     ] GC(40)   Pre Evacuate Collection Set: 1.4ms
[2020-04-15T16:45:34.084+0000][gc,phases     ] GC(40)   Evacuate Collection Set: 4.2ms
[2020-04-15T16:45:34.084+0000][gc,phases     ] GC(40)   Post Evacuate Collection Set: 1.0ms
[2020-04-15T16:45:34.084+0000][gc,phases     ] GC(40)   Other: 0.6ms
[2020-04-15T16:45:34.084+0000][gc,heap       ] GC(40) Eden regions: 224->0(288)
[2020-04-15T16:45:34.084+0000][gc,heap       ] GC(40) Survivor regions: 1->1(29)
[2020-04-15T16:45:34.084+0000][gc,heap       ] GC(40) Old regions: 17->17
[2020-04-15T16:45:34.084+0000][gc,heap       ] GC(40) Humongous regions: 129->129
[2020-04-15T16:45:34.084+0000][gc,metaspace  ] GC(40) Metaspace: 48468K->48468K(1093632K)
[2020-04-15T16:45:34.084+0000][gc            ] GC(40) Pause Young (Normal) (G1 Evacuation Pause) 369M->145M(1024M) 7.289ms
[2020-04-15T16:45:34.084+0000][gc,cpu        ] GC(40) User=0.01s Sys=0.00s Real=0.01s
[2020-04-15T18:40:51.991+0000][gc,start      ] GC(41) Pause Young (Normal) (G1 Evacuation Pause)
[2020-04-15T18:40:51.991+0000][gc,task       ] GC(41) Using 1 workers of 1 for evacuation
[2020-04-15T18:40:52.001+0000][gc,phases     ] GC(41)   Pre Evacuate Collection Set: 1.1ms
[2020-04-15T18:40:52.001+0000][gc,phases     ] GC(41)   Evacuate Collection Set: 6.5ms
[2020-04-15T18:40:52.001+0000][gc,phases     ] GC(41)   Post Evacuate Collection Set: 1.4ms
[2020-04-15T18:40:52.001+0000][gc,phases     ] GC(41)   Other: 1.1ms
[2020-04-15T18:40:52.001+0000][gc,heap       ] GC(41) Eden regions: 288->0(364)
[2020-04-15T18:40:52.001+0000][gc,heap       ] GC(41) Survivor regions: 1->1(37)
[2020-04-15T18:40:52.001+0000][gc,heap       ] GC(41) Old regions: 17->17
[2020-04-15T18:40:52.001+0000][gc,heap       ] GC(41) Humongous regions: 129->129
[2020-04-15T18:40:52.001+0000][gc,metaspace  ] GC(41) Metaspace: 48513K->48513K(1093632K)
[2020-04-15T18:40:52.001+0000][gc            ] GC(41) Pause Young (Normal) (G1 Evacuation Pause) 433M->145M(1024M) 10.096ms
[2020-04-15T18:40:52.001+0000][gc,cpu        ] GC(41) User=0.01s Sys=0.00s Real=0.01s
[2020-04-15T21:06:42.422+0000][gc,start      ] GC(42) Pause Young (Normal) (G1 Evacuation Pause)
[2020-04-15T21:06:42.423+0000][gc,task       ] GC(42) Using 1 workers of 1 for evacuation
[2020-04-15T21:06:42.439+0000][gc,phases     ] GC(42)   Pre Evacuate Collection Set: 4.0ms
[2020-04-15T21:06:42.439+0000][gc,phases     ] GC(42)   Evacuate Collection Set: 9.3ms
[2020-04-15T21:06:42.439+0000][gc,phases     ] GC(42)   Post Evacuate Collection Set: 2.4ms
[2020-04-15T21:06:42.439+0000][gc,phases     ] GC(42)   Other: 1.3ms
[2020-04-15T21:06:42.439+0000][gc,heap       ] GC(42) Eden regions: 364->0(422)
[2020-04-15T21:06:42.439+0000][gc,heap       ] GC(42) Survivor regions: 1->1(46)
[2020-04-15T21:06:42.439+0000][gc,heap       ] GC(42) Old regions: 17->17
[2020-04-15T21:06:42.439+0000][gc,heap       ] GC(42) Humongous regions: 129->129
[2020-04-15T21:06:42.439+0000][gc,metaspace  ] GC(42) Metaspace: 48516K->48516K(1093632K)
[2020-04-15T21:06:42.439+0000][gc            ] GC(42) Pause Young (Normal) (G1 Evacuation Pause) 509M->145M(1024M) 17.054ms
[2020-04-15T21:06:42.440+0000][gc,cpu        ] GC(42) User=0.02s Sys=0.00s Real=0.02s
[2020-04-15T23:55:42.087+0000][gc,start      ] GC(43) Pause Young (Normal) (G1 Evacuation Pause)
[2020-04-15T23:55:42.088+0000][gc,task       ] GC(43) Using 1 workers of 1 for evacuation
[2020-04-15T23:55:42.099+0000][gc,phases     ] GC(43)   Pre Evacuate Collection Set: 1.6ms
[2020-04-15T23:55:42.099+0000][gc,phases     ] GC(43)   Evacuate Collection Set: 6.8ms
[2020-04-15T23:55:42.099+0000][gc,phases     ] GC(43)   Post Evacuate Collection Set: 2.4ms
[2020-04-15T23:55:42.099+0000][gc,phases     ] GC(43)   Other: 1.3ms
[2020-04-15T23:55:42.099+0000][gc,heap       ] GC(43) Eden regions: 422->0(474)
[2020-04-15T23:55:42.099+0000][gc,heap       ] GC(43) Survivor regions: 1->1(53)
[2020-04-15T23:55:42.099+0000][gc,heap       ] GC(43) Old regions: 17->17
[2020-04-15T23:55:42.099+0000][gc,heap       ] GC(43) Humongous regions: 129->129
[2020-04-15T23:55:42.099+0000][gc,metaspace  ] GC(43) Metaspace: 48530K->48530K(1093632K)
[2020-04-15T23:55:42.099+0000][gc            ] GC(43) Pause Young (Normal) (G1 Evacuation Pause) 567M->145M(1024M) 12.066ms
[2020-04-15T23:55:42.099+0000][gc,cpu        ] GC(43) User=0.01s Sys=0.00s Real=0.01s
[2020-04-16T03:05:08.974+0000][gc,start      ] GC(44) Pause Young (Normal) (G1 Evacuation Pause)
[2020-04-16T03:05:08.975+0000][gc,task       ] GC(44) Using 1 workers of 1 for evacuation
[2020-04-16T03:05:08.997+0000][gc,mmu        ] GC(44) MMU target violated: 21.0ms (20.0ms/21.0ms)
[2020-04-16T03:05:08.998+0000][gc,phases     ] GC(44)   Pre Evacuate Collection Set: 5.9ms
[2020-04-16T03:05:08.998+0000][gc,phases     ] GC(44)   Evacuate Collection Set: 11.9ms
[2020-04-16T03:05:08.998+0000][gc,phases     ] GC(44)   Post Evacuate Collection Set: 3.9ms
[2020-04-16T03:05:08.998+0000][gc,phases     ] GC(44)   Other: 2.0ms
[2020-04-16T03:05:08.998+0000][gc,heap       ] GC(44) Eden regions: 474->0(509)
[2020-04-16T03:05:08.998+0000][gc,heap       ] GC(44) Survivor regions: 1->1(60)
[2020-04-16T03:05:08.998+0000][gc,heap       ] GC(44) Old regions: 17->17
[2020-04-16T03:05:08.998+0000][gc,heap       ] GC(44) Humongous regions: 129->129
[2020-04-16T03:05:08.998+0000][gc,metaspace  ] GC(44) Metaspace: 48716K->48716K(1093632K)
[2020-04-16T03:05:08.998+0000][gc            ] GC(44) Pause Young (Normal) (G1 Evacuation Pause) 619M->145M(1024M) 23.546ms
[2020-04-16T03:05:08.998+0000][gc,cpu        ] GC(44) User=0.02s Sys=0.00s Real=0.03s
[2020-04-16T06:29:14.030+0000][gc,start      ] GC(45) Pause Young (Normal) (G1 Evacuation Pause)
[2020-04-16T06:29:14.030+0000][gc,task       ] GC(45) Using 1 workers of 1 for evacuation
[2020-04-16T06:29:14.041+0000][gc,phases     ] GC(45)   Pre Evacuate Collection Set: 0.5ms
[2020-04-16T06:29:14.041+0000][gc,phases     ] GC(45)   Evacuate Collection Set: 7.5ms
[2020-04-16T06:29:14.041+0000][gc,phases     ] GC(45)   Post Evacuate Collection Set: 2.7ms
[2020-04-16T06:29:14.041+0000][gc,phases     ] GC(45)   Other: 0.7ms
[2020-04-16T06:29:14.042+0000][gc,heap       ] GC(45) Eden regions: 509->0(520)
[2020-04-16T06:29:14.042+0000][gc,heap       ] GC(45) Survivor regions: 1->1(64)
[2020-04-16T06:29:14.042+0000][gc,heap       ] GC(45) Old regions: 17->17
[2020-04-16T06:29:14.042+0000][gc,heap       ] GC(45) Humongous regions: 129->129
[2020-04-16T06:29:14.042+0000][gc,metaspace  ] GC(45) Metaspace: 48717K->48717K(1093632K)
[2020-04-16T06:29:14.042+0000][gc            ] GC(45) Pause Young (Normal) (G1 Evacuation Pause) 654M->145M(1024M) 11.446ms
[2020-04-16T06:29:14.042+0000][gc,cpu        ] GC(45) User=0.02s Sys=0.00s Real=0.01s
[2020-04-16T09:57:58.677+0000][gc,start      ] GC(46) Pause Young (Normal) (G1 Evacuation Pause)
[2020-04-16T09:57:58.677+0000][gc,task       ] GC(46) Using 1 workers of 1 for evacuation
[2020-04-16T09:57:58.703+0000][gc,mmu        ] GC(46) MMU target violated: 21.0ms (20.0ms/21.0ms)
[2020-04-16T09:57:58.704+0000][gc,phases     ] GC(46)   Pre Evacuate Collection Set: 4.8ms
[2020-04-16T09:57:58.704+0000][gc,phases     ] GC(46)   Evacuate Collection Set: 16.4ms
[2020-04-16T09:57:58.704+0000][gc,phases     ] GC(46)   Post Evacuate Collection Set: 4.0ms
[2020-04-16T09:57:58.704+0000][gc,phases     ] GC(46)   Other: 2.0ms
[2020-04-16T09:57:58.704+0000][gc,heap       ] GC(46) Eden regions: 520->0(529)
[2020-04-16T09:57:58.704+0000][gc,heap       ] GC(46) Survivor regions: 1->1(66)
[2020-04-16T09:57:58.704+0000][gc,heap       ] GC(46) Old regions: 17->17
[2020-04-16T09:57:58.704+0000][gc,heap       ] GC(46) Humongous regions: 129->129
[2020-04-16T09:57:58.704+0000][gc,metaspace  ] GC(46) Metaspace: 48717K->48717K(1093632K)
[2020-04-16T09:57:58.704+0000][gc            ] GC(46) Pause Young (Normal) (G1 Evacuation Pause) 665M->145M(1024M) 27.220ms
[2020-04-16T09:57:58.704+0000][gc,cpu        ] GC(46) User=0.03s Sys=0.00s Real=0.02s
[2020-04-16T13:30:22.833+0000][gc,start      ] GC(47) Pause Young (Normal) (G1 Evacuation Pause)
[2020-04-16T13:30:22.833+0000][gc,task       ] GC(47) Using 1 workers of 1 for evacuation
[2020-04-16T13:30:22.846+0000][gc,phases     ] GC(47)   Pre Evacuate Collection Set: 0.6ms
[2020-04-16T13:30:22.846+0000][gc,phases     ] GC(47)   Evacuate Collection Set: 9.8ms
[2020-04-16T13:30:22.846+0000][gc,phases     ] GC(47)   Post Evacuate Collection Set: 2.1ms
[2020-04-16T13:30:22.846+0000][gc,phases     ] GC(47)   Other: 0.9ms
[2020-04-16T13:30:22.846+0000][gc,heap       ] GC(47) Eden regions: 529->0(540)
[2020-04-16T13:30:22.846+0000][gc,heap       ] GC(47) Survivor regions: 1->1(67)
[2020-04-16T13:30:22.846+0000][gc,heap       ] GC(47) Old regions: 17->17
[2020-04-16T13:30:22.846+0000][gc,heap       ] GC(47) Humongous regions: 129->129
[2020-04-16T13:30:22.846+0000][gc,metaspace  ] GC(47) Metaspace: 48746K->48746K(1093632K)
[2020-04-16T13:30:22.846+0000][gc            ] GC(47) Pause Young (Normal) (G1 Evacuation Pause) 674M->145M(1024M) 13.429ms
[2020-04-16T13:30:22.846+0000][gc,cpu        ] GC(47) User=0.01s Sys=0.00s Real=0.02s
[2020-04-16T17:06:59.661+0000][gc,start      ] GC(48) Pause Young (Normal) (G1 Evacuation Pause)
[2020-04-16T17:06:59.662+0000][gc,task       ] GC(48) Using 1 workers of 1 for evacuation
[2020-04-16T17:06:59.686+0000][gc,mmu        ] GC(48) MMU target violated: 21.0ms (20.0ms/21.0ms)
[2020-04-16T17:06:59.687+0000][gc,phases     ] GC(48)   Pre Evacuate Collection Set: 4.3ms
[2020-04-16T17:06:59.687+0000][gc,phases     ] GC(48)   Evacuate Collection Set: 15.8ms
[2020-04-16T17:06:59.687+0000][gc,phases     ] GC(48)   Post Evacuate Collection Set: 3.5ms
[2020-04-16T17:06:59.687+0000][gc,phases     ] GC(48)   Other: 2.0ms
[2020-04-16T17:06:59.687+0000][gc,heap       ] GC(48) Eden regions: 540->0(551)
[2020-04-16T17:06:59.687+0000][gc,heap       ] GC(48) Survivor regions: 1->1(68)
[2020-04-16T17:06:59.687+0000][gc,heap       ] GC(48) Old regions: 17->17
[2020-04-16T17:06:59.687+0000][gc,heap       ] GC(48) Humongous regions: 129->129
[2020-04-16T17:06:59.687+0000][gc,metaspace  ] GC(48) Metaspace: 48746K->48746K(1093632K)
[2020-04-16T17:06:59.687+0000][gc            ] GC(48) Pause Young (Normal) (G1 Evacuation Pause) 685M->145M(1024M) 25.475ms
[2020-04-16T17:06:59.687+0000][gc,cpu        ] GC(48) User=0.02s Sys=0.00s Real=0.03s
[2020-04-16T20:48:22.087+0000][gc,start      ] GC(49) Pause Young (Normal) (G1 Evacuation Pause)
[2020-04-16T20:48:22.087+0000][gc,task       ] GC(49) Using 1 workers of 1 for evacuation
[2020-04-16T20:48:22.102+0000][gc,phases     ] GC(49)   Pre Evacuate Collection Set: 0.6ms
[2020-04-16T20:48:22.102+0000][gc,phases     ] GC(49)   Evacuate Collection Set: 10.8ms
[2020-04-16T20:48:22.102+0000][gc,phases     ] GC(49)   Post Evacuate Collection Set: 2.2ms
[2020-04-16T20:48:22.102+0000][gc,phases     ] GC(49)   Other: 0.8ms
[2020-04-16T20:48:22.102+0000][gc,heap       ] GC(49) Eden regions: 551->0(563)
[2020-04-16T20:48:22.102+0000][gc,heap       ] GC(49) Survivor regions: 1->1(69)
[2020-04-16T20:48:22.102+0000][gc,heap       ] GC(49) Old regions: 17->17
[2020-04-16T20:48:22.102+0000][gc,heap       ] GC(49) Humongous regions: 129->129
[2020-04-16T20:48:22.102+0000][gc,metaspace  ] GC(49) Metaspace: 48746K->48746K(1093632K)
[2020-04-16T20:48:22.102+0000][gc            ] GC(49) Pause Young (Normal) (G1 Evacuation Pause) 696M->145M(1024M) 14.573ms
[2020-04-16T20:48:22.102+0000][gc,cpu        ] GC(49) User=0.01s Sys=0.00s Real=0.01s
[2020-04-17T00:33:52.835+0000][gc,start      ] GC(50) Pause Young (Normal) (G1 Evacuation Pause)
[2020-04-17T00:33:52.836+0000][gc,task       ] GC(50) Using 1 workers of 1 for evacuation
[2020-04-17T00:33:52.855+0000][gc,phases     ] GC(50)   Pre Evacuate Collection Set: 3.4ms
[2020-04-17T00:33:52.855+0000][gc,phases     ] GC(50)   Evacuate Collection Set: 11.6ms
[2020-04-17T00:33:52.855+0000][gc,phases     ] GC(50)   Post Evacuate Collection Set: 3.1ms
[2020-04-17T00:33:52.855+0000][gc,phases     ] GC(50)   Other: 1.6ms
[2020-04-17T00:33:52.855+0000][gc,heap       ] GC(50) Eden regions: 563->0(576)
[2020-04-17T00:33:52.855+0000][gc,heap       ] GC(50) Survivor regions: 1->1(71)
[2020-04-17T00:33:52.855+0000][gc,heap       ] GC(50) Old regions: 17->17
[2020-04-17T00:33:52.855+0000][gc,heap       ] GC(50) Humongous regions: 129->129
[2020-04-17T00:33:52.855+0000][gc,metaspace  ] GC(50) Metaspace: 48814K->48814K(1093632K)
[2020-04-17T00:33:52.855+0000][gc            ] GC(50) Pause Young (Normal) (G1 Evacuation Pause) 708M->145M(1024M) 19.706ms
[2020-04-17T00:33:52.855+0000][gc,cpu        ] GC(50) User=0.02s Sys=0.00s Real=0.02s
[2020-04-17T04:25:33.974+0000][gc,start      ] GC(51) Pause Young (Normal) (G1 Evacuation Pause)
[2020-04-17T04:25:33.974+0000][gc,task       ] GC(51) Using 1 workers of 1 for evacuation
[2020-04-17T04:25:33.994+0000][gc,phases     ] GC(51)   Pre Evacuate Collection Set: 1.4ms
[2020-04-17T04:25:33.994+0000][gc,phases     ] GC(51)   Evacuate Collection Set: 14.0ms
[2020-04-17T04:25:33.994+0000][gc,phases     ] GC(51)   Post Evacuate Collection Set: 3.2ms
[2020-04-17T04:25:33.994+0000][gc,phases     ] GC(51)   Other: 1.2ms
[2020-04-17T04:25:33.994+0000][gc,heap       ] GC(51) Eden regions: 576->0(591)
[2020-04-17T04:25:33.994+0000][gc,heap       ] GC(51) Survivor regions: 1->1(73)
[2020-04-17T04:25:33.994+0000][gc,heap       ] GC(51) Old regions: 17->17
[2020-04-17T04:25:33.994+0000][gc,heap       ] GC(51) Humongous regions: 129->129
[2020-04-17T04:25:33.994+0000][gc,metaspace  ] GC(51) Metaspace: 48814K->48814K(1093632K)
[2020-04-17T04:25:33.994+0000][gc            ] GC(51) Pause Young (Normal) (G1 Evacuation Pause) 721M->145M(1024M) 19.757ms
[2020-04-17T04:25:33.994+0000][gc,cpu        ] GC(51) User=0.02s Sys=0.00s Real=0.02s
[2020-04-17T08:22:45.905+0000][gc,start      ] GC(52) Pause Young (Normal) (G1 Evacuation Pause)
[2020-04-17T08:22:45.905+0000][gc,task       ] GC(52) Using 1 workers of 1 for evacuation
[2020-04-17T08:22:45.925+0000][gc,phases     ] GC(52)   Pre Evacuate Collection Set: 3.6ms
[2020-04-17T08:22:45.925+0000][gc,phases     ] GC(52)   Evacuate Collection Set: 12.4ms
[2020-04-17T08:22:45.925+0000][gc,phases     ] GC(52)   Post Evacuate Collection Set: 3.2ms
[2020-04-17T08:22:45.925+0000][gc,phases     ] GC(52)   Other: 1.5ms
[2020-04-17T08:22:45.925+0000][gc,heap       ] GC(52) Eden regions: 591->0(605)
[2020-04-17T08:22:45.925+0000][gc,heap       ] GC(52) Survivor regions: 1->1(74)
[2020-04-17T08:22:45.925+0000][gc,heap       ] GC(52) Old regions: 17->17
[2020-04-17T08:22:45.925+0000][gc,heap       ] GC(52) Humongous regions: 129->129
[2020-04-17T08:22:45.925+0000][gc,metaspace  ] GC(52) Metaspace: 48815K->48815K(1093632K)
[2020-04-17T08:22:45.926+0000][gc            ] GC(52) Pause Young (Normal) (G1 Evacuation Pause) 736M->145M(1024M) 20.823ms
[2020-04-17T08:22:45.926+0000][gc,cpu        ] GC(52) User=0.02s Sys=0.00s Real=0.02s
[2020-04-17T12:25:45.910+0000][gc,start      ] GC(53) Pause Young (Normal) (G1 Evacuation Pause)
[2020-04-17T12:25:45.910+0000][gc,task       ] GC(53) Using 1 workers of 1 for evacuation
[2020-04-17T12:25:45.927+0000][gc,phases     ] GC(53)   Pre Evacuate Collection Set: 1.4ms
[2020-04-17T12:25:45.927+0000][gc,phases     ] GC(53)   Evacuate Collection Set: 12.4ms
[2020-04-17T12:25:45.927+0000][gc,phases     ] GC(53)   Post Evacuate Collection Set: 2.8ms
[2020-04-17T12:25:45.927+0000][gc,phases     ] GC(53)   Other: 1.1ms
[2020-04-17T12:25:45.927+0000][gc,heap       ] GC(53) Eden regions: 605->0(613)
[2020-04-17T12:25:45.927+0000][gc,heap       ] GC(53) Survivor regions: 1->1(76)
[2020-04-17T12:25:45.927+0000][gc,heap       ] GC(53) Old regions: 17->17
[2020-04-17T12:25:45.927+0000][gc,heap       ] GC(53) Humongous regions: 129->129
[2020-04-17T12:25:45.927+0000][gc,metaspace  ] GC(53) Metaspace: 48815K->48815K(1093632K)
[2020-04-17T12:25:45.927+0000][gc            ] GC(53) Pause Young (Normal) (G1 Evacuation Pause) 750M->145M(1024M) 17.718ms
[2020-04-17T12:25:45.927+0000][gc,cpu        ] GC(53) User=0.02s Sys=0.00s Real=0.02s
[2020-04-17T16:31:33.745+0000][gc,start      ] GC(54) Pause Young (Normal) (G1 Evacuation Pause)
[2020-04-17T16:31:33.745+0000][gc,task       ] GC(54) Using 1 workers of 1 for evacuation
[2020-04-17T16:31:33.768+0000][gc,mmu        ] GC(54) MMU target violated: 21.0ms (20.0ms/21.0ms)
[2020-04-17T16:31:33.768+0000][gc,phases     ] GC(54)   Pre Evacuate Collection Set: 3.3ms
[2020-04-17T16:31:33.768+0000][gc,phases     ] GC(54)   Evacuate Collection Set: 14.1ms
[2020-04-17T16:31:33.768+0000][gc,phases     ] GC(54)   Post Evacuate Collection Set: 4.5ms
[2020-04-17T16:31:33.768+0000][gc,phases     ] GC(54)   Other: 1.7ms
[2020-04-17T16:31:33.768+0000][gc,heap       ] GC(54) Eden regions: 613->0(613)
[2020-04-17T16:31:33.768+0000][gc,heap       ] GC(54) Survivor regions: 1->1(77)
[2020-04-17T16:31:33.768+0000][gc,heap       ] GC(54) Old regions: 17->17
[2020-04-17T16:31:33.768+0000][gc,heap       ] GC(54) Humongous regions: 129->129
[2020-04-17T16:31:33.768+0000][gc,metaspace  ] GC(54) Metaspace: 48815K->48815K(1093632K)
[2020-04-17T16:31:33.768+0000][gc            ] GC(54) Pause Young (Normal) (G1 Evacuation Pause) 758M->145M(1024M) 23.637ms
[2020-04-17T16:31:33.768+0000][gc,cpu        ] GC(54) User=0.03s Sys=0.00s Real=0.02s
[2020-04-17T20:37:30.336+0000][gc,start      ] GC(55) Pause Young (Normal) (G1 Evacuation Pause)
[2020-04-17T20:37:30.336+0000][gc,task       ] GC(55) Using 1 workers of 1 for evacuation
[2020-04-17T20:37:30.350+0000][gc,phases     ] GC(55)   Pre Evacuate Collection Set: 0.9ms
[2020-04-17T20:37:30.350+0000][gc,phases     ] GC(55)   Evacuate Collection Set: 9.5ms
[2020-04-17T20:37:30.350+0000][gc,phases     ] GC(55)   Post Evacuate Collection Set: 2.3ms
[2020-04-17T20:37:30.350+0000][gc,phases     ] GC(55)   Other: 1.0ms
[2020-04-17T20:37:30.350+0000][gc,heap       ] GC(55) Eden regions: 613->0(613)
[2020-04-17T20:37:30.350+0000][gc,heap       ] GC(55) Survivor regions: 1->1(77)
[2020-04-17T20:37:30.350+0000][gc,heap       ] GC(55) Old regions: 17->17
[2020-04-17T20:37:30.350+0000][gc,heap       ] GC(55) Humongous regions: 129->129
[2020-04-17T20:37:30.350+0000][gc,metaspace  ] GC(55) Metaspace: 48821K->48821K(1093632K)
[2020-04-17T20:37:30.350+0000][gc            ] GC(55) Pause Young (Normal) (G1 Evacuation Pause) 758M->145M(1024M) 13.686ms
[2020-04-17T20:37:30.350+0000][gc,cpu        ] GC(55) User=0.02s Sys=0.00s Real=0.01s
[2020-04-18T00:43:44.601+0000][gc,start      ] GC(56) Pause Young (Normal) (G1 Evacuation Pause)
[2020-04-18T00:43:44.601+0000][gc,task       ] GC(56) Using 1 workers of 1 for evacuation
[2020-04-18T00:43:44.621+0000][gc,mmu        ] GC(56) MMU target violated: 20.0ms (20.0ms/21.0ms)
[2020-04-18T00:43:44.621+0000][gc,phases     ] GC(56)   Pre Evacuate Collection Set: 3.0ms
[2020-04-18T00:43:44.621+0000][gc,phases     ] GC(56)   Evacuate Collection Set: 13.2ms
[2020-04-18T00:43:44.621+0000][gc,phases     ] GC(56)   Post Evacuate Collection Set: 3.2ms
[2020-04-18T00:43:44.621+0000][gc,phases     ] GC(56)   Other: 1.6ms
[2020-04-18T00:43:44.621+0000][gc,heap       ] GC(56) Eden regions: 613->0(613)
[2020-04-18T00:43:44.621+0000][gc,heap       ] GC(56) Survivor regions: 1->1(77)
[2020-04-18T00:43:44.621+0000][gc,heap       ] GC(56) Old regions: 17->17
[2020-04-18T00:43:44.621+0000][gc,heap       ] GC(56) Humongous regions: 129->129
[2020-04-18T00:43:44.621+0000][gc,metaspace  ] GC(56) Metaspace: 48821K->48821K(1093632K)
[2020-04-18T00:43:44.621+0000][gc            ] GC(56) Pause Young (Normal) (G1 Evacuation Pause) 758M->145M(1024M) 21.028ms
[2020-04-18T00:43:44.622+0000][gc,cpu        ] GC(56) User=0.03s Sys=0.00s Real=0.02s
[2020-04-18T04:50:22.774+0000][gc,start      ] GC(57) Pause Young (Normal) (G1 Evacuation Pause)
[2020-04-18T04:50:22.774+0000][gc,task       ] GC(57) Using 1 workers of 1 for evacuation
[2020-04-18T04:50:22.788+0000][gc,phases     ] GC(57)   Pre Evacuate Collection Set: 0.8ms
[2020-04-18T04:50:22.788+0000][gc,phases     ] GC(57)   Evacuate Collection Set: 10.1ms
[2020-04-18T04:50:22.788+0000][gc,phases     ] GC(57)   Post Evacuate Collection Set: 2.5ms
[2020-04-18T04:50:22.788+0000][gc,phases     ] GC(57)   Other: 0.8ms
[2020-04-18T04:50:22.788+0000][gc,heap       ] GC(57) Eden regions: 613->0(613)
[2020-04-18T04:50:22.788+0000][gc,heap       ] GC(57) Survivor regions: 1->1(77)
[2020-04-18T04:50:22.788+0000][gc,heap       ] GC(57) Old regions: 17->17
[2020-04-18T04:50:22.788+0000][gc,heap       ] GC(57) Humongous regions: 129->129
[2020-04-18T04:50:22.788+0000][gc,metaspace  ] GC(57) Metaspace: 48821K->48821K(1093632K)
[2020-04-18T04:50:22.788+0000][gc            ] GC(57) Pause Young (Normal) (G1 Evacuation Pause) 758M->145M(1024M) 14.219ms
[2020-04-18T04:50:22.788+0000][gc,cpu        ] GC(57) User=0.02s Sys=0.00s Real=0.02s
[2020-04-18T08:56:45.908+0000][gc,start      ] GC(58) Pause Young (Normal) (G1 Evacuation Pause)
[2020-04-18T08:56:45.908+0000][gc,task       ] GC(58) Using 1 workers of 1 for evacuation
[2020-04-18T08:56:45.929+0000][gc,mmu        ] GC(58) MMU target violated: 20.7ms (20.0ms/21.0ms)
[2020-04-18T08:56:45.930+0000][gc,phases     ] GC(58)   Pre Evacuate Collection Set: 2.9ms
[2020-04-18T08:56:45.930+0000][gc,phases     ] GC(58)   Evacuate Collection Set: 13.7ms
[2020-04-18T08:56:45.930+0000][gc,phases     ] GC(58)   Post Evacuate Collection Set: 3.4ms
[2020-04-18T08:56:45.930+0000][gc,phases     ] GC(58)   Other: 1.7ms
[2020-04-18T08:56:45.930+0000][gc,heap       ] GC(58) Eden regions: 613->0(613)
[2020-04-18T08:56:45.930+0000][gc,heap       ] GC(58) Survivor regions: 1->1(77)
[2020-04-18T08:56:45.930+0000][gc,heap       ] GC(58) Old regions: 17->17
[2020-04-18T08:56:45.930+0000][gc,heap       ] GC(58) Humongous regions: 129->129
[2020-04-18T08:56:45.930+0000][gc,metaspace  ] GC(58) Metaspace: 48821K->48821K(1093632K)
[2020-04-18T08:56:45.930+0000][gc            ] GC(58) Pause Young (Normal) (G1 Evacuation Pause) 758M->145M(1024M) 21.854ms
[2020-04-18T08:56:45.930+0000][gc,cpu        ] GC(58) User=0.02s Sys=0.00s Real=0.02s
[2020-04-18T13:03:18.974+0000][gc,start      ] GC(59) Pause Young (Normal) (G1 Evacuation Pause)
[2020-04-18T13:03:18.974+0000][gc,task       ] GC(59) Using 1 workers of 1 for evacuation
[2020-04-18T13:03:18.993+0000][gc,phases     ] GC(59)   Pre Evacuate Collection Set: 1.4ms
[2020-04-18T13:03:18.993+0000][gc,phases     ] GC(59)   Evacuate Collection Set: 13.6ms
[2020-04-18T13:03:18.993+0000][gc,phases     ] GC(59)   Post Evacuate Collection Set: 3.0ms
[2020-04-18T13:03:18.993+0000][gc,phases     ] GC(59)   Other: 1.1ms
[2020-04-18T13:03:18.993+0000][gc,heap       ] GC(59) Eden regions: 613->0(613)
[2020-04-18T13:03:18.993+0000][gc,heap       ] GC(59) Survivor regions: 1->1(77)
[2020-04-18T13:03:18.993+0000][gc,heap       ] GC(59) Old regions: 17->17
[2020-04-18T13:03:18.993+0000][gc,heap       ] GC(59) Humongous regions: 129->129
[2020-04-18T13:03:18.993+0000][gc,metaspace  ] GC(59) Metaspace: 48822K->48822K(1093632K)
[2020-04-18T13:03:18.993+0000][gc            ] GC(59) Pause Young (Normal) (G1 Evacuation Pause) 758M->145M(1024M) 18.964ms
[2020-04-18T13:03:18.993+0000][gc,cpu        ] GC(59) User=0.02s Sys=0.00s Real=0.02s
[2020-04-18T17:09:10.506+0000][gc,start      ] GC(60) Pause Young (Normal) (G1 Evacuation Pause)
[2020-04-18T17:09:10.506+0000][gc,task       ] GC(60) Using 1 workers of 1 for evacuation
[2020-04-18T17:09:10.522+0000][gc,phases     ] GC(60)   Pre Evacuate Collection Set: 2.6ms
[2020-04-18T17:09:10.522+0000][gc,phases     ] GC(60)   Evacuate Collection Set: 9.4ms
[2020-04-18T17:09:10.522+0000][gc,phases     ] GC(60)   Post Evacuate Collection Set: 2.8ms
[2020-04-18T17:09:10.522+0000][gc,phases     ] GC(60)   Other: 1.3ms
[2020-04-18T17:09:10.522+0000][gc,heap       ] GC(60) Eden regions: 613->0(613)
[2020-04-18T17:09:10.522+0000][gc,heap       ] GC(60) Survivor regions: 1->1(77)
[2020-04-18T17:09:10.522+0000][gc,heap       ] GC(60) Old regions: 17->17
[2020-04-18T17:09:10.522+0000][gc,heap       ] GC(60) Humongous regions: 129->129
[2020-04-18T17:09:10.522+0000][gc,metaspace  ] GC(60) Metaspace: 48823K->48823K(1093632K)
[2020-04-18T17:09:10.522+0000][gc            ] GC(60) Pause Young (Normal) (G1 Evacuation Pause) 758M->145M(1024M) 16.191ms
[2020-04-18T17:09:10.522+0000][gc,cpu        ] GC(60) User=0.02s Sys=0.00s Real=0.01s
[2020-04-18T21:15:11.662+0000][gc,start      ] GC(61) Pause Young (Normal) (G1 Evacuation Pause)
[2020-04-18T21:15:11.662+0000][gc,task       ] GC(61) Using 1 workers of 1 for evacuation
[2020-04-18T21:15:11.666+0000][gc,phases     ] GC(61)   Pre Evacuate Collection Set: 0.2ms
[2020-04-18T21:15:11.666+0000][gc,phases     ] GC(61)   Evacuate Collection Set: 2.7ms
[2020-04-18T21:15:11.666+0000][gc,phases     ] GC(61)   Post Evacuate Collection Set: 1.1ms
[2020-04-18T21:15:11.666+0000][gc,phases     ] GC(61)   Other: 0.4ms
[2020-04-18T21:15:11.666+0000][gc,heap       ] GC(61) Eden regions: 613->0(613)
[2020-04-18T21:15:11.666+0000][gc,heap       ] GC(61) Survivor regions: 1->1(77)
[2020-04-18T21:15:11.666+0000][gc,heap       ] GC(61) Old regions: 17->17
[2020-04-18T21:15:11.666+0000][gc,heap       ] GC(61) Humongous regions: 129->129
[2020-04-18T21:15:11.666+0000][gc,metaspace  ] GC(61) Metaspace: 48823K->48823K(1093632K)
[2020-04-18T21:15:11.666+0000][gc            ] GC(61) Pause Young (Normal) (G1 Evacuation Pause) 758M->145M(1024M) 4.429ms
[2020-04-18T21:15:11.666+0000][gc,cpu        ] GC(61) User=0.01s Sys=0.00s Real=0.01s
[2020-04-19T01:21:49.039+0000][gc,start      ] GC(62) Pause Young (Normal) (G1 Evacuation Pause)
[2020-04-19T01:21:49.040+0000][gc,task       ] GC(62) Using 1 workers of 1 for evacuation
[2020-04-19T01:21:49.065+0000][gc,mmu        ] GC(62) MMU target violated: 21.0ms (20.0ms/21.0ms)
[2020-04-19T01:21:49.065+0000][gc,phases     ] GC(62)   Pre Evacuate Collection Set: 3.6ms
[2020-04-19T01:21:49.065+0000][gc,phases     ] GC(62)   Evacuate Collection Set: 15.8ms
[2020-04-19T01:21:49.065+0000][gc,phases     ] GC(62)   Post Evacuate Collection Set: 5.0ms
[2020-04-19T01:21:49.065+0000][gc,phases     ] GC(62)   Other: 2.0ms
[2020-04-19T01:21:49.065+0000][gc,heap       ] GC(62) Eden regions: 613->0(613)
[2020-04-19T01:21:49.065+0000][gc,heap       ] GC(62) Survivor regions: 1->1(77)
[2020-04-19T01:21:49.065+0000][gc,heap       ] GC(62) Old regions: 17->17
[2020-04-19T01:21:49.065+0000][gc,heap       ] GC(62) Humongous regions: 129->129
[2020-04-19T01:21:49.065+0000][gc,metaspace  ] GC(62) Metaspace: 48823K->48823K(1093632K)
[2020-04-19T01:21:49.066+0000][gc            ] GC(62) Pause Young (Normal) (G1 Evacuation Pause) 758M->145M(1024M) 26.308ms
[2020-04-19T01:21:49.066+0000][gc,cpu        ] GC(62) User=0.03s Sys=0.00s Real=0.03s
[2020-04-19T05:28:14.598+0000][gc,start      ] GC(63) Pause Young (Normal) (G1 Evacuation Pause)
[2020-04-19T05:28:14.598+0000][gc,task       ] GC(63) Using 1 workers of 1 for evacuation
[2020-04-19T05:28:14.604+0000][gc,phases     ] GC(63)   Pre Evacuate Collection Set: 0.4ms
[2020-04-19T05:28:14.604+0000][gc,phases     ] GC(63)   Evacuate Collection Set: 3.4ms
[2020-04-19T05:28:14.604+0000][gc,phases     ] GC(63)   Post Evacuate Collection Set: 1.4ms
[2020-04-19T05:28:14.604+0000][gc,phases     ] GC(63)   Other: 0.5ms
[2020-04-19T05:28:14.604+0000][gc,heap       ] GC(63) Eden regions: 613->0(613)
[2020-04-19T05:28:14.604+0000][gc,heap       ] GC(63) Survivor regions: 1->1(77)
[2020-04-19T05:28:14.604+0000][gc,heap       ] GC(63) Old regions: 17->17
[2020-04-19T05:28:14.604+0000][gc,heap       ] GC(63) Humongous regions: 129->129
[2020-04-19T05:28:14.604+0000][gc,metaspace  ] GC(63) Metaspace: 48823K->48823K(1093632K)
[2020-04-19T05:28:14.604+0000][gc            ] GC(63) Pause Young (Normal) (G1 Evacuation Pause) 758M->145M(1024M) 5.807ms
[2020-04-19T05:28:14.604+0000][gc,cpu        ] GC(63) User=0.00s Sys=0.00s Real=0.01s
[2020-04-19T09:34:09.364+0000][gc,start      ] GC(64) Pause Young (Normal) (G1 Evacuation Pause)
[2020-04-19T09:34:09.364+0000][gc,task       ] GC(64) Using 1 workers of 1 for evacuation
[2020-04-19T09:34:09.389+0000][gc,mmu        ] GC(64) MMU target violated: 21.0ms (20.0ms/21.0ms)
[2020-04-19T09:34:09.389+0000][gc,phases     ] GC(64)   Pre Evacuate Collection Set: 3.6ms
[2020-04-19T09:34:09.389+0000][gc,phases     ] GC(64)   Evacuate Collection Set: 15.8ms
[2020-04-19T09:34:09.389+0000][gc,phases     ] GC(64)   Post Evacuate Collection Set: 4.3ms
[2020-04-19T09:34:09.389+0000][gc,phases     ] GC(64)   Other: 1.8ms
[2020-04-19T09:34:09.389+0000][gc,heap       ] GC(64) Eden regions: 613->0(613)
[2020-04-19T09:34:09.389+0000][gc,heap       ] GC(64) Survivor regions: 1->1(77)
[2020-04-19T09:34:09.389+0000][gc,heap       ] GC(64) Old regions: 17->17
[2020-04-19T09:34:09.389+0000][gc,heap       ] GC(64) Humongous regions: 129->129
[2020-04-19T09:34:09.389+0000][gc,metaspace  ] GC(64) Metaspace: 48828K->48828K(1093632K)
[2020-04-19T09:34:09.389+0000][gc            ] GC(64) Pause Young (Normal) (G1 Evacuation Pause) 758M->145M(1024M) 25.549ms
[2020-04-19T09:34:09.389+0000][gc,cpu        ] GC(64) User=0.03s Sys=0.00s Real=0.03s
[2020-04-19T13:40:06.923+0000][gc,start      ] GC(65) Pause Young (Normal) (G1 Evacuation Pause)
[2020-04-19T13:40:06.923+0000][gc,task       ] GC(65) Using 1 workers of 1 for evacuation
[2020-04-19T13:40:06.932+0000][gc,phases     ] GC(65)   Pre Evacuate Collection Set: 1.0ms
[2020-04-19T13:40:06.932+0000][gc,phases     ] GC(65)   Evacuate Collection Set: 5.2ms
[2020-04-19T13:40:06.932+0000][gc,phases     ] GC(65)   Post Evacuate Collection Set: 1.9ms
[2020-04-19T13:40:06.932+0000][gc,phases     ] GC(65)   Other: 0.7ms
[2020-04-19T13:40:06.932+0000][gc,heap       ] GC(65) Eden regions: 613->0(613)
[2020-04-19T13:40:06.932+0000][gc,heap       ] GC(65) Survivor regions: 1->1(77)
[2020-04-19T13:40:06.932+0000][gc,heap       ] GC(65) Old regions: 17->17
[2020-04-19T13:40:06.932+0000][gc,heap       ] GC(65) Humongous regions: 129->129
[2020-04-19T13:40:06.932+0000][gc,metaspace  ] GC(65) Metaspace: 48828K->48828K(1093632K)
[2020-04-19T13:40:06.932+0000][gc            ] GC(65) Pause Young (Normal) (G1 Evacuation Pause) 758M->145M(1024M) 8.963ms
[2020-04-19T13:40:06.932+0000][gc,cpu        ] GC(65) User=0.01s Sys=0.00s Real=0.01s
[2020-04-19T17:46:39.849+0000][gc,start      ] GC(66) Pause Young (Normal) (G1 Evacuation Pause)
[2020-04-19T17:46:39.849+0000][gc,task       ] GC(66) Using 1 workers of 1 for evacuation
[2020-04-19T17:46:39.855+0000][gc,phases     ] GC(66)   Pre Evacuate Collection Set: 0.1ms
[2020-04-19T17:46:39.855+0000][gc,phases     ] GC(66)   Evacuate Collection Set: 2.8ms
[2020-04-19T17:46:39.855+0000][gc,phases     ] GC(66)   Post Evacuate Collection Set: 1.9ms
[2020-04-19T17:46:39.855+0000][gc,phases     ] GC(66)   Other: 0.6ms
[2020-04-19T17:46:39.855+0000][gc,heap       ] GC(66) Eden regions: 613->0(613)
[2020-04-19T17:46:39.855+0000][gc,heap       ] GC(66) Survivor regions: 1->1(77)
[2020-04-19T17:46:39.855+0000][gc,heap       ] GC(66) Old regions: 17->17
[2020-04-19T17:46:39.855+0000][gc,heap       ] GC(66) Humongous regions: 129->129
[2020-04-19T17:46:39.855+0000][gc,metaspace  ] GC(66) Metaspace: 48847K->48847K(1093632K)
[2020-04-19T17:46:39.855+0000][gc            ] GC(66) Pause Young (Normal) (G1 Evacuation Pause) 758M->145M(1024M) 5.589ms
[2020-04-19T17:46:39.855+0000][gc,cpu        ] GC(66) User=0.00s Sys=0.00s Real=0.00s
[2020-04-19T21:52:25.425+0000][gc,start      ] GC(67) Pause Young (Normal) (G1 Evacuation Pause)
[2020-04-19T21:52:25.425+0000][gc,task       ] GC(67) Using 1 workers of 1 for evacuation
[2020-04-19T21:52:25.433+0000][gc,phases     ] GC(67)   Pre Evacuate Collection Set: 0.1ms
[2020-04-19T21:52:25.433+0000][gc,phases     ] GC(67)   Evacuate Collection Set: 4.9ms
[2020-04-19T21:52:25.433+0000][gc,phases     ] GC(67)   Post Evacuate Collection Set: 2.5ms
[2020-04-19T21:52:25.433+0000][gc,phases     ] GC(67)   Other: 0.5ms
[2020-04-19T21:52:25.433+0000][gc,heap       ] GC(67) Eden regions: 613->0(613)
[2020-04-19T21:52:25.433+0000][gc,heap       ] GC(67) Survivor regions: 1->1(77)
[2020-04-19T21:52:25.433+0000][gc,heap       ] GC(67) Old regions: 17->17
[2020-04-19T21:52:25.433+0000][gc,heap       ] GC(67) Humongous regions: 129->129
[2020-04-19T21:52:25.433+0000][gc,metaspace  ] GC(67) Metaspace: 48849K->48849K(1093632K)
[2020-04-19T21:52:25.433+0000][gc            ] GC(67) Pause Young (Normal) (G1 Evacuation Pause) 758M->145M(1024M) 8.338ms
[2020-04-19T21:52:25.433+0000][gc,cpu        ] GC(67) User=0.00s Sys=0.00s Real=0.00s
[2020-04-20T01:58:13.966+0000][gc,start      ] GC(68) Pause Young (Normal) (G1 Evacuation Pause)
[2020-04-20T01:58:13.966+0000][gc,task       ] GC(68) Using 1 workers of 1 for evacuation
[2020-04-20T01:58:13.982+0000][gc,phases     ] GC(68)   Pre Evacuate Collection Set: 3.3ms
[2020-04-20T01:58:13.982+0000][gc,phases     ] GC(68)   Evacuate Collection Set: 9.9ms
[2020-04-20T01:58:13.982+0000][gc,phases     ] GC(68)   Post Evacuate Collection Set: 2.0ms
[2020-04-20T01:58:13.982+0000][gc,phases     ] GC(68)   Other: 1.5ms
[2020-04-20T01:58:13.982+0000][gc,heap       ] GC(68) Eden regions: 613->0(613)
[2020-04-20T01:58:13.982+0000][gc,heap       ] GC(68) Survivor regions: 1->1(77)
[2020-04-20T01:58:13.982+0000][gc,heap       ] GC(68) Old regions: 17->17
[2020-04-20T01:58:13.982+0000][gc,heap       ] GC(68) Humongous regions: 129->129
[2020-04-20T01:58:13.982+0000][gc,metaspace  ] GC(68) Metaspace: 48849K->48849K(1093632K)
[2020-04-20T01:58:13.982+0000][gc            ] GC(68) Pause Young (Normal) (G1 Evacuation Pause) 758M->145M(1024M) 16.484ms
[2020-04-20T01:58:13.982+0000][gc,cpu        ] GC(68) User=0.02s Sys=0.00s Real=0.01s
[2020-04-20T06:04:39.135+0000][gc,start      ] GC(69) Pause Young (Normal) (G1 Evacuation Pause)
[2020-04-20T06:04:39.135+0000][gc,task       ] GC(69) Using 1 workers of 1 for evacuation
[2020-04-20T06:04:39.147+0000][gc,phases     ] GC(69)   Pre Evacuate Collection Set: 0.5ms
[2020-04-20T06:04:39.147+0000][gc,phases     ] GC(69)   Evacuate Collection Set: 6.9ms
[2020-04-20T06:04:39.147+0000][gc,phases     ] GC(69)   Post Evacuate Collection Set: 3.8ms
[2020-04-20T06:04:39.147+0000][gc,phases     ] GC(69)   Other: 0.8ms
[2020-04-20T06:04:39.147+0000][gc,heap       ] GC(69) Eden regions: 613->0(613)
[2020-04-20T06:04:39.147+0000][gc,heap       ] GC(69) Survivor regions: 1->1(77)
[2020-04-20T06:04:39.147+0000][gc,heap       ] GC(69) Old regions: 17->17
[2020-04-20T06:04:39.147+0000][gc,heap       ] GC(69) Humongous regions: 129->129
[2020-04-20T06:04:39.147+0000][gc,metaspace  ] GC(69) Metaspace: 48853K->48853K(1093632K)
[2020-04-20T06:04:39.147+0000][gc            ] GC(69) Pause Young (Normal) (G1 Evacuation Pause) 758M->145M(1024M) 12.115ms
[2020-04-20T06:04:39.147+0000][gc,cpu        ] GC(69) User=0.01s Sys=0.00s Real=0.02s
[2020-04-20T10:10:43.600+0000][gc,start      ] GC(70) Pause Young (Normal) (G1 Evacuation Pause)
[2020-04-20T10:10:43.601+0000][gc,task       ] GC(70) Using 1 workers of 1 for evacuation
[2020-04-20T10:10:43.618+0000][gc,phases     ] GC(70)   Pre Evacuate Collection Set: 3.7ms
[2020-04-20T10:10:43.618+0000][gc,phases     ] GC(70)   Evacuate Collection Set: 10.2ms
[2020-04-20T10:10:43.618+0000][gc,phases     ] GC(70)   Post Evacuate Collection Set: 2.3ms
[2020-04-20T10:10:43.618+0000][gc,phases     ] GC(70)   Other: 1.6ms
[2020-04-20T10:10:43.618+0000][gc,heap       ] GC(70) Eden regions: 613->0(613)
[2020-04-20T10:10:43.618+0000][gc,heap       ] GC(70) Survivor regions: 1->1(77)
[2020-04-20T10:10:43.618+0000][gc,heap       ] GC(70) Old regions: 17->17
[2020-04-20T10:10:43.618+0000][gc,heap       ] GC(70) Humongous regions: 129->129
[2020-04-20T10:10:43.618+0000][gc,metaspace  ] GC(70) Metaspace: 48862K->48862K(1093632K)
[2020-04-20T10:10:43.618+0000][gc            ] GC(70) Pause Young (Normal) (G1 Evacuation Pause) 758M->145M(1024M) 17.685ms
[2020-04-20T10:10:43.618+0000][gc,cpu        ] GC(70) User=0.02s Sys=0.00s Real=0.02s
[2020-04-20T14:17:08.974+0000][gc,start      ] GC(71) Pause Young (Normal) (G1 Evacuation Pause)
[2020-04-20T14:17:08.974+0000][gc,task       ] GC(71) Using 1 workers of 1 for evacuation
[2020-04-20T14:17:08.983+0000][gc,phases     ] GC(71)   Pre Evacuate Collection Set: 0.4ms
[2020-04-20T14:17:08.983+0000][gc,phases     ] GC(71)   Evacuate Collection Set: 5.7ms
[2020-04-20T14:17:08.983+0000][gc,phases     ] GC(71)   Post Evacuate Collection Set: 3.1ms
[2020-04-20T14:17:08.983+0000][gc,phases     ] GC(71)   Other: 0.7ms
[2020-04-20T14:17:08.984+0000][gc,heap       ] GC(71) Eden regions: 613->0(613)
[2020-04-20T14:17:08.984+0000][gc,heap       ] GC(71) Survivor regions: 1->1(77)
[2020-04-20T14:17:08.984+0000][gc,heap       ] GC(71) Old regions: 17->17
[2020-04-20T14:17:08.984+0000][gc,heap       ] GC(71) Humongous regions: 129->129
[2020-04-20T14:17:08.984+0000][gc,metaspace  ] GC(71) Metaspace: 48864K->48864K(1093632K)
[2020-04-20T14:17:08.984+0000][gc            ] GC(71) Pause Young (Normal) (G1 Evacuation Pause) 758M->146M(1024M) 9.913ms
[2020-04-20T14:17:08.984+0000][gc,cpu        ] GC(71) User=0.01s Sys=0.00s Real=0.01s
[2020-04-20T18:00:54.844+0000][gc,heap,exit  ] Heap
[2020-04-20T18:00:54.844+0000][gc,heap,exit  ]  garbage-first heap   total 1048576K, used 728064K [0x00000000c0000000, 0x0000000100000000)
[2020-04-20T18:00:54.844+0000][gc,heap,exit  ]   region size 1024K, 568 young (581632K), 1 survivors (1024K)
[2020-04-20T18:00:54.844+0000][gc,heap,exit  ]  Metaspace       used 49470K, capacity 52293K, committed 52604K, reserved 1093632K
[2020-04-20T18:00:54.844+0000][gc,heap,exit  ]   class space    used 6497K, capacity 7812K, committed 7884K, reserved 1048576K
