[2020-04-09T03:05:27.302+0000][gc,heap] Heap region size: 1M
[2020-04-09T03:05:27.311+0000][gc     ] Using G1
[2020-04-09T03:05:27.311+0000][gc,heap,coops] Heap address: 0x00000000c0000000, size: 1024 MB, Compressed Oops mode: 32-bit
[2020-04-09T03:05:29.408+0000][gc,start     ] GC(0) Pause Young (Concurrent Start) (Metadata GC Threshold)
[2020-04-09T03:05:29.408+0000][gc,task      ] GC(0) Using 1 workers of 1 for evacuation
[2020-04-09T03:05:29.427+0000][gc,phases    ] GC(0)   Pre Evacuate Collection Set: 0.1ms
[2020-04-09T03:05:29.427+0000][gc,phases    ] GC(0)   Evacuate Collection Set: 18.5ms
[2020-04-09T03:05:29.427+0000][gc,phases    ] GC(0)   Post Evacuate Collection Set: 0.5ms
[2020-04-09T03:05:29.427+0000][gc,phases    ] GC(0)   Other: 0.2ms
[2020-04-09T03:05:29.427+0000][gc,heap      ] GC(0) Eden regions: 38->0(44)
[2020-04-09T03:05:29.427+0000][gc,heap      ] GC(0) Survivor regions: 0->7(7)
[2020-04-09T03:05:29.427+0000][gc,heap      ] GC(0) Old regions: 0->0
[2020-04-09T03:05:29.427+0000][gc,heap      ] GC(0) Humongous regions: 0->0
[2020-04-09T03:05:29.427+0000][gc,metaspace ] GC(0) Metaspace: 20746K->20746K(1069056K)
[2020-04-09T03:05:29.427+0000][gc           ] GC(0) Pause Young (Concurrent Start) (Metadata GC Threshold) 38M->6M(1024M) 19.337ms
[2020-04-09T03:05:29.427+0000][gc,cpu       ] GC(0) User=0.02s Sys=0.00s Real=0.02s
[2020-04-09T03:05:29.427+0000][gc           ] GC(1) Concurrent Cycle
[2020-04-09T03:05:29.428+0000][gc,marking   ] GC(1) Concurrent Clear Claimed Marks
[2020-04-09T03:05:29.428+0000][gc,marking   ] GC(1) Concurrent Clear Claimed Marks 0.035ms
[2020-04-09T03:05:29.428+0000][gc,marking   ] GC(1) Concurrent Scan Root Regions
[2020-04-09T03:05:29.432+0000][gc,marking   ] GC(1) Concurrent Scan Root Regions 4.274ms
[2020-04-09T03:05:29.432+0000][gc,marking   ] GC(1) Concurrent Mark (2.134s)
[2020-04-09T03:05:29.432+0000][gc,marking   ] GC(1) Concurrent Mark From Roots
[2020-04-09T03:05:29.432+0000][gc,task      ] GC(1) Using 1 workers of 1 for marking
[2020-04-09T03:05:29.442+0000][gc,marking   ] GC(1) Concurrent Mark From Roots 9.792ms
[2020-04-09T03:05:29.442+0000][gc,marking   ] GC(1) Concurrent Preclean
[2020-04-09T03:05:29.442+0000][gc,marking   ] GC(1) Concurrent Preclean 0.023ms
[2020-04-09T03:05:29.442+0000][gc,marking   ] GC(1) Concurrent Mark (2.134s, 2.144s) 9.868ms
[2020-04-09T03:05:29.442+0000][gc,start     ] GC(1) Pause Remark
[2020-04-09T03:05:29.447+0000][gc,stringtable] GC(1) Cleaned string and symbol table, strings: 7440 processed, 0 removed, symbols: 63724 processed, 41 removed
[2020-04-09T03:05:29.447+0000][gc            ] GC(1) Pause Remark 7M->7M(1024M) 5.024ms
[2020-04-09T03:05:29.447+0000][gc,cpu        ] GC(1) User=0.01s Sys=0.00s Real=0.01s
[2020-04-09T03:05:29.447+0000][gc,marking    ] GC(1) Concurrent Rebuild Remembered Sets
[2020-04-09T03:05:29.447+0000][gc,marking    ] GC(1) Concurrent Rebuild Remembered Sets 0.070ms
[2020-04-09T03:05:29.447+0000][gc,start      ] GC(1) Pause Cleanup
[2020-04-09T03:05:29.447+0000][gc            ] GC(1) Pause Cleanup 7M->7M(1024M) 0.191ms
[2020-04-09T03:05:29.447+0000][gc,cpu        ] GC(1) User=0.00s Sys=0.00s Real=0.00s
[2020-04-09T03:05:29.447+0000][gc,marking    ] GC(1) Concurrent Cleanup for Next Mark
[2020-04-09T03:05:29.468+0000][gc,marking    ] GC(1) Concurrent Cleanup for Next Mark 21.070ms
[2020-04-09T03:05:29.468+0000][gc            ] GC(1) Concurrent Cycle 40.870ms
[2020-04-09T03:05:31.314+0000][gc,start      ] GC(2) Pause Young (Normal) (G1 Evacuation Pause)
[2020-04-09T03:05:31.315+0000][gc,task       ] GC(2) Using 1 workers of 1 for evacuation
[2020-04-09T03:05:31.340+0000][gc,mmu        ] GC(2) MMU target violated: 21.0ms (20.0ms/21.0ms)
[2020-04-09T03:05:31.340+0000][gc,phases     ] GC(2)   Pre Evacuate Collection Set: 0.1ms
[2020-04-09T03:05:31.340+0000][gc,phases     ] GC(2)   Evacuate Collection Set: 24.9ms
[2020-04-09T03:05:31.340+0000][gc,phases     ] GC(2)   Post Evacuate Collection Set: 0.6ms
[2020-04-09T03:05:31.340+0000][gc,phases     ] GC(2)   Other: 0.2ms
[2020-04-09T03:05:31.340+0000][gc,heap       ] GC(2) Eden regions: 44->0(49)
[2020-04-09T03:05:31.340+0000][gc,heap       ] GC(2) Survivor regions: 7->2(7)
[2020-04-09T03:05:31.340+0000][gc,heap       ] GC(2) Old regions: 0->7
[2020-04-09T03:05:31.340+0000][gc,heap       ] GC(2) Humongous regions: 129->129
[2020-04-09T03:05:31.340+0000][gc,metaspace  ] GC(2) Metaspace: 30053K->30053K(1077248K)
[2020-04-09T03:05:31.340+0000][gc            ] GC(2) Pause Young (Normal) (G1 Evacuation Pause) 179M->137M(1024M) 25.836ms
[2020-04-09T03:05:31.340+0000][gc,cpu        ] GC(2) User=0.02s Sys=0.01s Real=0.03s
[2020-04-09T03:05:32.119+0000][gc,start      ] GC(3) Pause Young (Concurrent Start) (Metadata GC Threshold)
[2020-04-09T03:05:32.119+0000][gc,task       ] GC(3) Using 1 workers of 1 for evacuation
[2020-04-09T03:05:32.152+0000][gc,mmu        ] GC(3) MMU target violated: 21.0ms (20.0ms/21.0ms)
[2020-04-09T03:05:32.152+0000][gc,phases     ] GC(3)   Pre Evacuate Collection Set: 0.1ms
[2020-04-09T03:05:32.152+0000][gc,phases     ] GC(3)   Evacuate Collection Set: 25.9ms
[2020-04-09T03:05:32.152+0000][gc,phases     ] GC(3)   Post Evacuate Collection Set: 7.1ms
[2020-04-09T03:05:32.152+0000][gc,phases     ] GC(3)   Other: 0.3ms
[2020-04-09T03:05:32.152+0000][gc,heap       ] GC(3) Eden regions: 27->0(46)
[2020-04-09T03:05:32.152+0000][gc,heap       ] GC(3) Survivor regions: 2->5(7)
[2020-04-09T03:05:32.152+0000][gc,heap       ] GC(3) Old regions: 7->7
[2020-04-09T03:05:32.153+0000][gc,heap       ] GC(3) Humongous regions: 129->129
[2020-04-09T03:05:32.153+0000][gc,metaspace  ] GC(3) Metaspace: 34749K->34749K(1081344K)
[2020-04-09T03:05:32.153+0000][gc            ] GC(3) Pause Young (Concurrent Start) (Metadata GC Threshold) 163M->139M(1024M) 33.487ms
[2020-04-09T03:05:32.153+0000][gc,cpu        ] GC(3) User=0.03s Sys=0.00s Real=0.03s
[2020-04-09T03:05:32.153+0000][gc            ] GC(4) Concurrent Cycle
[2020-04-09T03:05:32.153+0000][gc,marking    ] GC(4) Concurrent Clear Claimed Marks
[2020-04-09T03:05:32.153+0000][gc,marking    ] GC(4) Concurrent Clear Claimed Marks 0.106ms
[2020-04-09T03:05:32.153+0000][gc,marking    ] GC(4) Concurrent Scan Root Regions
[2020-04-09T03:05:32.163+0000][gc,marking    ] GC(4) Concurrent Scan Root Regions 10.174ms
[2020-04-09T03:05:32.163+0000][gc,marking    ] GC(4) Concurrent Mark (4.865s)
[2020-04-09T03:05:32.163+0000][gc,marking    ] GC(4) Concurrent Mark From Roots
[2020-04-09T03:05:32.163+0000][gc,task       ] GC(4) Using 1 workers of 1 for marking
[2020-04-09T03:05:32.205+0000][gc,marking    ] GC(4) Concurrent Mark From Roots 42.423ms
[2020-04-09T03:05:32.205+0000][gc,marking    ] GC(4) Concurrent Preclean
[2020-04-09T03:05:32.206+0000][gc,marking    ] GC(4) Concurrent Preclean 0.080ms
[2020-04-09T03:05:32.206+0000][gc,marking    ] GC(4) Concurrent Mark (4.865s, 4.907s) 42.563ms
[2020-04-09T03:05:32.206+0000][gc,start      ] GC(4) Pause Remark
[2020-04-09T03:05:32.219+0000][gc,stringtable] GC(4) Cleaned string and symbol table, strings: 11663 processed, 8 removed, symbols: 95958 processed, 25 removed
[2020-04-09T03:05:32.224+0000][gc            ] GC(4) Pause Remark 143M->143M(1024M) 18.626ms
[2020-04-09T03:05:32.224+0000][gc,cpu        ] GC(4) User=0.01s Sys=0.00s Real=0.02s
[2020-04-09T03:05:32.228+0000][gc,marking    ] GC(4) Concurrent Rebuild Remembered Sets
[2020-04-09T03:05:32.235+0000][gc,marking    ] GC(4) Concurrent Rebuild Remembered Sets 6.581ms
[2020-04-09T03:05:32.235+0000][gc,start      ] GC(4) Pause Cleanup
[2020-04-09T03:05:32.235+0000][gc            ] GC(4) Pause Cleanup 143M->143M(1024M) 0.196ms
[2020-04-09T03:05:32.235+0000][gc,cpu        ] GC(4) User=0.00s Sys=0.00s Real=0.00s
[2020-04-09T03:05:32.235+0000][gc,marking    ] GC(4) Concurrent Cleanup for Next Mark
[2020-04-09T03:05:32.264+0000][gc,marking    ] GC(4) Concurrent Cleanup for Next Mark 28.544ms
[2020-04-09T03:05:32.264+0000][gc            ] GC(4) Concurrent Cycle 110.966ms
[2020-04-09T03:05:38.396+0000][gc,start      ] GC(5) Pause Young (Normal) (G1 Evacuation Pause)
[2020-04-09T03:05:38.396+0000][gc,task       ] GC(5) Using 1 workers of 1 for evacuation
[2020-04-09T03:05:38.422+0000][gc,mmu        ] GC(5) MMU target violated: 21.0ms (20.0ms/21.0ms)
[2020-04-09T03:05:38.422+0000][gc,phases     ] GC(5)   Pre Evacuate Collection Set: 0.1ms
[2020-04-09T03:05:38.422+0000][gc,phases     ] GC(5)   Evacuate Collection Set: 25.4ms
[2020-04-09T03:05:38.422+0000][gc,phases     ] GC(5)   Post Evacuate Collection Set: 0.5ms
[2020-04-09T03:05:38.422+0000][gc,phases     ] GC(5)   Other: 0.3ms
[2020-04-09T03:05:38.422+0000][gc,heap       ] GC(5) Eden regions: 46->0(46)
[2020-04-09T03:05:38.422+0000][gc,heap       ] GC(5) Survivor regions: 5->5(7)
[2020-04-09T03:05:38.422+0000][gc,heap       ] GC(5) Old regions: 7->9
[2020-04-09T03:05:38.422+0000][gc,heap       ] GC(5) Humongous regions: 135->129
[2020-04-09T03:05:38.422+0000][gc,metaspace  ] GC(5) Metaspace: 43218K->43218K(1087488K)
[2020-04-09T03:05:38.422+0000][gc            ] GC(5) Pause Young (Normal) (G1 Evacuation Pause) 191M->142M(1024M) 26.348ms
[2020-04-09T03:05:38.422+0000][gc,cpu        ] GC(5) User=0.03s Sys=0.00s Real=0.02s
[2020-04-09T03:23:01.193+0000][gc,start      ] GC(6) Pause Young (Normal) (G1 Evacuation Pause)
[2020-04-09T03:23:01.193+0000][gc,task       ] GC(6) Using 1 workers of 1 for evacuation
[2020-04-09T03:23:01.216+0000][gc,mmu        ] GC(6) MMU target violated: 21.0ms (20.0ms/21.0ms)
[2020-04-09T03:23:01.216+0000][gc,phases     ] GC(6)   Pre Evacuate Collection Set: 0.1ms
[2020-04-09T03:23:01.216+0000][gc,phases     ] GC(6)   Evacuate Collection Set: 22.0ms
[2020-04-09T03:23:01.216+0000][gc,phases     ] GC(6)   Post Evacuate Collection Set: 0.5ms
[2020-04-09T03:23:01.216+0000][gc,phases     ] GC(6)   Other: 0.3ms
[2020-04-09T03:23:01.216+0000][gc,heap       ] GC(6) Eden regions: 46->0(48)
[2020-04-09T03:23:01.216+0000][gc,heap       ] GC(6) Survivor regions: 5->3(7)
[2020-04-09T03:23:01.216+0000][gc,heap       ] GC(6) Old regions: 9->11
[2020-04-09T03:23:01.216+0000][gc,heap       ] GC(6) Humongous regions: 129->129
[2020-04-09T03:23:01.216+0000][gc,metaspace  ] GC(6) Metaspace: 44663K->44663K(1089536K)
[2020-04-09T03:23:01.216+0000][gc            ] GC(6) Pause Young (Normal) (G1 Evacuation Pause) 188M->142M(1024M) 23.040ms
[2020-04-09T03:23:01.216+0000][gc,cpu        ] GC(6) User=0.02s Sys=0.00s Real=0.03s
[2020-04-09T03:45:12.244+0000][gc,start      ] GC(7) Pause Young (Normal) (G1 Evacuation Pause)
[2020-04-09T03:45:12.244+0000][gc,task       ] GC(7) Using 1 workers of 1 for evacuation
[2020-04-09T03:45:12.258+0000][gc,phases     ] GC(7)   Pre Evacuate Collection Set: 0.2ms
[2020-04-09T03:45:12.258+0000][gc,phases     ] GC(7)   Evacuate Collection Set: 12.4ms
[2020-04-09T03:45:12.258+0000][gc,phases     ] GC(7)   Post Evacuate Collection Set: 0.4ms
[2020-04-09T03:45:12.258+0000][gc,phases     ] GC(7)   Other: 0.3ms
[2020-04-09T03:45:12.258+0000][gc,heap       ] GC(7) Eden regions: 48->0(48)
[2020-04-09T03:45:12.258+0000][gc,heap       ] GC(7) Survivor regions: 3->3(7)
[2020-04-09T03:45:12.258+0000][gc,heap       ] GC(7) Old regions: 11->11
[2020-04-09T03:45:12.258+0000][gc,heap       ] GC(7) Humongous regions: 129->129
[2020-04-09T03:45:12.258+0000][gc,metaspace  ] GC(7) Metaspace: 44784K->44784K(1089536K)
[2020-04-09T03:45:12.258+0000][gc            ] GC(7) Pause Young (Normal) (G1 Evacuation Pause) 190M->142M(1024M) 13.445ms
[2020-04-09T03:45:12.258+0000][gc,cpu        ] GC(7) User=0.01s Sys=0.00s Real=0.01s
[2020-04-09T04:08:03.769+0000][gc,start      ] GC(8) Pause Young (Normal) (G1 Evacuation Pause)
[2020-04-09T04:08:03.769+0000][gc,task       ] GC(8) Using 1 workers of 1 for evacuation
[2020-04-09T04:08:03.782+0000][gc,phases     ] GC(8)   Pre Evacuate Collection Set: 0.2ms
[2020-04-09T04:08:03.782+0000][gc,phases     ] GC(8)   Evacuate Collection Set: 11.8ms
[2020-04-09T04:08:03.782+0000][gc,phases     ] GC(8)   Post Evacuate Collection Set: 0.4ms
[2020-04-09T04:08:03.782+0000][gc,phases     ] GC(8)   Other: 0.3ms
[2020-04-09T04:08:03.782+0000][gc,heap       ] GC(8) Eden regions: 48->0(48)
[2020-04-09T04:08:03.782+0000][gc,heap       ] GC(8) Survivor regions: 3->3(7)
[2020-04-09T04:08:03.782+0000][gc,heap       ] GC(8) Old regions: 11->11
[2020-04-09T04:08:03.782+0000][gc,heap       ] GC(8) Humongous regions: 129->129
[2020-04-09T04:08:03.782+0000][gc,metaspace  ] GC(8) Metaspace: 44916K->44916K(1089536K)
[2020-04-09T04:08:03.782+0000][gc            ] GC(8) Pause Young (Normal) (G1 Evacuation Pause) 190M->142M(1024M) 12.825ms
[2020-04-09T04:08:03.782+0000][gc,cpu        ] GC(8) User=0.01s Sys=0.00s Real=0.01s
[2020-04-09T04:31:14.149+0000][gc,start      ] GC(9) Pause Young (Normal) (G1 Evacuation Pause)
[2020-04-09T04:31:14.149+0000][gc,task       ] GC(9) Using 1 workers of 1 for evacuation
[2020-04-09T04:31:14.162+0000][gc,phases     ] GC(9)   Pre Evacuate Collection Set: 0.2ms
[2020-04-09T04:31:14.162+0000][gc,phases     ] GC(9)   Evacuate Collection Set: 12.4ms
[2020-04-09T04:31:14.162+0000][gc,phases     ] GC(9)   Post Evacuate Collection Set: 0.4ms
[2020-04-09T04:31:14.162+0000][gc,phases     ] GC(9)   Other: 0.2ms
[2020-04-09T04:31:14.162+0000][gc,heap       ] GC(9) Eden regions: 48->0(48)
[2020-04-09T04:31:14.162+0000][gc,heap       ] GC(9) Survivor regions: 3->3(7)
[2020-04-09T04:31:14.162+0000][gc,heap       ] GC(9) Old regions: 11->11
[2020-04-09T04:31:14.162+0000][gc,heap       ] GC(9) Humongous regions: 129->129
[2020-04-09T04:31:14.162+0000][gc,metaspace  ] GC(9) Metaspace: 44947K->44947K(1089536K)
[2020-04-09T04:31:14.162+0000][gc            ] GC(9) Pause Young (Normal) (G1 Evacuation Pause) 190M->142M(1024M) 13.313ms
[2020-04-09T04:31:14.162+0000][gc,cpu        ] GC(9) User=0.01s Sys=0.00s Real=0.01s
[2020-04-09T04:35:23.779+0000][gc,start      ] GC(10) Pause Young (Normal) (G1 Evacuation Pause)
[2020-04-09T04:35:23.780+0000][gc,task       ] GC(10) Using 1 workers of 1 for evacuation
[2020-04-09T04:35:23.797+0000][gc,phases     ] GC(10)   Pre Evacuate Collection Set: 0.2ms
[2020-04-09T04:35:23.797+0000][gc,phases     ] GC(10)   Evacuate Collection Set: 16.4ms
[2020-04-09T04:35:23.797+0000][gc,phases     ] GC(10)   Post Evacuate Collection Set: 0.5ms
[2020-04-09T04:35:23.797+0000][gc,phases     ] GC(10)   Other: 0.2ms
[2020-04-09T04:35:23.797+0000][gc,heap       ] GC(10) Eden regions: 48->0(47)
[2020-04-09T04:35:23.797+0000][gc,heap       ] GC(10) Survivor regions: 3->4(7)
[2020-04-09T04:35:23.797+0000][gc,heap       ] GC(10) Old regions: 11->11
[2020-04-09T04:35:23.797+0000][gc,heap       ] GC(10) Humongous regions: 129->129
[2020-04-09T04:35:23.797+0000][gc,metaspace  ] GC(10) Metaspace: 46343K->46343K(1091584K)
[2020-04-09T04:35:23.797+0000][gc            ] GC(10) Pause Young (Normal) (G1 Evacuation Pause) 190M->143M(1024M) 17.473ms
[2020-04-09T04:35:23.797+0000][gc,cpu        ] GC(10) User=0.01s Sys=0.00s Real=0.02s
[2020-04-09T04:35:55.770+0000][gc,start      ] GC(11) Pause Young (Normal) (G1 Evacuation Pause)
[2020-04-09T04:35:55.770+0000][gc,task       ] GC(11) Using 1 workers of 1 for evacuation
[2020-04-09T04:35:55.788+0000][gc,phases     ] GC(11)   Pre Evacuate Collection Set: 0.1ms
[2020-04-09T04:35:55.788+0000][gc,phases     ] GC(11)   Evacuate Collection Set: 16.8ms
[2020-04-09T04:35:55.788+0000][gc,phases     ] GC(11)   Post Evacuate Collection Set: 0.5ms
[2020-04-09T04:35:55.788+0000][gc,phases     ] GC(11)   Other: 0.2ms
[2020-04-09T04:35:55.788+0000][gc,heap       ] GC(11) Eden regions: 47->0(49)
[2020-04-09T04:35:55.788+0000][gc,heap       ] GC(11) Survivor regions: 4->2(7)
[2020-04-09T04:35:55.788+0000][gc,heap       ] GC(11) Old regions: 11->13
[2020-04-09T04:35:55.788+0000][gc,heap       ] GC(11) Humongous regions: 129->129
[2020-04-09T04:35:55.788+0000][gc,metaspace  ] GC(11) Metaspace: 46372K->46372K(1091584K)
[2020-04-09T04:35:55.788+0000][gc            ] GC(11) Pause Young (Normal) (G1 Evacuation Pause) 190M->143M(1024M) 17.643ms
[2020-04-09T04:35:55.788+0000][gc,cpu        ] GC(11) User=0.02s Sys=0.00s Real=0.02s
[2020-04-09T04:36:29.792+0000][gc,start      ] GC(12) Pause Young (Normal) (G1 Evacuation Pause)
[2020-04-09T04:36:29.792+0000][gc,task       ] GC(12) Using 1 workers of 1 for evacuation
[2020-04-09T04:36:29.801+0000][gc,phases     ] GC(12)   Pre Evacuate Collection Set: 0.1ms
[2020-04-09T04:36:29.801+0000][gc,phases     ] GC(12)   Evacuate Collection Set: 7.9ms
[2020-04-09T04:36:29.801+0000][gc,phases     ] GC(12)   Post Evacuate Collection Set: 0.4ms
[2020-04-09T04:36:29.801+0000][gc,phases     ] GC(12)   Other: 0.2ms
[2020-04-09T04:36:29.801+0000][gc,heap       ] GC(12) Eden regions: 49->0(49)
[2020-04-09T04:36:29.801+0000][gc,heap       ] GC(12) Survivor regions: 2->2(7)
[2020-04-09T04:36:29.801+0000][gc,heap       ] GC(12) Old regions: 13->13
[2020-04-09T04:36:29.801+0000][gc,heap       ] GC(12) Humongous regions: 129->129
[2020-04-09T04:36:29.801+0000][gc,metaspace  ] GC(12) Metaspace: 46375K->46375K(1091584K)
[2020-04-09T04:36:29.801+0000][gc            ] GC(12) Pause Young (Normal) (G1 Evacuation Pause) 192M->143M(1024M) 8.670ms
[2020-04-09T04:36:29.801+0000][gc,cpu        ] GC(12) User=0.00s Sys=0.00s Real=0.01s
[2020-04-09T04:37:04.793+0000][gc,start      ] GC(13) Pause Young (Normal) (G1 Evacuation Pause)
[2020-04-09T04:37:04.793+0000][gc,task       ] GC(13) Using 1 workers of 1 for evacuation
[2020-04-09T04:37:04.801+0000][gc,phases     ] GC(13)   Pre Evacuate Collection Set: 0.1ms
[2020-04-09T04:37:04.801+0000][gc,phases     ] GC(13)   Evacuate Collection Set: 7.6ms
[2020-04-09T04:37:04.801+0000][gc,phases     ] GC(13)   Post Evacuate Collection Set: 0.4ms
[2020-04-09T04:37:04.801+0000][gc,phases     ] GC(13)   Other: 0.2ms
[2020-04-09T04:37:04.801+0000][gc,heap       ] GC(13) Eden regions: 49->0(49)
[2020-04-09T04:37:04.801+0000][gc,heap       ] GC(13) Survivor regions: 2->2(7)
[2020-04-09T04:37:04.801+0000][gc,heap       ] GC(13) Old regions: 13->13
[2020-04-09T04:37:04.801+0000][gc,heap       ] GC(13) Humongous regions: 129->129
[2020-04-09T04:37:04.801+0000][gc,metaspace  ] GC(13) Metaspace: 46375K->46375K(1091584K)
[2020-04-09T04:37:04.801+0000][gc            ] GC(13) Pause Young (Normal) (G1 Evacuation Pause) 192M->143M(1024M) 8.425ms
[2020-04-09T04:37:04.801+0000][gc,cpu        ] GC(13) User=0.01s Sys=0.00s Real=0.01s
[2020-04-09T04:47:34.149+0000][gc,start      ] GC(14) Pause Young (Normal) (G1 Evacuation Pause)
[2020-04-09T04:47:34.149+0000][gc,task       ] GC(14) Using 1 workers of 1 for evacuation
[2020-04-09T04:47:34.165+0000][gc,phases     ] GC(14)   Pre Evacuate Collection Set: 0.2ms
[2020-04-09T04:47:34.165+0000][gc,phases     ] GC(14)   Evacuate Collection Set: 14.8ms
[2020-04-09T04:47:34.165+0000][gc,phases     ] GC(14)   Post Evacuate Collection Set: 0.5ms
[2020-04-09T04:47:34.165+0000][gc,phases     ] GC(14)   Other: 0.3ms
[2020-04-09T04:47:34.165+0000][gc,heap       ] GC(14) Eden regions: 49->0(48)
[2020-04-09T04:47:34.165+0000][gc,heap       ] GC(14) Survivor regions: 2->3(7)
[2020-04-09T04:47:34.165+0000][gc,heap       ] GC(14) Old regions: 13->13
[2020-04-09T04:47:34.165+0000][gc,heap       ] GC(14) Humongous regions: 129->129
[2020-04-09T04:47:34.165+0000][gc,metaspace  ] GC(14) Metaspace: 47847K->47847K(1093632K)
[2020-04-09T04:47:34.165+0000][gc            ] GC(14) Pause Young (Normal) (G1 Evacuation Pause) 192M->144M(1024M) 15.800ms
[2020-04-09T04:47:34.165+0000][gc,cpu        ] GC(14) User=0.02s Sys=0.00s Real=0.02s
[2020-04-09T05:09:49.149+0000][gc,start      ] GC(15) Pause Young (Normal) (G1 Evacuation Pause)
[2020-04-09T05:09:49.149+0000][gc,task       ] GC(15) Using 1 workers of 1 for evacuation
[2020-04-09T05:09:49.163+0000][gc,phases     ] GC(15)   Pre Evacuate Collection Set: 0.2ms
[2020-04-09T05:09:49.163+0000][gc,phases     ] GC(15)   Evacuate Collection Set: 12.6ms
[2020-04-09T05:09:49.163+0000][gc,phases     ] GC(15)   Post Evacuate Collection Set: 0.4ms
[2020-04-09T05:09:49.163+0000][gc,phases     ] GC(15)   Other: 0.2ms
[2020-04-09T05:09:49.163+0000][gc,heap       ] GC(15) Eden regions: 48->0(48)
[2020-04-09T05:09:49.163+0000][gc,heap       ] GC(15) Survivor regions: 3->3(7)
[2020-04-09T05:09:49.163+0000][gc,heap       ] GC(15) Old regions: 13->13
[2020-04-09T05:09:49.163+0000][gc,heap       ] GC(15) Humongous regions: 129->129
[2020-04-09T05:09:49.163+0000][gc,metaspace  ] GC(15) Metaspace: 47936K->47936K(1093632K)
[2020-04-09T05:09:49.163+0000][gc            ] GC(15) Pause Young (Normal) (G1 Evacuation Pause) 192M->144M(1024M) 13.619ms
[2020-04-09T05:09:49.163+0000][gc,cpu        ] GC(15) User=0.02s Sys=0.00s Real=0.01s
[2020-04-09T05:32:01.197+0000][gc,start      ] GC(16) Pause Young (Normal) (G1 Evacuation Pause)
[2020-04-09T05:32:01.197+0000][gc,task       ] GC(16) Using 1 workers of 1 for evacuation
[2020-04-09T05:32:01.211+0000][gc,phases     ] GC(16)   Pre Evacuate Collection Set: 0.1ms
[2020-04-09T05:32:01.211+0000][gc,phases     ] GC(16)   Evacuate Collection Set: 13.2ms
[2020-04-09T05:32:01.211+0000][gc,phases     ] GC(16)   Post Evacuate Collection Set: 0.4ms
[2020-04-09T05:32:01.211+0000][gc,phases     ] GC(16)   Other: 0.3ms
[2020-04-09T05:32:01.211+0000][gc,heap       ] GC(16) Eden regions: 48->0(48)
[2020-04-09T05:32:01.211+0000][gc,heap       ] GC(16) Survivor regions: 3->3(7)
[2020-04-09T05:32:01.211+0000][gc,heap       ] GC(16) Old regions: 13->13
[2020-04-09T05:32:01.211+0000][gc,heap       ] GC(16) Humongous regions: 129->129
[2020-04-09T05:32:01.211+0000][gc,metaspace  ] GC(16) Metaspace: 47964K->47964K(1093632K)
[2020-04-09T05:32:01.211+0000][gc            ] GC(16) Pause Young (Normal) (G1 Evacuation Pause) 192M->144M(1024M) 14.208ms
[2020-04-09T05:32:01.211+0000][gc,cpu        ] GC(16) User=0.01s Sys=0.00s Real=0.01s
[2020-04-09T05:54:49.149+0000][gc,start      ] GC(17) Pause Young (Normal) (G1 Evacuation Pause)
[2020-04-09T05:54:49.149+0000][gc,task       ] GC(17) Using 1 workers of 1 for evacuation
[2020-04-09T05:54:49.163+0000][gc,phases     ] GC(17)   Pre Evacuate Collection Set: 0.2ms
[2020-04-09T05:54:49.163+0000][gc,phases     ] GC(17)   Evacuate Collection Set: 12.9ms
[2020-04-09T05:54:49.163+0000][gc,phases     ] GC(17)   Post Evacuate Collection Set: 0.4ms
[2020-04-09T05:54:49.163+0000][gc,phases     ] GC(17)   Other: 0.3ms
[2020-04-09T05:54:49.163+0000][gc,heap       ] GC(17) Eden regions: 48->0(48)
[2020-04-09T05:54:49.163+0000][gc,heap       ] GC(17) Survivor regions: 3->3(7)
[2020-04-09T05:54:49.163+0000][gc,heap       ] GC(17) Old regions: 13->13
[2020-04-09T05:54:49.163+0000][gc,heap       ] GC(17) Humongous regions: 129->129
[2020-04-09T05:54:49.163+0000][gc,metaspace  ] GC(17) Metaspace: 47968K->47968K(1093632K)
[2020-04-09T05:54:49.163+0000][gc            ] GC(17) Pause Young (Normal) (G1 Evacuation Pause) 192M->144M(1024M) 13.945ms
[2020-04-09T05:54:49.163+0000][gc,cpu        ] GC(17) User=0.02s Sys=0.00s Real=0.01s
[2020-04-09T06:00:38.703+0000][gc,heap,exit  ] Heap
[2020-04-09T06:00:38.703+0000][gc,heap,exit  ]  garbage-first heap   total 1048576K, used 168955K [0x00000000c0000000, 0x0000000100000000)
[2020-04-09T06:00:38.703+0000][gc,heap,exit  ]   region size 1024K, 25 young (25600K), 3 survivors (3072K)
[2020-04-09T06:00:38.703+0000][gc,heap,exit  ]  Metaspace       used 48674K, capacity 51372K, committed 51580K, reserved 1093632K
[2020-04-09T06:00:38.703+0000][gc,heap,exit  ]   class space    used 6350K, capacity 7603K, committed 7628K, reserved 1048576K
