[2020-04-20T18:01:02.310+0000][gc,heap] Heap region size: 1M
[2020-04-20T18:01:02.322+0000][gc     ] Using G1
[2020-04-20T18:01:02.323+0000][gc,heap,coops] Heap address: 0x00000000c0000000, size: 1024 MB, Compressed Oops mode: 32-bit
[2020-04-20T18:01:04.518+0000][gc,start     ] GC(0) Pause Young (Concurrent Start) (Metadata GC Threshold)
[2020-04-20T18:01:04.518+0000][gc,task      ] GC(0) Using 1 workers of 1 for evacuation
[2020-04-20T18:01:04.551+0000][gc,mmu       ] GC(0) MMU target violated: 21.0ms (20.0ms/21.0ms)
[2020-04-20T18:01:04.551+0000][gc,phases    ] GC(0)   Pre Evacuate Collection Set: 0.1ms
[2020-04-20T18:01:04.551+0000][gc,phases    ] GC(0)   Evacuate Collection Set: 32.6ms
[2020-04-20T18:01:04.551+0000][gc,phases    ] GC(0)   Post Evacuate Collection Set: 0.5ms
[2020-04-20T18:01:04.552+0000][gc,phases    ] GC(0)   Other: 0.5ms
[2020-04-20T18:01:04.552+0000][gc,heap      ] GC(0) Eden regions: 39->0(44)
[2020-04-20T18:01:04.552+0000][gc,heap      ] GC(0) Survivor regions: 0->7(7)
[2020-04-20T18:01:04.552+0000][gc,heap      ] GC(0) Old regions: 0->0
[2020-04-20T18:01:04.552+0000][gc,heap      ] GC(0) Humongous regions: 0->0
[2020-04-20T18:01:04.552+0000][gc,metaspace ] GC(0) Metaspace: 20764K->20764K(1069056K)
[2020-04-20T18:01:04.552+0000][gc           ] GC(0) Pause Young (Concurrent Start) (Metadata GC Threshold) 39M->6M(1024M) 33.694ms
[2020-04-20T18:01:04.552+0000][gc,cpu       ] GC(0) User=0.02s Sys=0.01s Real=0.03s
[2020-04-20T18:01:04.552+0000][gc           ] GC(1) Concurrent Cycle
[2020-04-20T18:01:04.552+0000][gc,marking   ] GC(1) Concurrent Clear Claimed Marks
[2020-04-20T18:01:04.552+0000][gc,marking   ] GC(1) Concurrent Clear Claimed Marks 0.032ms
[2020-04-20T18:01:04.552+0000][gc,marking   ] GC(1) Concurrent Scan Root Regions
[2020-04-20T18:01:04.556+0000][gc,marking   ] GC(1) Concurrent Scan Root Regions 4.075ms
[2020-04-20T18:01:04.556+0000][gc,marking   ] GC(1) Concurrent Mark (2.249s)
[2020-04-20T18:01:04.556+0000][gc,marking   ] GC(1) Concurrent Mark From Roots
[2020-04-20T18:01:04.556+0000][gc,task      ] GC(1) Using 1 workers of 1 for marking
[2020-04-20T18:01:04.565+0000][gc,marking   ] GC(1) Concurrent Mark From Roots 9.070ms
[2020-04-20T18:01:04.565+0000][gc,marking   ] GC(1) Concurrent Preclean
[2020-04-20T18:01:04.565+0000][gc,marking   ] GC(1) Concurrent Preclean 0.023ms
[2020-04-20T18:01:04.565+0000][gc,marking   ] GC(1) Concurrent Mark (2.249s, 2.258s) 9.140ms
[2020-04-20T18:01:04.565+0000][gc,start     ] GC(1) Pause Remark
[2020-04-20T18:01:04.570+0000][gc,stringtable] GC(1) Cleaned string and symbol table, strings: 7440 processed, 0 removed, symbols: 63724 processed, 41 removed
[2020-04-20T18:01:04.570+0000][gc            ] GC(1) Pause Remark 7M->7M(1024M) 4.855ms
[2020-04-20T18:01:04.570+0000][gc,cpu        ] GC(1) User=0.00s Sys=0.01s Real=0.00s
[2020-04-20T18:01:04.572+0000][gc,marking    ] GC(1) Concurrent Rebuild Remembered Sets
[2020-04-20T18:01:04.573+0000][gc,marking    ] GC(1) Concurrent Rebuild Remembered Sets 1.105ms
[2020-04-20T18:01:04.574+0000][gc,start      ] GC(1) Pause Cleanup
[2020-04-20T18:01:04.574+0000][gc            ] GC(1) Pause Cleanup 7M->7M(1024M) 0.168ms
[2020-04-20T18:01:04.574+0000][gc,cpu        ] GC(1) User=0.00s Sys=0.00s Real=0.00s
[2020-04-20T18:01:04.574+0000][gc,marking    ] GC(1) Concurrent Cleanup for Next Mark
[2020-04-20T18:01:04.603+0000][gc,marking    ] GC(1) Concurrent Cleanup for Next Mark 28.748ms
[2020-04-20T18:01:04.603+0000][gc            ] GC(1) Concurrent Cycle 51.558ms
[2020-04-20T18:01:06.355+0000][gc,start      ] GC(2) Pause Young (Normal) (G1 Evacuation Pause)
[2020-04-20T18:01:06.355+0000][gc,task       ] GC(2) Using 1 workers of 1 for evacuation
[2020-04-20T18:01:06.386+0000][gc,mmu        ] GC(2) MMU target violated: 21.0ms (20.0ms/21.0ms)
[2020-04-20T18:01:06.386+0000][gc,phases     ] GC(2)   Pre Evacuate Collection Set: 0.1ms
[2020-04-20T18:01:06.386+0000][gc,phases     ] GC(2)   Evacuate Collection Set: 30.6ms
[2020-04-20T18:01:06.386+0000][gc,phases     ] GC(2)   Post Evacuate Collection Set: 0.6ms
[2020-04-20T18:01:06.386+0000][gc,phases     ] GC(2)   Other: 0.2ms
[2020-04-20T18:01:06.386+0000][gc,heap       ] GC(2) Eden regions: 44->0(49)
[2020-04-20T18:01:06.386+0000][gc,heap       ] GC(2) Survivor regions: 7->2(7)
[2020-04-20T18:01:06.386+0000][gc,heap       ] GC(2) Old regions: 0->7
[2020-04-20T18:01:06.386+0000][gc,heap       ] GC(2) Humongous regions: 0->0
[2020-04-20T18:01:06.386+0000][gc,metaspace  ] GC(2) Metaspace: 29687K->29687K(1075200K)
[2020-04-20T18:01:06.386+0000][gc            ] GC(2) Pause Young (Normal) (G1 Evacuation Pause) 50M->8M(1024M) 31.607ms
[2020-04-20T18:01:06.386+0000][gc,cpu        ] GC(2) User=0.02s Sys=0.02s Real=0.04s
[2020-04-20T18:01:07.439+0000][gc,start      ] GC(3) Pause Young (Concurrent Start) (Metadata GC Threshold)
[2020-04-20T18:01:07.439+0000][gc,task       ] GC(3) Using 1 workers of 1 for evacuation
[2020-04-20T18:01:07.452+0000][gc,phases     ] GC(3)   Pre Evacuate Collection Set: 0.1ms
[2020-04-20T18:01:07.452+0000][gc,phases     ] GC(3)   Evacuate Collection Set: 12.4ms
[2020-04-20T18:01:07.452+0000][gc,phases     ] GC(3)   Post Evacuate Collection Set: 0.4ms
[2020-04-20T18:01:07.452+0000][gc,phases     ] GC(3)   Other: 0.2ms
[2020-04-20T18:01:07.452+0000][gc,heap       ] GC(3) Eden regions: 28->0(47)
[2020-04-20T18:01:07.452+0000][gc,heap       ] GC(3) Survivor regions: 2->4(7)
[2020-04-20T18:01:07.452+0000][gc,heap       ] GC(3) Old regions: 7->7
[2020-04-20T18:01:07.452+0000][gc,heap       ] GC(3) Humongous regions: 129->129
[2020-04-20T18:01:07.452+0000][gc,metaspace  ] GC(3) Metaspace: 34499K->34499K(1081344K)
[2020-04-20T18:01:07.452+0000][gc            ] GC(3) Pause Young (Concurrent Start) (Metadata GC Threshold) 165M->139M(1024M) 13.222ms
[2020-04-20T18:01:07.452+0000][gc,cpu        ] GC(3) User=0.01s Sys=0.00s Real=0.01s
[2020-04-20T18:01:07.452+0000][gc            ] GC(4) Concurrent Cycle
[2020-04-20T18:01:07.452+0000][gc,marking    ] GC(4) Concurrent Clear Claimed Marks
[2020-04-20T18:01:07.453+0000][gc,marking    ] GC(4) Concurrent Clear Claimed Marks 0.092ms
[2020-04-20T18:01:07.453+0000][gc,marking    ] GC(4) Concurrent Scan Root Regions
[2020-04-20T18:01:07.460+0000][gc,marking    ] GC(4) Concurrent Scan Root Regions 7.904ms
[2020-04-20T18:01:07.460+0000][gc,marking    ] GC(4) Concurrent Mark (5.154s)
[2020-04-20T18:01:07.461+0000][gc,marking    ] GC(4) Concurrent Mark From Roots
[2020-04-20T18:01:07.461+0000][gc,task       ] GC(4) Using 1 workers of 1 for marking
[2020-04-20T18:01:07.495+0000][gc,marking    ] GC(4) Concurrent Mark From Roots 34.814ms
[2020-04-20T18:01:07.495+0000][gc,marking    ] GC(4) Concurrent Preclean
[2020-04-20T18:01:07.495+0000][gc,marking    ] GC(4) Concurrent Preclean 0.084ms
[2020-04-20T18:01:07.495+0000][gc,marking    ] GC(4) Concurrent Mark (5.154s, 5.189s) 34.949ms
[2020-04-20T18:01:07.497+0000][gc,start      ] GC(4) Pause Remark
[2020-04-20T18:01:07.505+0000][gc,stringtable] GC(4) Cleaned string and symbol table, strings: 11631 processed, 8 removed, symbols: 95274 processed, 24 removed
[2020-04-20T18:01:07.506+0000][gc            ] GC(4) Pause Remark 141M->141M(1024M) 8.550ms
[2020-04-20T18:01:07.506+0000][gc,cpu        ] GC(4) User=0.01s Sys=0.00s Real=0.01s
[2020-04-20T18:01:07.507+0000][gc,marking    ] GC(4) Concurrent Rebuild Remembered Sets
[2020-04-20T18:01:07.517+0000][gc,marking    ] GC(4) Concurrent Rebuild Remembered Sets 9.238ms
[2020-04-20T18:01:07.517+0000][gc,start      ] GC(4) Pause Cleanup
[2020-04-20T18:01:07.517+0000][gc            ] GC(4) Pause Cleanup 141M->141M(1024M) 0.170ms
[2020-04-20T18:01:07.517+0000][gc,cpu        ] GC(4) User=0.00s Sys=0.00s Real=0.00s
[2020-04-20T18:01:07.517+0000][gc,marking    ] GC(4) Concurrent Cleanup for Next Mark
[2020-04-20T18:01:07.550+0000][gc,marking    ] GC(4) Concurrent Cleanup for Next Mark 33.224ms
[2020-04-20T18:01:07.550+0000][gc            ] GC(4) Concurrent Cycle 97.843ms
[2020-04-20T18:01:09.520+0000][gc,start      ] GC(5) Pause Young (Normal) (G1 Evacuation Pause)
[2020-04-20T18:01:09.520+0000][gc,task       ] GC(5) Using 1 workers of 1 for evacuation
[2020-04-20T18:01:09.581+0000][gc,mmu        ] GC(5) MMU target violated: 21.0ms (20.0ms/21.0ms)
[2020-04-20T18:01:09.581+0000][gc,phases     ] GC(5)   Pre Evacuate Collection Set: 0.1ms
[2020-04-20T18:01:09.581+0000][gc,phases     ] GC(5)   Evacuate Collection Set: 59.5ms
[2020-04-20T18:01:09.581+0000][gc,phases     ] GC(5)   Post Evacuate Collection Set: 0.7ms
[2020-04-20T18:01:09.581+0000][gc,phases     ] GC(5)   Other: 0.3ms
[2020-04-20T18:01:09.581+0000][gc,heap       ] GC(5) Eden regions: 47->0(45)
[2020-04-20T18:01:09.581+0000][gc,heap       ] GC(5) Survivor regions: 4->6(7)
[2020-04-20T18:01:09.581+0000][gc,heap       ] GC(5) Old regions: 7->8
[2020-04-20T18:01:09.581+0000][gc,heap       ] GC(5) Humongous regions: 135->135
[2020-04-20T18:01:09.581+0000][gc,metaspace  ] GC(5) Metaspace: 42907K->42907K(1087488K)
[2020-04-20T18:01:09.581+0000][gc            ] GC(5) Pause Young (Normal) (G1 Evacuation Pause) 192M->148M(1024M) 60.637ms
[2020-04-20T18:01:09.581+0000][gc,cpu        ] GC(5) User=0.06s Sys=0.00s Real=0.06s
[2020-04-20T18:18:07.084+0000][gc,start      ] GC(6) Pause Young (Normal) (G1 Evacuation Pause)
[2020-04-20T18:18:07.084+0000][gc,task       ] GC(6) Using 1 workers of 1 for evacuation
[2020-04-20T18:18:07.119+0000][gc,mmu        ] GC(6) MMU target violated: 21.0ms (20.0ms/21.0ms)
[2020-04-20T18:18:07.119+0000][gc,phases     ] GC(6)   Pre Evacuate Collection Set: 1.7ms
[2020-04-20T18:18:07.119+0000][gc,phases     ] GC(6)   Evacuate Collection Set: 31.7ms
[2020-04-20T18:18:07.119+0000][gc,phases     ] GC(6)   Post Evacuate Collection Set: 1.0ms
[2020-04-20T18:18:07.119+0000][gc,phases     ] GC(6)   Other: 1.2ms
[2020-04-20T18:18:07.119+0000][gc,heap       ] GC(6) Eden regions: 45->0(47)
[2020-04-20T18:18:07.119+0000][gc,heap       ] GC(6) Survivor regions: 6->4(7)
[2020-04-20T18:18:07.119+0000][gc,heap       ] GC(6) Old regions: 8->11
[2020-04-20T18:18:07.119+0000][gc,heap       ] GC(6) Humongous regions: 165->129
[2020-04-20T18:18:07.120+0000][gc,metaspace  ] GC(6) Metaspace: 44068K->44068K(1089536K)
[2020-04-20T18:18:07.120+0000][gc            ] GC(6) Pause Young (Normal) (G1 Evacuation Pause) 223M->142M(1024M) 35.445ms
[2020-04-20T18:18:07.120+0000][gc,cpu        ] GC(6) User=0.04s Sys=0.00s Real=0.03s
[2020-04-20T18:39:07.234+0000][gc,start      ] GC(7) Pause Young (Normal) (G1 Evacuation Pause)
[2020-04-20T18:39:07.234+0000][gc,task       ] GC(7) Using 1 workers of 1 for evacuation
[2020-04-20T18:39:07.250+0000][gc,phases     ] GC(7)   Pre Evacuate Collection Set: 0.3ms
[2020-04-20T18:39:07.250+0000][gc,phases     ] GC(7)   Evacuate Collection Set: 14.5ms
[2020-04-20T18:39:07.250+0000][gc,phases     ] GC(7)   Post Evacuate Collection Set: 0.6ms
[2020-04-20T18:39:07.250+0000][gc,phases     ] GC(7)   Other: 0.3ms
[2020-04-20T18:39:07.250+0000][gc,heap       ] GC(7) Eden regions: 47->0(47)
[2020-04-20T18:39:07.250+0000][gc,heap       ] GC(7) Survivor regions: 4->4(7)
[2020-04-20T18:39:07.250+0000][gc,heap       ] GC(7) Old regions: 11->11
[2020-04-20T18:39:07.250+0000][gc,heap       ] GC(7) Humongous regions: 129->129
[2020-04-20T18:39:07.250+0000][gc,metaspace  ] GC(7) Metaspace: 44188K->44188K(1089536K)
[2020-04-20T18:39:07.250+0000][gc            ] GC(7) Pause Young (Normal) (G1 Evacuation Pause) 189M->142M(1024M) 15.847ms
[2020-04-20T18:39:07.250+0000][gc,cpu        ] GC(7) User=0.01s Sys=0.00s Real=0.02s
[2020-04-20T18:59:34.418+0000][gc,start      ] GC(8) Pause Young (Normal) (G1 Evacuation Pause)
[2020-04-20T18:59:34.418+0000][gc,task       ] GC(8) Using 1 workers of 1 for evacuation
[2020-04-20T18:59:34.441+0000][gc,mmu        ] GC(8) MMU target violated: 21.0ms (20.0ms/21.0ms)
[2020-04-20T18:59:34.441+0000][gc,phases     ] GC(8)   Pre Evacuate Collection Set: 3.6ms
[2020-04-20T18:59:34.441+0000][gc,phases     ] GC(8)   Evacuate Collection Set: 17.9ms
[2020-04-20T18:59:34.441+0000][gc,phases     ] GC(8)   Post Evacuate Collection Set: 0.6ms
[2020-04-20T18:59:34.441+0000][gc,phases     ] GC(8)   Other: 0.6ms
[2020-04-20T18:59:34.441+0000][gc,heap       ] GC(8) Eden regions: 47->0(47)
[2020-04-20T18:59:34.441+0000][gc,heap       ] GC(8) Survivor regions: 4->4(7)
[2020-04-20T18:59:34.441+0000][gc,heap       ] GC(8) Old regions: 11->11
[2020-04-20T18:59:34.441+0000][gc,heap       ] GC(8) Humongous regions: 129->129
[2020-04-20T18:59:34.441+0000][gc,metaspace  ] GC(8) Metaspace: 44686K->44686K(1089536K)
[2020-04-20T18:59:34.441+0000][gc            ] GC(8) Pause Young (Normal) (G1 Evacuation Pause) 189M->142M(1024M) 22.776ms
[2020-04-20T18:59:34.441+0000][gc,cpu        ] GC(8) User=0.02s Sys=0.00s Real=0.02s
[2020-04-20T19:19:38.052+0000][gc,start      ] GC(9) Pause Young (Normal) (G1 Evacuation Pause)
[2020-04-20T19:19:38.052+0000][gc,task       ] GC(9) Using 1 workers of 1 for evacuation
[2020-04-20T19:19:38.077+0000][gc,mmu        ] GC(9) MMU target violated: 21.0ms (20.0ms/21.0ms)
[2020-04-20T19:19:38.077+0000][gc,phases     ] GC(9)   Pre Evacuate Collection Set: 1.7ms
[2020-04-20T19:19:38.077+0000][gc,phases     ] GC(9)   Evacuate Collection Set: 22.2ms
[2020-04-20T19:19:38.077+0000][gc,phases     ] GC(9)   Post Evacuate Collection Set: 0.5ms
[2020-04-20T19:19:38.077+0000][gc,phases     ] GC(9)   Other: 0.4ms
[2020-04-20T19:19:38.077+0000][gc,heap       ] GC(9) Eden regions: 47->0(47)
[2020-04-20T19:19:38.077+0000][gc,heap       ] GC(9) Survivor regions: 4->4(7)
[2020-04-20T19:19:38.077+0000][gc,heap       ] GC(9) Old regions: 11->11
[2020-04-20T19:19:38.077+0000][gc,heap       ] GC(9) Humongous regions: 129->129
[2020-04-20T19:19:38.077+0000][gc,metaspace  ] GC(9) Metaspace: 45469K->45469K(1089536K)
[2020-04-20T19:19:38.077+0000][gc            ] GC(9) Pause Young (Normal) (G1 Evacuation Pause) 189M->142M(1024M) 24.824ms
[2020-04-20T19:19:38.077+0000][gc,cpu        ] GC(9) User=0.03s Sys=0.00s Real=0.03s
[2020-04-20T19:32:16.952+0000][gc,start      ] GC(10) Pause Young (Normal) (G1 Evacuation Pause)
[2020-04-20T19:32:16.952+0000][gc,task       ] GC(10) Using 1 workers of 1 for evacuation
[2020-04-20T19:32:17.028+0000][gc,mmu        ] GC(10) MMU target violated: 21.0ms (20.0ms/21.0ms)
[2020-04-20T19:32:17.029+0000][gc,phases     ] GC(10)   Pre Evacuate Collection Set: 1.5ms
[2020-04-20T19:32:17.029+0000][gc,phases     ] GC(10)   Evacuate Collection Set: 72.6ms
[2020-04-20T19:32:17.029+0000][gc,phases     ] GC(10)   Post Evacuate Collection Set: 1.7ms
[2020-04-20T19:32:17.029+0000][gc,phases     ] GC(10)   Other: 0.6ms
[2020-04-20T19:32:17.029+0000][gc,heap       ] GC(10) Eden regions: 47->0(45)
[2020-04-20T19:32:17.029+0000][gc,heap       ] GC(10) Survivor regions: 4->6(7)
[2020-04-20T19:32:17.029+0000][gc,heap       ] GC(10) Old regions: 11->11
[2020-04-20T19:32:17.029+0000][gc,heap       ] GC(10) Humongous regions: 129->129
[2020-04-20T19:32:17.029+0000][gc,metaspace  ] GC(10) Metaspace: 47686K->47686K(1091584K)
[2020-04-20T19:32:17.029+0000][gc            ] GC(10) Pause Young (Normal) (G1 Evacuation Pause) 189M->144M(1024M) 76.437ms
[2020-04-20T19:32:17.029+0000][gc,cpu        ] GC(10) User=0.04s Sys=0.00s Real=0.08s
[2020-04-20T19:50:01.851+0000][gc,start      ] GC(11) Pause Young (Normal) (G1 Evacuation Pause)
[2020-04-20T19:50:01.851+0000][gc,task       ] GC(11) Using 1 workers of 1 for evacuation
[2020-04-20T19:50:01.878+0000][gc,mmu        ] GC(11) MMU target violated: 21.0ms (20.0ms/21.0ms)
[2020-04-20T19:50:01.879+0000][gc,phases     ] GC(11)   Pre Evacuate Collection Set: 0.5ms
[2020-04-20T19:50:01.879+0000][gc,phases     ] GC(11)   Evacuate Collection Set: 26.1ms
[2020-04-20T19:50:01.879+0000][gc,phases     ] GC(11)   Post Evacuate Collection Set: 0.6ms
[2020-04-20T19:50:01.879+0000][gc,phases     ] GC(11)   Other: 0.4ms
[2020-04-20T19:50:01.879+0000][gc,heap       ] GC(11) Eden regions: 45->0(48)
[2020-04-20T19:50:01.879+0000][gc,heap       ] GC(11) Survivor regions: 6->3(7)
[2020-04-20T19:50:01.879+0000][gc,heap       ] GC(11) Old regions: 11->14
[2020-04-20T19:50:01.879+0000][gc,heap       ] GC(11) Humongous regions: 129->129
[2020-04-20T19:50:01.879+0000][gc,metaspace  ] GC(11) Metaspace: 47755K->47755K(1091584K)
[2020-04-20T19:50:01.879+0000][gc            ] GC(11) Pause Young (Normal) (G1 Evacuation Pause) 189M->144M(1024M) 27.635ms
[2020-04-20T19:50:01.879+0000][gc,cpu        ] GC(11) User=0.03s Sys=0.00s Real=0.03s
[2020-04-20T20:09:09.418+0000][gc,start      ] GC(12) Pause Young (Normal) (G1 Evacuation Pause)
[2020-04-20T20:09:09.418+0000][gc,task       ] GC(12) Using 1 workers of 1 for evacuation
[2020-04-20T20:09:09.432+0000][gc,phases     ] GC(12)   Pre Evacuate Collection Set: 0.6ms
[2020-04-20T20:09:09.432+0000][gc,phases     ] GC(12)   Evacuate Collection Set: 12.8ms
[2020-04-20T20:09:09.432+0000][gc,phases     ] GC(12)   Post Evacuate Collection Set: 0.5ms
[2020-04-20T20:09:09.432+0000][gc,phases     ] GC(12)   Other: 0.4ms
[2020-04-20T20:09:09.432+0000][gc,heap       ] GC(12) Eden regions: 48->0(48)
[2020-04-20T20:09:09.432+0000][gc,heap       ] GC(12) Survivor regions: 3->3(7)
[2020-04-20T20:09:09.432+0000][gc,heap       ] GC(12) Old regions: 14->14
[2020-04-20T20:09:09.432+0000][gc,heap       ] GC(12) Humongous regions: 129->129
[2020-04-20T20:09:09.432+0000][gc,metaspace  ] GC(12) Metaspace: 47870K->47870K(1093632K)
[2020-04-20T20:09:09.432+0000][gc            ] GC(12) Pause Young (Normal) (G1 Evacuation Pause) 192M->144M(1024M) 14.297ms
[2020-04-20T20:09:09.432+0000][gc,cpu        ] GC(12) User=0.01s Sys=0.00s Real=0.01s
[2020-04-20T20:27:39.304+0000][gc,start      ] GC(13) Pause Young (Normal) (G1 Evacuation Pause)
[2020-04-20T20:27:39.304+0000][gc,task       ] GC(13) Using 1 workers of 1 for evacuation
[2020-04-20T20:27:39.333+0000][gc,mmu        ] GC(13) MMU target violated: 21.0ms (20.0ms/21.0ms)
[2020-04-20T20:27:39.333+0000][gc,phases     ] GC(13)   Pre Evacuate Collection Set: 0.4ms
[2020-04-20T20:27:39.333+0000][gc,phases     ] GC(13)   Evacuate Collection Set: 22.6ms
[2020-04-20T20:27:39.333+0000][gc,phases     ] GC(13)   Post Evacuate Collection Set: 4.9ms
[2020-04-20T20:27:39.333+0000][gc,phases     ] GC(13)   Other: 0.4ms
[2020-04-20T20:27:39.333+0000][gc,heap       ] GC(13) Eden regions: 48->0(48)
[2020-04-20T20:27:39.333+0000][gc,heap       ] GC(13) Survivor regions: 3->3(7)
[2020-04-20T20:27:39.333+0000][gc,heap       ] GC(13) Old regions: 14->14
[2020-04-20T20:27:39.333+0000][gc,heap       ] GC(13) Humongous regions: 129->129
[2020-04-20T20:27:39.333+0000][gc,metaspace  ] GC(13) Metaspace: 47996K->47996K(1093632K)
[2020-04-20T20:27:39.333+0000][gc            ] GC(13) Pause Young (Normal) (G1 Evacuation Pause) 192M->145M(1024M) 28.429ms
[2020-04-20T20:27:39.333+0000][gc,cpu        ] GC(13) User=0.03s Sys=0.00s Real=0.02s
[2020-04-20T20:27:43.543+0000][gc,heap,exit  ] Heap
[2020-04-20T20:27:43.543+0000][gc,heap,exit  ]  garbage-first heap   total 1048576K, used 156815K [0x00000000c0000000, 0x0000000100000000)
[2020-04-20T20:27:43.543+0000][gc,heap,exit  ]   region size 1024K, 12 young (12288K), 3 survivors (3072K)
[2020-04-20T20:27:43.543+0000][gc,heap,exit  ]  Metaspace       used 48606K, capacity 51264K, committed 51376K, reserved 1093632K
[2020-04-20T20:27:43.543+0000][gc,heap,exit  ]   class space    used 6399K, capacity 7679K, committed 7680K, reserved 1048576K
