[2020-04-15T03:06:49.440+0000][gc,heap] Heap region size: 1M
[2020-04-15T03:06:49.445+0000][gc     ] Using G1
[2020-04-15T03:06:49.446+0000][gc,heap,coops] Heap address: 0x00000000e0000000, size: 512 MB, Compressed Oops mode: 32-bit
[2020-04-15T03:07:17.307+0000][gc,start     ] GC(0) Pause Young (Normal) (G1 Evacuation Pause)
[2020-04-15T03:07:17.307+0000][gc,task      ] GC(0) Using 1 workers of 1 for evacuation
[2020-04-15T03:07:17.336+0000][gc,mmu       ] GC(0) MMU target violated: 21.0ms (20.0ms/21.0ms)
[2020-04-15T03:07:17.336+0000][gc,phases    ] GC(0)   Pre Evacuate Collection Set: 0.0ms
[2020-04-15T03:07:17.336+0000][gc,phases    ] GC(0)   Evacuate Collection Set: 29.2ms
[2020-04-15T03:07:17.336+0000][gc,phases    ] GC(0)   Post Evacuate Collection Set: 0.4ms
[2020-04-15T03:07:17.337+0000][gc,phases    ] GC(0)   Other: 0.2ms
[2020-04-15T03:07:17.337+0000][gc,heap      ] GC(0) Eden regions: 25->0(21)
[2020-04-15T03:07:17.337+0000][gc,heap      ] GC(0) Survivor regions: 0->4(4)
[2020-04-15T03:07:17.337+0000][gc,heap      ] GC(0) Old regions: 0->2
[2020-04-15T03:07:17.337+0000][gc,heap      ] GC(0) Humongous regions: 0->0
[2020-04-15T03:07:17.337+0000][gc,metaspace ] GC(0) Metaspace: 15495K->15495K(1062912K)
[2020-04-15T03:07:17.337+0000][gc           ] GC(0) Pause Young (Normal) (G1 Evacuation Pause) 25M->5M(512M) 29.957ms
[2020-04-15T03:07:17.337+0000][gc,cpu       ] GC(0) User=0.01s Sys=0.01s Real=0.03s
[2020-04-15T06:02:02.443+0000][gc,start     ] GC(1) Pause Young (Normal) (G1 Evacuation Pause)
[2020-04-15T06:02:02.443+0000][gc,task      ] GC(1) Using 1 workers of 1 for evacuation
[2020-04-15T06:02:02.491+0000][gc,mmu       ] GC(1) MMU target violated: 21.0ms (20.0ms/21.0ms)
[2020-04-15T06:02:02.492+0000][gc,phases    ] GC(1)   Pre Evacuate Collection Set: 5.1ms
[2020-04-15T06:02:02.492+0000][gc,phases    ] GC(1)   Evacuate Collection Set: 42.4ms
[2020-04-15T06:02:02.492+0000][gc,phases    ] GC(1)   Post Evacuate Collection Set: 0.6ms
[2020-04-15T06:02:02.492+0000][gc,phases    ] GC(1)   Other: 0.9ms
[2020-04-15T06:02:02.492+0000][gc,heap      ] GC(1) Eden regions: 21->0(24)
[2020-04-15T06:02:02.492+0000][gc,heap      ] GC(1) Survivor regions: 4->1(4)
[2020-04-15T06:02:02.492+0000][gc,heap      ] GC(1) Old regions: 2->6
[2020-04-15T06:02:02.492+0000][gc,heap      ] GC(1) Humongous regions: 0->0
[2020-04-15T06:02:02.492+0000][gc,metaspace ] GC(1) Metaspace: 16016K->16016K(1064960K)
[2020-04-15T06:02:02.492+0000][gc           ] GC(1) Pause Young (Normal) (G1 Evacuation Pause) 26M->6M(512M) 49.012ms
[2020-04-15T06:02:02.492+0000][gc,cpu       ] GC(1) User=0.04s Sys=0.00s Real=0.05s
[2020-04-15T07:05:04.740+0000][gc,heap,exit ] Heap
[2020-04-15T07:05:04.740+0000][gc,heap,exit ]  garbage-first heap   total 524288K, used 13678K [0x00000000e0000000, 0x0000000100000000)
[2020-04-15T07:05:04.740+0000][gc,heap,exit ]   region size 1024K, 9 young (9216K), 1 survivors (1024K)
[2020-04-15T07:05:04.740+0000][gc,heap,exit ]  Metaspace       used 16027K, capacity 16272K, committed 16640K, reserved 1064960K
[2020-04-15T07:05:04.740+0000][gc,heap,exit ]   class space    used 1577K, capacity 1676K, committed 1792K, reserved 1048576K
