[2020-04-09T02:41:56.075+0000][gc,heap] Heap region size: 1M
[2020-04-09T02:41:56.081+0000][gc     ] Using G1
[2020-04-09T02:41:56.081+0000][gc,heap,coops] Heap address: 0x00000000e0000000, size: 512 MB, Compressed Oops mode: 32-bit
[2020-04-09T02:55:23.010+0000][gc,start     ] GC(0) Pause Young (Normal) (G1 Evacuation Pause)
[2020-04-09T02:55:23.010+0000][gc,task      ] GC(0) Using 1 workers of 1 for evacuation
[2020-04-09T02:55:23.031+0000][gc,mmu       ] GC(0) MMU target violated: 21.0ms (20.0ms/21.0ms)
[2020-04-09T02:55:23.031+0000][gc,phases    ] GC(0)   Pre Evacuate Collection Set: 0.0ms
[2020-04-09T02:55:23.031+0000][gc,phases    ] GC(0)   Evacuate Collection Set: 20.5ms
[2020-04-09T02:55:23.031+0000][gc,phases    ] GC(0)   Post Evacuate Collection Set: 0.4ms
[2020-04-09T02:55:23.031+0000][gc,phases    ] GC(0)   Other: 0.2ms
[2020-04-09T02:55:23.031+0000][gc,heap      ] GC(0) Eden regions: 25->0(21)
[2020-04-09T02:55:23.031+0000][gc,heap      ] GC(0) Survivor regions: 0->4(4)
[2020-04-09T02:55:23.031+0000][gc,heap      ] GC(0) Old regions: 0->2
[2020-04-09T02:55:23.031+0000][gc,heap      ] GC(0) Humongous regions: 0->0
[2020-04-09T02:55:23.031+0000][gc,metaspace ] GC(0) Metaspace: 15371K->15371K(1062912K)
[2020-04-09T02:55:23.031+0000][gc           ] GC(0) Pause Young (Normal) (G1 Evacuation Pause) 25M->5M(512M) 21.161ms
[2020-04-09T02:55:23.031+0000][gc,cpu       ] GC(0) User=0.01s Sys=0.01s Real=0.02s
[2020-04-09T03:02:43.471+0000][gc,heap,exit ] Heap
[2020-04-09T03:02:43.471+0000][gc,heap,exit ]  garbage-first heap   total 524288K, used 11030K [0x00000000e0000000, 0x0000000100000000)
[2020-04-09T03:02:43.471+0000][gc,heap,exit ]   region size 1024K, 10 young (10240K), 4 survivors (4096K)
[2020-04-09T03:02:43.471+0000][gc,heap,exit ]  Metaspace       used 15856K, capacity 16208K, committed 16640K, reserved 1064960K
[2020-04-09T03:02:43.471+0000][gc,heap,exit ]   class space    used 1577K, capacity 1676K, committed 1792K, reserved 1048576K
