[2020-04-09T03:05:03.479+0000][gc,heap] Heap region size: 1M
[2020-04-09T03:05:03.485+0000][gc     ] Using G1
[2020-04-09T03:05:03.485+0000][gc,heap,coops] Heap address: 0x00000000e0000000, size: 512 MB, Compressed Oops mode: 32-bit
[2020-04-09T03:05:32.359+0000][gc,start     ] GC(0) Pause Young (Normal) (G1 Evacuation Pause)
[2020-04-09T03:05:32.359+0000][gc,task      ] GC(0) Using 1 workers of 1 for evacuation
[2020-04-09T03:05:32.391+0000][gc,mmu       ] GC(0) MMU target violated: 21.0ms (20.0ms/21.0ms)
[2020-04-09T03:05:32.391+0000][gc,phases    ] GC(0)   Pre Evacuate Collection Set: 0.1ms
[2020-04-09T03:05:32.391+0000][gc,phases    ] GC(0)   Evacuate Collection Set: 31.5ms
[2020-04-09T03:05:32.391+0000][gc,phases    ] GC(0)   Post Evacuate Collection Set: 0.4ms
[2020-04-09T03:05:32.391+0000][gc,phases    ] GC(0)   Other: 0.2ms
[2020-04-09T03:05:32.391+0000][gc,heap      ] GC(0) Eden regions: 25->0(21)
[2020-04-09T03:05:32.391+0000][gc,heap      ] GC(0) Survivor regions: 0->4(4)
[2020-04-09T03:05:32.391+0000][gc,heap      ] GC(0) Old regions: 0->2
[2020-04-09T03:05:32.391+0000][gc,heap      ] GC(0) Humongous regions: 0->0
[2020-04-09T03:05:32.391+0000][gc,metaspace ] GC(0) Metaspace: 15491K->15491K(1062912K)
[2020-04-09T03:05:32.391+0000][gc           ] GC(0) Pause Young (Normal) (G1 Evacuation Pause) 25M->5M(512M) 32.193ms
[2020-04-09T03:05:32.391+0000][gc,cpu       ] GC(0) User=0.01s Sys=0.00s Real=0.03s
[2020-04-09T06:00:40.926+0000][gc,start     ] GC(1) Pause Young (Normal) (G1 Evacuation Pause)
[2020-04-09T06:00:40.926+0000][gc,task      ] GC(1) Using 1 workers of 1 for evacuation
[2020-04-09T06:00:40.938+0000][gc,phases    ] GC(1)   Pre Evacuate Collection Set: 0.1ms
[2020-04-09T06:00:40.938+0000][gc,phases    ] GC(1)   Evacuate Collection Set: 11.6ms
[2020-04-09T06:00:40.938+0000][gc,phases    ] GC(1)   Post Evacuate Collection Set: 0.2ms
[2020-04-09T06:00:40.938+0000][gc,phases    ] GC(1)   Other: 0.2ms
[2020-04-09T06:00:40.938+0000][gc,heap      ] GC(1) Eden regions: 21->0(24)
[2020-04-09T06:00:40.938+0000][gc,heap      ] GC(1) Survivor regions: 4->1(4)
[2020-04-09T06:00:40.938+0000][gc,heap      ] GC(1) Old regions: 2->6
[2020-04-09T06:00:40.938+0000][gc,heap      ] GC(1) Humongous regions: 0->0
[2020-04-09T06:00:40.938+0000][gc,metaspace ] GC(1) Metaspace: 16015K->16015K(1064960K)
[2020-04-09T06:00:40.938+0000][gc           ] GC(1) Pause Young (Normal) (G1 Evacuation Pause) 26M->6M(512M) 12.160ms
[2020-04-09T06:00:40.938+0000][gc,cpu       ] GC(1) User=0.01s Sys=0.00s Real=0.01s
[2020-04-09T06:00:40.939+0000][gc,heap,exit ] Heap
[2020-04-09T06:00:40.939+0000][gc,heap,exit ]  garbage-first heap   total 524288K, used 6503K [0x00000000e0000000, 0x0000000100000000)
[2020-04-09T06:00:40.939+0000][gc,heap,exit ]   region size 1024K, 2 young (2048K), 1 survivors (1024K)
[2020-04-09T06:00:40.939+0000][gc,heap,exit ]  Metaspace       used 16025K, capacity 16336K, committed 16640K, reserved 1064960K
[2020-04-09T06:00:40.939+0000][gc,heap,exit ]   class space    used 1577K, capacity 1676K, committed 1792K, reserved 1048576K
