[2020-04-20T18:00:47.458+0000][gc,heap] Heap region size: 1M
[2020-04-20T18:00:47.463+0000][gc     ] Using G1
[2020-04-20T18:00:47.463+0000][gc,heap,coops] Heap address: 0x00000000e0000000, size: 512 MB, Compressed Oops mode: 32-bit
[2020-04-20T18:00:56.829+0000][gc,start     ] GC(0) Pause Young (Normal) (G1 Evacuation Pause)
[2020-04-20T18:00:56.829+0000][gc,task      ] GC(0) Using 1 workers of 1 for evacuation
[2020-04-20T18:00:56.850+0000][gc,mmu       ] GC(0) MMU target violated: 21.0ms (20.0ms/21.0ms)
[2020-04-20T18:00:56.850+0000][gc,phases    ] GC(0)   Pre Evacuate Collection Set: 0.0ms
[2020-04-20T18:00:56.850+0000][gc,phases    ] GC(0)   Evacuate Collection Set: 21.0ms
[2020-04-20T18:00:56.850+0000][gc,phases    ] GC(0)   Post Evacuate Collection Set: 0.4ms
[2020-04-20T18:00:56.850+0000][gc,phases    ] GC(0)   Other: 0.2ms
[2020-04-20T18:00:56.850+0000][gc,heap      ] GC(0) Eden regions: 25->0(21)
[2020-04-20T18:00:56.850+0000][gc,heap      ] GC(0) Survivor regions: 0->4(4)
[2020-04-20T18:00:56.850+0000][gc,heap      ] GC(0) Old regions: 0->2
[2020-04-20T18:00:56.850+0000][gc,heap      ] GC(0) Humongous regions: 0->0
[2020-04-20T18:00:56.851+0000][gc,metaspace ] GC(0) Metaspace: 15451K->15451K(1062912K)
[2020-04-20T18:00:56.851+0000][gc           ] GC(0) Pause Young (Normal) (G1 Evacuation Pause) 25M->5M(512M) 21.764ms
[2020-04-20T18:00:56.851+0000][gc,cpu       ] GC(0) User=0.01s Sys=0.00s Real=0.02s
[2020-04-21T18:51:57.829+0000][gc,start     ] GC(1) Pause Young (Normal) (G1 Evacuation Pause)
[2020-04-21T18:51:57.829+0000][gc,task      ] GC(1) Using 1 workers of 1 for evacuation
[2020-04-21T18:51:57.872+0000][gc,mmu       ] GC(1) MMU target violated: 21.0ms (20.0ms/21.0ms)
[2020-04-21T18:51:57.872+0000][gc,phases    ] GC(1)   Pre Evacuate Collection Set: 2.9ms
[2020-04-21T18:51:57.872+0000][gc,phases    ] GC(1)   Evacuate Collection Set: 38.4ms
[2020-04-21T18:51:57.872+0000][gc,phases    ] GC(1)   Post Evacuate Collection Set: 0.7ms
[2020-04-21T18:51:57.872+0000][gc,phases    ] GC(1)   Other: 1.5ms
[2020-04-21T18:51:57.872+0000][gc,heap      ] GC(1) Eden regions: 21->0(24)
[2020-04-21T18:51:57.872+0000][gc,heap      ] GC(1) Survivor regions: 4->1(4)
[2020-04-21T18:51:57.872+0000][gc,heap      ] GC(1) Old regions: 2->6
[2020-04-21T18:51:57.872+0000][gc,heap      ] GC(1) Humongous regions: 0->0
[2020-04-21T18:51:57.872+0000][gc,metaspace ] GC(1) Metaspace: 16065K->16065K(1064960K)
[2020-04-21T18:51:57.872+0000][gc           ] GC(1) Pause Young (Normal) (G1 Evacuation Pause) 26M->6M(512M) 43.315ms
[2020-04-21T18:51:57.872+0000][gc,cpu       ] GC(1) User=0.04s Sys=0.00s Real=0.04s
[2020-04-22T00:55:59.848+0000][gc,start     ] GC(2) Pause Young (Normal) (G1 Evacuation Pause)
[2020-04-22T00:55:59.848+0000][gc,task      ] GC(2) Using 1 workers of 1 for evacuation
[2020-04-22T00:55:59.856+0000][gc,phases    ] GC(2)   Pre Evacuate Collection Set: 0.6ms
[2020-04-22T00:55:59.856+0000][gc,phases    ] GC(2)   Evacuate Collection Set: 6.7ms
[2020-04-22T00:55:59.856+0000][gc,phases    ] GC(2)   Post Evacuate Collection Set: 0.4ms
[2020-04-22T00:55:59.856+0000][gc,phases    ] GC(2)   Other: 0.4ms
[2020-04-22T00:55:59.856+0000][gc,heap      ] GC(2) Eden regions: 24->0(24)
[2020-04-22T00:55:59.856+0000][gc,heap      ] GC(2) Survivor regions: 1->1(4)
[2020-04-22T00:55:59.856+0000][gc,heap      ] GC(2) Old regions: 6->6
[2020-04-22T00:55:59.856+0000][gc,heap      ] GC(2) Humongous regions: 0->0
[2020-04-22T00:55:59.856+0000][gc,metaspace ] GC(2) Metaspace: 16082K->16082K(1064960K)
[2020-04-22T00:55:59.856+0000][gc           ] GC(2) Pause Young (Normal) (G1 Evacuation Pause) 30M->5M(512M) 8.108ms
[2020-04-22T00:55:59.856+0000][gc,cpu       ] GC(2) User=0.01s Sys=0.00s Real=0.00s
[2020-04-22T04:53:22.500+0000][gc,start     ] GC(3) Pause Young (Normal) (G1 Evacuation Pause)
[2020-04-22T04:53:22.500+0000][gc,task      ] GC(3) Using 1 workers of 1 for evacuation
[2020-04-22T04:53:22.510+0000][gc,phases    ] GC(3)   Pre Evacuate Collection Set: 2.9ms
[2020-04-22T04:53:22.510+0000][gc,phases    ] GC(3)   Evacuate Collection Set: 5.7ms
[2020-04-22T04:53:22.510+0000][gc,phases    ] GC(3)   Post Evacuate Collection Set: 0.2ms
[2020-04-22T04:53:22.510+0000][gc,phases    ] GC(3)   Other: 0.7ms
[2020-04-22T04:53:22.510+0000][gc,heap      ] GC(3) Eden regions: 24->0(24)
[2020-04-22T04:53:22.510+0000][gc,heap      ] GC(3) Survivor regions: 1->1(4)
[2020-04-22T04:53:22.510+0000][gc,heap      ] GC(3) Old regions: 6->6
[2020-04-22T04:53:22.510+0000][gc,heap      ] GC(3) Humongous regions: 0->0
[2020-04-22T04:53:22.510+0000][gc,metaspace ] GC(3) Metaspace: 16086K->16086K(1064960K)
[2020-04-22T04:53:22.510+0000][gc           ] GC(3) Pause Young (Normal) (G1 Evacuation Pause) 29M->5M(512M) 9.618ms
[2020-04-22T04:53:22.510+0000][gc,cpu       ] GC(3) User=0.01s Sys=0.00s Real=0.01s
[2020-04-22T10:16:30.582+0000][gc,start     ] GC(4) Pause Young (Normal) (G1 Evacuation Pause)
[2020-04-22T10:16:30.582+0000][gc,task      ] GC(4) Using 1 workers of 1 for evacuation
[2020-04-22T10:16:30.596+0000][gc,phases    ] GC(4)   Pre Evacuate Collection Set: 3.9ms
[2020-04-22T10:16:30.596+0000][gc,phases    ] GC(4)   Evacuate Collection Set: 8.6ms
[2020-04-22T10:16:30.596+0000][gc,phases    ] GC(4)   Post Evacuate Collection Set: 0.5ms
[2020-04-22T10:16:30.596+0000][gc,phases    ] GC(4)   Other: 1.2ms
[2020-04-22T10:16:30.596+0000][gc,heap      ] GC(4) Eden regions: 24->0(24)
[2020-04-22T10:16:30.596+0000][gc,heap      ] GC(4) Survivor regions: 1->1(4)
[2020-04-22T10:16:30.596+0000][gc,heap      ] GC(4) Old regions: 6->6
[2020-04-22T10:16:30.596+0000][gc,heap      ] GC(4) Humongous regions: 0->0
[2020-04-22T10:16:30.596+0000][gc,metaspace ] GC(4) Metaspace: 16121K->16121K(1064960K)
[2020-04-22T10:16:30.596+0000][gc           ] GC(4) Pause Young (Normal) (G1 Evacuation Pause) 29M->5M(512M) 14.217ms
[2020-04-22T10:16:30.596+0000][gc,cpu       ] GC(4) User=0.01s Sys=0.00s Real=0.01s
[2020-04-22T13:49:53.921+0000][gc,heap,exit ] Heap
[2020-04-22T13:49:53.921+0000][gc,heap,exit ]  garbage-first heap   total 524288K, used 19348K [0x00000000e0000000, 0x0000000100000000)
[2020-04-22T13:49:53.921+0000][gc,heap,exit ]   region size 1024K, 15 young (15360K), 1 survivors (1024K)
[2020-04-22T13:49:53.921+0000][gc,heap,exit ]  Metaspace       used 16133K, capacity 16404K, committed 16896K, reserved 1064960K
[2020-04-22T13:49:53.921+0000][gc,heap,exit ]   class space    used 1579K, capacity 1676K, committed 1792K, reserved 1048576K
